Archive member included to satisfy reference by file (symbol)

.build/obj_squiggle_rev1_andrew-complicated/serial.a(serial.o)
                              .build/obj_squiggle_rev1_andrew-complicated/quantum/split_common/transport.o (soft_serial_initiator_init)
/usr/local/Cellar/avr-gcc@8/8.4.0/lib/avr-gcc/8/gcc/avr/8.4.0/avr5/libgcc.a(_udivmodqi4.o)
                              .build/obj_squiggle_rev1_andrew-complicated/lufa.o (__udivmodqi4)
/usr/local/Cellar/avr-gcc@8/8.4.0/lib/avr-gcc/8/gcc/avr/8.4.0/avr5/libgcc.a(_divmodhi4.o)
                              .build/obj_squiggle_rev1_andrew-complicated/common/mousekey.o (__divmodhi4)
/usr/local/Cellar/avr-gcc@8/8.4.0/lib/avr-gcc/8/gcc/avr/8.4.0/avr5/libgcc.a(_exit.o)
                              /usr/local/Cellar/avr-gcc@8/8.4.0/lib/avr-gcc/8/gcc/avr/8.4.0/../../../../../../avr/lib/avr5/crtatmega32u4.o (exit)
/usr/local/Cellar/avr-gcc@8/8.4.0/lib/avr-gcc/8/gcc/avr/8.4.0/avr5/libgcc.a(_tablejump2.o)
                              .build/obj_squiggle_rev1_andrew-complicated/common/action.o (__tablejump2__)
/usr/local/Cellar/avr-gcc@8/8.4.0/lib/avr-gcc/8/gcc/avr/8.4.0/avr5/libgcc.a(_copy_data.o)
                              .build/obj_squiggle_rev1_andrew-complicated/keyboards/squiggle/keymaps/andrew-complicated/keymap.o (__do_copy_data)
/usr/local/Cellar/avr-gcc@8/8.4.0/lib/avr-gcc/8/gcc/avr/8.4.0/avr5/libgcc.a(_clear_bss.o)
                              .build/obj_squiggle_rev1_andrew-complicated/quantum/matrix_common.o (__do_clear_bss)
/usr/local/Cellar/avr-gcc@8/8.4.0/lib/avr-gcc/8/gcc/avr/8.4.0/avr5/libgcc.a(_udivmodhi4.o)
                              /usr/local/Cellar/avr-gcc@8/8.4.0/lib/avr-gcc/8/gcc/avr/8.4.0/avr5/libgcc.a(_divmodhi4.o) (__udivmodhi4)
/usr/local/Cellar/avr-gcc@8/8.4.0/lib/avr-gcc/8/gcc/avr/8.4.0/../../../../../../avr/lib/avr5/libatmega32u4.a(eerd_byte.o)
                              .build/obj_squiggle_rev1_andrew-complicated/common/eeconfig.o (eeprom_read_byte)
/usr/local/Cellar/avr-gcc@8/8.4.0/lib/avr-gcc/8/gcc/avr/8.4.0/../../../../../../avr/lib/avr5/libatmega32u4.a(eerd_dword.o)
                              .build/obj_squiggle_rev1_andrew-complicated/common/eeconfig.o (eeprom_read_dword)
/usr/local/Cellar/avr-gcc@8/8.4.0/lib/avr-gcc/8/gcc/avr/8.4.0/../../../../../../avr/lib/avr5/libatmega32u4.a(eerd_word.o)
                              .build/obj_squiggle_rev1_andrew-complicated/common/eeconfig.o (eeprom_read_word)
/usr/local/Cellar/avr-gcc@8/8.4.0/lib/avr-gcc/8/gcc/avr/8.4.0/../../../../../../avr/lib/avr5/libatmega32u4.a(eeupd_byte.o)
                              .build/obj_squiggle_rev1_andrew-complicated/common/eeconfig.o (eeprom_update_byte)
/usr/local/Cellar/avr-gcc@8/8.4.0/lib/avr-gcc/8/gcc/avr/8.4.0/../../../../../../avr/lib/avr5/libatmega32u4.a(eeupd_dword.o)
                              .build/obj_squiggle_rev1_andrew-complicated/common/eeconfig.o (eeprom_update_dword)
/usr/local/Cellar/avr-gcc@8/8.4.0/lib/avr-gcc/8/gcc/avr/8.4.0/../../../../../../avr/lib/avr5/libatmega32u4.a(eeupd_word.o)
                              .build/obj_squiggle_rev1_andrew-complicated/common/eeconfig.o (eeprom_update_word)
/usr/local/Cellar/avr-gcc@8/8.4.0/lib/avr-gcc/8/gcc/avr/8.4.0/../../../../../../avr/lib/avr5/libatmega32u4.a(eerd_block.o)
                              /usr/local/Cellar/avr-gcc@8/8.4.0/lib/avr-gcc/8/gcc/avr/8.4.0/../../../../../../avr/lib/avr5/libatmega32u4.a(eerd_dword.o) (eeprom_read_blraw)

Allocating common symbols
Common symbol       size              file

USB_IsInitialized   0x1               .build/obj_squiggle_rev1_andrew-complicated/lib/lufa/LUFA/Drivers/USB/Core/USBTask.o
keymap_config       0x2               .build/obj_squiggle_rev1_andrew-complicated/common/magic.o
thatHand            0x1               .build/obj_squiggle_rev1_andrew-complicated/quantum/split_common/matrix.o
USB_DeviceState     0x1               .build/obj_squiggle_rev1_andrew-complicated/lib/lufa/LUFA/Drivers/USB/Core/USBTask.o
USB_Device_ConfigurationNumber
                    0x1               .build/obj_squiggle_rev1_andrew-complicated/lib/lufa/LUFA/Drivers/USB/Core/DeviceStandardReq.o
raw_matrix          0x8               .build/obj_squiggle_rev1_andrew-complicated/quantum/matrix_common.o
USB_Device_CurrentlySelfPowered
                    0x1               .build/obj_squiggle_rev1_andrew-complicated/lib/lufa/LUFA/Drivers/USB/Core/DeviceStandardReq.o
matrix              0x8               .build/obj_squiggle_rev1_andrew-complicated/quantum/matrix_common.o
USB_ControlRequest  0x8               .build/obj_squiggle_rev1_andrew-complicated/lib/lufa/LUFA/Drivers/USB/Core/USBTask.o
tp_buttons          0x2               .build/obj_squiggle_rev1_andrew-complicated/common/action.o
USB_Device_RemoteWakeupEnabled
                    0x1               .build/obj_squiggle_rev1_andrew-complicated/lib/lufa/LUFA/Drivers/USB/Core/DeviceStandardReq.o
[...]
Memory Configuration

Name             Origin             Length             Attributes
text             0x0000000000000000 0x0000000000020000 xr
data             0x0000000000800060 0x000000000000ffa0 rw !x
eeprom           0x0000000000810000 0x0000000000010000 rw !x
fuse             0x0000000000820000 0x0000000000000400 rw !x
lock             0x0000000000830000 0x0000000000000400 rw !x
signature        0x0000000000840000 0x0000000000000400 rw !x
user_signatures  0x0000000000850000 0x0000000000000400 rw !x
*default*        0x0000000000000000 0xffffffffffffffff

Linker script and memory map

Address of section .data set to 0x800100
LOAD /usr/local/Cellar/avr-gcc@8/8.4.0/lib/avr-gcc/8/gcc/avr/8.4.0/../../../../../../avr/lib/avr5/crtatmega32u4.o
LOAD .build/obj_squiggle_rev1_andrew-complicated/keyboards/squiggle/squiggle.o
LOAD .build/obj_squiggle_rev1_andrew-complicated/keyboards/squiggle/rev1/rev1.o
LOAD .build/obj_squiggle_rev1_andrew-complicated/keyboards/squiggle/keymaps/andrew-complicated/keymap.o
LOAD .build/obj_squiggle_rev1_andrew-complicated/quantum/quantum.o
LOAD .build/obj_squiggle_rev1_andrew-complicated/quantum/keymap_common.o
LOAD .build/obj_squiggle_rev1_andrew-complicated/quantum/keycode_config.o
LOAD .build/obj_squiggle_rev1_andrew-complicated/quantum/matrix_common.o
LOAD .build/obj_squiggle_rev1_andrew-complicated/quantum/split_common/matrix.o
LOAD .build/obj_squiggle_rev1_andrew-complicated/quantum/debounce/sym_defer_g.o
LOAD .build/obj_squiggle_rev1_andrew-complicated/quantum/split_common/split_util.o
LOAD .build/obj_squiggle_rev1_andrew-complicated/quantum/split_common/transport.o
LOAD .build/obj_squiggle_rev1_andrew-complicated/quantum/process_keycode/process_space_cadet.o
LOAD .build/obj_squiggle_rev1_andrew-complicated/quantum/process_keycode/process_magic.o
LOAD .build/obj_squiggle_rev1_andrew-complicated/quantum/process_keycode/process_grave_esc.o
LOAD .build/obj_squiggle_rev1_andrew-complicated/quantum/process_keycode/process_combo.o
LOAD .build/obj_squiggle_rev1_andrew-complicated/quantum/process_keycode/process_tap_dance.o
LOAD .build/obj_squiggle_rev1_andrew-complicated/i2c_master.a
LOAD .build/obj_squiggle_rev1_andrew-complicated/i2c_slave.a
LOAD .build/obj_squiggle_rev1_andrew-complicated/serial.a
LOAD .build/obj_squiggle_rev1_andrew-complicated/common/host.o
LOAD .build/obj_squiggle_rev1_andrew-complicated/common/keyboard.o
LOAD .build/obj_squiggle_rev1_andrew-complicated/common/action.o
LOAD .build/obj_squiggle_rev1_andrew-complicated/common/action_tapping.o
LOAD .build/obj_squiggle_rev1_andrew-complicated/common/action_macro.o
LOAD .build/obj_squiggle_rev1_andrew-complicated/common/action_layer.o
LOAD .build/obj_squiggle_rev1_andrew-complicated/common/action_util.o
LOAD .build/obj_squiggle_rev1_andrew-complicated/common/print.o
LOAD .build/obj_squiggle_rev1_andrew-complicated/common/debug.o
LOAD .build/obj_squiggle_rev1_andrew-complicated/common/sendchar_null.o
LOAD .build/obj_squiggle_rev1_andrew-complicated/common/util.o
LOAD .build/obj_squiggle_rev1_andrew-complicated/common/eeconfig.o
LOAD .build/obj_squiggle_rev1_andrew-complicated/common/report.o
LOAD .build/obj_squiggle_rev1_andrew-complicated/common/avr/suspend.o
LOAD .build/obj_squiggle_rev1_andrew-complicated/common/avr/timer.o
LOAD .build/obj_squiggle_rev1_andrew-complicated/common/avr/bootloader.o
LOAD .build/obj_squiggle_rev1_andrew-complicated/common/avr/xprintf.o
LOAD .build/obj_squiggle_rev1_andrew-complicated/common/magic.o
LOAD .build/obj_squiggle_rev1_andrew-complicated/common/mousekey.o
LOAD .build/obj_squiggle_rev1_andrew-complicated/lufa.o
LOAD .build/obj_squiggle_rev1_andrew-complicated/usb_descriptor.o
LOAD .build/obj_squiggle_rev1_andrew-complicated/lib/lufa/LUFA/Drivers/USB/Class/Common/HIDParser.o
LOAD .build/obj_squiggle_rev1_andrew-complicated/lib/lufa/LUFA/Drivers/USB/Core/AVR8/Device_AVR8.o
LOAD .build/obj_squiggle_rev1_andrew-complicated/lib/lufa/LUFA/Drivers/USB/Core/AVR8/EndpointStream_AVR8.o
LOAD .build/obj_squiggle_rev1_andrew-complicated/lib/lufa/LUFA/Drivers/USB/Core/AVR8/Endpoint_AVR8.o
LOAD .build/obj_squiggle_rev1_andrew-complicated/lib/lufa/LUFA/Drivers/USB/Core/AVR8/Host_AVR8.o
LOAD .build/obj_squiggle_rev1_andrew-complicated/lib/lufa/LUFA/Drivers/USB/Core/AVR8/PipeStream_AVR8.o
LOAD .build/obj_squiggle_rev1_andrew-complicated/lib/lufa/LUFA/Drivers/USB/Core/AVR8/Pipe_AVR8.o
LOAD .build/obj_squiggle_rev1_andrew-complicated/lib/lufa/LUFA/Drivers/USB/Core/AVR8/USBController_AVR8.o
LOAD .build/obj_squiggle_rev1_andrew-complicated/lib/lufa/LUFA/Drivers/USB/Core/AVR8/USBInterrupt_AVR8.o
LOAD .build/obj_squiggle_rev1_andrew-complicated/lib/lufa/LUFA/Drivers/USB/Core/ConfigDescriptors.o
LOAD .build/obj_squiggle_rev1_andrew-complicated/lib/lufa/LUFA/Drivers/USB/Core/DeviceStandardReq.o
LOAD .build/obj_squiggle_rev1_andrew-complicated/lib/lufa/LUFA/Drivers/USB/Core/Events.o
LOAD .build/obj_squiggle_rev1_andrew-complicated/lib/lufa/LUFA/Drivers/USB/Core/HostStandardReq.o
LOAD .build/obj_squiggle_rev1_andrew-complicated/lib/lufa/LUFA/Drivers/USB/Core/USBTask.o
LOAD /usr/local/Cellar/avr-gcc@8/8.4.0/lib/avr-gcc/8/gcc/avr/8.4.0/../../../../../../avr/lib/avr5/libm.a
START GROUP
LOAD /usr/local/Cellar/avr-gcc@8/8.4.0/lib/avr-gcc/8/gcc/avr/8.4.0/avr5/libgcc.a
LOAD /usr/local/Cellar/avr-gcc@8/8.4.0/lib/avr-gcc/8/gcc/avr/8.4.0/../../../../../../avr/lib/avr5/libm.a
LOAD /usr/local/Cellar/avr-gcc@8/8.4.0/lib/avr-gcc/8/gcc/avr/8.4.0/../../../../../../avr/lib/avr5/libc.a
LOAD /usr/local/Cellar/avr-gcc@8/8.4.0/lib/avr-gcc/8/gcc/avr/8.4.0/../../../../../../avr/lib/avr5/libatmega32u4.a
END GROUP
                0x0000000000020000                __TEXT_REGION_LENGTH__ = DEFINED (__TEXT_REGION_LENGTH__)?__TEXT_REGION_LENGTH__:0x20000
                0x000000000000ffa0                __DATA_REGION_LENGTH__ = DEFINED (__DATA_REGION_LENGTH__)?__DATA_REGION_LENGTH__:0xffa0
                0x0000000000010000                __EEPROM_REGION_LENGTH__ = DEFINED (__EEPROM_REGION_LENGTH__)?__EEPROM_REGION_LENGTH__:0x10000
                0x0000000000000400                __FUSE_REGION_LENGTH__ = DEFINED (__FUSE_REGION_LENGTH__)?__FUSE_REGION_LENGTH__:0x400
                0x0000000000000400                __LOCK_REGION_LENGTH__ = DEFINED (__LOCK_REGION_LENGTH__)?__LOCK_REGION_LENGTH__:0x400
                0x0000000000000400                __SIGNATURE_REGION_LENGTH__ = DEFINED (__SIGNATURE_REGION_LENGTH__)?__SIGNATURE_REGION_LENGTH__:0x400
                0x0000000000000400                __USER_SIGNATURE_REGION_LENGTH__ = DEFINED (__USER_SIGNATURE_REGION_LENGTH__)?__USER_SIGNATURE_REGION_LENGTH__:0x400

.hash
 *(.hash)

.dynsym
 *(.dynsym)

.dynstr
 *(.dynstr)

.gnu.version
 *(.gnu.version)

.gnu.version_d
 *(.gnu.version_d)

.gnu.version_r
 *(.gnu.version_r)

.rel.init
 *(.rel.init)

.rela.init
 *(.rela.init)

.rel.text
 *(.rel.text)
 *(.rel.text.*)
 *(.rel.gnu.linkonce.t*)

.rela.text
 *(.rela.text)
 *(.rela.text.*)
 *(.rela.gnu.linkonce.t*)

.rel.fini
 *(.rel.fini)

.rela.fini
 *(.rela.fini)

.rel.rodata
 *(.rel.rodata)
 *(.rel.rodata.*)
 *(.rel.gnu.linkonce.r*)

.rela.rodata
 *(.rela.rodata)
 *(.rela.rodata.*)
 *(.rela.gnu.linkonce.r*)

.rel.data
 *(.rel.data)
 *(.rel.data.*)
 *(.rel.gnu.linkonce.d*)

.rela.data
 *(.rela.data)
 *(.rela.data.*)
 *(.rela.gnu.linkonce.d*)

.rel.ctors
 *(.rel.ctors)

.rela.ctors
 *(.rela.ctors)

.rel.dtors
 *(.rel.dtors)

.rela.dtors
 *(.rela.dtors)

.rel.got
 *(.rel.got)

.rela.got
 *(.rela.got)

.rel.bss
 *(.rel.bss)

.rela.bss
 *(.rela.bss)

.rel.plt
 *(.rel.plt)

.rela.plt
 *(.rela.plt)

.text           0x0000000000000000     0x4cc0
 *(.vectors)
 .vectors       0x0000000000000000       0xac /usr/local/Cellar/avr-gcc@8/8.4.0/lib/avr-gcc/8/gcc/avr/8.4.0/../../../../../../avr/lib/avr5/crtatmega32u4.o
                0x0000000000000000                __vectors
                0x0000000000000000                __vector_default
 *(.vectors)
 *(.progmem.gcc*)
                0x00000000000000ac                . = ALIGN (0x2)
                0x00000000000000ac                __trampolines_start = .
 *(.trampolines)
 .trampolines   0x00000000000000ac        0x0 linker stubs
 *(.trampolines*)
                0x00000000000000ac                __trampolines_end = .
 *libprintf_flt.a:*(.progmem.data)
 *libc.a:*(.progmem.data)
 *(.progmem.*)
 .progmem.data.__c.3632
                0x00000000000000ac       0x2b .build/obj_squiggle_rev1_andrew-complicated/keyboards/squiggle/keymaps/andrew-complicated/keymap.o
 .progmem.data.keymaps
                0x00000000000000d7      0x190 .build/obj_squiggle_rev1_andrew-complicated/keyboards/squiggle/keymaps/andrew-complicated/keymap.o
                0x00000000000000d7                keymaps
 .progmem.data.g_h_combo
                0x0000000000000267        0x6 .build/obj_squiggle_rev1_andrew-complicated/keyboards/squiggle/keymaps/andrew-complicated/keymap.o
                0x0000000000000267                g_h_combo
 .progmem.data.j_f_combo
                0x000000000000026d        0x6 .build/obj_squiggle_rev1_andrew-complicated/keyboards/squiggle/keymaps/andrew-complicated/keymap.o
                0x000000000000026d                j_f_combo
 .progmem.data.x_comma_combo
                0x0000000000000273        0x6 .build/obj_squiggle_rev1_andrew-complicated/keyboards/squiggle/keymaps/andrew-complicated/keymap.o
                0x0000000000000273                x_comma_combo
 .progmem.data.z_slash_combo
                0x0000000000000279        0x6 .build/obj_squiggle_rev1_andrew-complicated/keyboards/squiggle/keymaps/andrew-complicated/keymap.o
                0x0000000000000279                z_slash_combo
 .progmem.data.comma_m_combo
                0x000000000000027f        0x6 .build/obj_squiggle_rev1_andrew-complicated/keyboards/squiggle/keymaps/andrew-complicated/keymap.o
                0x000000000000027f                comma_m_combo
 .progmem.data.dot_comma_combo
                0x0000000000000285        0x6 .build/obj_squiggle_rev1_andrew-complicated/keyboards/squiggle/keymaps/andrew-complicated/keymap.o
                0x0000000000000285                dot_comma_combo
 .progmem.data.slash_dot_combo
                0x000000000000028b        0x6 .build/obj_squiggle_rev1_andrew-complicated/keyboards/squiggle/keymaps/andrew-complicated/keymap.o
                0x000000000000028b                slash_dot_combo
 .progmem.data.u_i_combo
                0x0000000000000291        0x6 .build/obj_squiggle_rev1_andrew-complicated/keyboards/squiggle/keymaps/andrew-complicated/keymap.o
                0x0000000000000291                u_i_combo
 .progmem.data.i_o_combo
                0x0000000000000297        0x6 .build/obj_squiggle_rev1_andrew-complicated/keyboards/squiggle/keymaps/andrew-complicated/keymap.o
                0x0000000000000297                i_o_combo
 .progmem.data.o_u_combo
                0x000000000000029d        0x6 .build/obj_squiggle_rev1_andrew-complicated/keyboards/squiggle/keymaps/andrew-complicated/keymap.o
                0x000000000000029d                o_u_combo
 .progmem.data.p_o_combo
                0x00000000000002a3        0x6 .build/obj_squiggle_rev1_andrew-complicated/keyboards/squiggle/keymaps/andrew-complicated/keymap.o
                0x00000000000002a3                p_o_combo
 .progmem.data.c_v_combo
                0x00000000000002a9        0x6 .build/obj_squiggle_rev1_andrew-complicated/keyboards/squiggle/keymaps/andrew-complicated/keymap.o
                0x00000000000002a9                c_v_combo
 .progmem.data.x_c_combo
                0x00000000000002af        0x6 .build/obj_squiggle_rev1_andrew-complicated/keyboards/squiggle/keymaps/andrew-complicated/keymap.o
                0x00000000000002af                x_c_combo
 .progmem.data.z_x_combo
                0x00000000000002b5        0x6 .build/obj_squiggle_rev1_andrew-complicated/keyboards/squiggle/keymaps/andrew-complicated/keymap.o
                0x00000000000002b5                z_x_combo
 .progmem.data.e_r_combo
                0x00000000000002bb        0x6 .build/obj_squiggle_rev1_andrew-complicated/keyboards/squiggle/keymaps/andrew-complicated/keymap.o
                0x00000000000002bb                e_r_combo
 .progmem.data.w_r_combo
                0x00000000000002c1        0x6 .build/obj_squiggle_rev1_andrew-complicated/keyboards/squiggle/keymaps/andrew-complicated/keymap.o
                0x00000000000002c1                w_r_combo
 .progmem.data.w_e_combo
                0x00000000000002c7        0x6 .build/obj_squiggle_rev1_andrew-complicated/keyboards/squiggle/keymaps/andrew-complicated/keymap.o
                0x00000000000002c7                w_e_combo
 .progmem.data.q_w_combo
                0x00000000000002cd        0x6 .build/obj_squiggle_rev1_andrew-complicated/keyboards/squiggle/keymaps/andrew-complicated/keymap.o
                0x00000000000002cd                q_w_combo
 .progmem.data.__c.3648
                0x00000000000002d3       0x12 .build/obj_squiggle_rev1_andrew-complicated/quantum/quantum.o
 .progmem.data.__c.3646
                0x00000000000002e5       0x11 .build/obj_squiggle_rev1_andrew-complicated/quantum/quantum.o
 .progmem.data.__c.1968
                0x00000000000002f6        0x2 .build/obj_squiggle_rev1_andrew-complicated/quantum/matrix_common.o
 .progmem.data.__c.1966
                0x00000000000002f8        0x5 .build/obj_squiggle_rev1_andrew-complicated/quantum/matrix_common.o
 .progmem.data.__c.1964
                0x00000000000002fd        0x3 .build/obj_squiggle_rev1_andrew-complicated/quantum/matrix_common.o
 .progmem.data.__c.1962
                0x0000000000000300        0x5 .build/obj_squiggle_rev1_andrew-complicated/quantum/matrix_common.o
 .progmem.data.__c.1959
                0x0000000000000305        0xf .build/obj_squiggle_rev1_andrew-complicated/quantum/matrix_common.o
 .progmem.data.__c.2204
                0x0000000000000314        0x2 .build/obj_squiggle_rev1_andrew-complicated/common/host.o
 .progmem.data.__c.2199
                0x0000000000000316        0x6 .build/obj_squiggle_rev1_andrew-complicated/common/host.o
 .progmem.data.__c.2196
                0x000000000000031c       0x12 .build/obj_squiggle_rev1_andrew-complicated/common/host.o
 .progmem.data.__c.3046
                0x000000000000032e        0x2 .build/obj_squiggle_rev1_andrew-complicated/common/keyboard.o
 .progmem.data.__c.3044
                0x0000000000000330        0x5 .build/obj_squiggle_rev1_andrew-complicated/common/keyboard.o
 .progmem.data.__c.3042
                0x0000000000000335       0x13 .build/obj_squiggle_rev1_andrew-complicated/common/keyboard.o
 .progmem.data.__c.2282
                0x0000000000000348        0x3 .build/obj_squiggle_rev1_andrew-complicated/common/mousekey.o
 .progmem.data.__c.2280
                0x000000000000034b        0x3 .build/obj_squiggle_rev1_andrew-complicated/common/mousekey.o
 .progmem.data.__c.2278
                0x000000000000034e        0x2 .build/obj_squiggle_rev1_andrew-complicated/common/mousekey.o
 .progmem.data.__c.2276
                0x0000000000000350        0x3 .build/obj_squiggle_rev1_andrew-complicated/common/mousekey.o
 .progmem.data.__c.2274
                0x0000000000000353        0x3 .build/obj_squiggle_rev1_andrew-complicated/common/mousekey.o
 .progmem.data.__c.2272
                0x0000000000000356        0x3 .build/obj_squiggle_rev1_andrew-complicated/common/mousekey.o
 .progmem.data.__c.2270
                0x0000000000000359        0x2 .build/obj_squiggle_rev1_andrew-complicated/common/mousekey.o
 .progmem.data.__c.2268
                0x000000000000035b        0x3 .build/obj_squiggle_rev1_andrew-complicated/common/mousekey.o
 .progmem.data.__c.2266
                0x000000000000035e        0x2 .build/obj_squiggle_rev1_andrew-complicated/common/mousekey.o
 .progmem.data.__c.2264
                0x0000000000000360        0x3 .build/obj_squiggle_rev1_andrew-complicated/common/mousekey.o
 .progmem.data.__c.2262
                0x0000000000000363        0x2 .build/obj_squiggle_rev1_andrew-complicated/common/mousekey.o
 .progmem.data.__c.2260
                0x0000000000000365        0x3 .build/obj_squiggle_rev1_andrew-complicated/common/mousekey.o
 .progmem.data.__c.2258
                0x0000000000000368        0x2 .build/obj_squiggle_rev1_andrew-complicated/common/mousekey.o
 .progmem.data.__c.2256
                0x000000000000036a        0x5 .build/obj_squiggle_rev1_andrew-complicated/common/mousekey.o
 .progmem.data.__c.2254
                0x000000000000036f       0x23 .build/obj_squiggle_rev1_andrew-complicated/common/mousekey.o
 .progmem.data.__c.6285
                0x0000000000000392        0x4 .build/obj_squiggle_rev1_andrew-complicated/lufa.o
 .progmem.data.__c.6283
                0x0000000000000396       0x11 .build/obj_squiggle_rev1_andrew-complicated/lufa.o
 .progmem.data.__c.6186
                0x00000000000003a7        0x4 .build/obj_squiggle_rev1_andrew-complicated/lufa.o
 .progmem.data.__c.6182
                0x00000000000003ab        0x4 .build/obj_squiggle_rev1_andrew-complicated/lufa.o
 .progmem.data.__c.6178
                0x00000000000003af        0x4 .build/obj_squiggle_rev1_andrew-complicated/lufa.o
 .progmem.data.__c.6173
                0x00000000000003b3        0x4 .build/obj_squiggle_rev1_andrew-complicated/lufa.o
 .progmem.data.__c.6168
                0x00000000000003b7        0x4 .build/obj_squiggle_rev1_andrew-complicated/lufa.o
 .progmem.data.SerialNumberString
                0x00000000000003bb        0x6 .build/obj_squiggle_rev1_andrew-complicated/usb_descriptor.o
                0x00000000000003bb                SerialNumberString
 .progmem.data.ProductString
                0x00000000000003c1       0x14 .build/obj_squiggle_rev1_andrew-complicated/usb_descriptor.o
                0x00000000000003c1                ProductString
 .progmem.data.ManufacturerString
                0x00000000000003d5       0x10 .build/obj_squiggle_rev1_andrew-complicated/usb_descriptor.o
                0x00000000000003d5                ManufacturerString
 .progmem.data.LanguageString
                0x00000000000003e5        0x4 .build/obj_squiggle_rev1_andrew-complicated/usb_descriptor.o
                0x00000000000003e5                LanguageString
 .progmem.data.ConfigurationDescriptor
                0x00000000000003e9       0x5b .build/obj_squiggle_rev1_andrew-complicated/usb_descriptor.o
                0x00000000000003e9                ConfigurationDescriptor
 .progmem.data.DeviceDescriptor
                0x0000000000000444       0x12 .build/obj_squiggle_rev1_andrew-complicated/usb_descriptor.o
                0x0000000000000444                DeviceDescriptor
 .progmem.data.ConsoleReport
                0x0000000000000456       0x22 .build/obj_squiggle_rev1_andrew-complicated/usb_descriptor.o
                0x0000000000000456                ConsoleReport
 .progmem.data.SharedReport
                0x0000000000000478       0x4f .build/obj_squiggle_rev1_andrew-complicated/usb_descriptor.o
                0x0000000000000478                SharedReport
 .progmem.data.KeyboardReport
                0x00000000000004c7       0x40 .build/obj_squiggle_rev1_andrew-complicated/usb_descriptor.o
                0x00000000000004c7                KeyboardReport
                0x0000000000000508                . = ALIGN (0x2)
 *fill*         0x0000000000000507        0x1 
 *(.lowtext)
 *(.lowtext*)
                0x0000000000000508                __ctors_start = .
 *(.ctors)
                0x0000000000000508                __ctors_end = .
                0x0000000000000508                __dtors_start = .
 *(.dtors)
                0x0000000000000508                __dtors_end = .
 SORT_BY_NAME(*)(.ctors)
 SORT_BY_NAME(*)(.dtors)
 *(.init0)
 .init0         0x0000000000000508        0x0 /usr/local/Cellar/avr-gcc@8/8.4.0/lib/avr-gcc/8/gcc/avr/8.4.0/../../../../../../avr/lib/avr5/crtatmega32u4.o
                0x0000000000000508                __init
 *(.init0)
 *(.init1)
 *(.init1)
 *(.init2)
 .init2         0x0000000000000508        0xc /usr/local/Cellar/avr-gcc@8/8.4.0/lib/avr-gcc/8/gcc/avr/8.4.0/../../../../../../avr/lib/avr5/crtatmega32u4.o
 *(.init2)
 *(.init3)
 .init3         0x0000000000000514       0x54 .build/obj_squiggle_rev1_andrew-complicated/common/avr/bootloader.o
                0x0000000000000514                bootloader_jump_after_watchdog_reset
 *(.init3)
 *(.init4)
 .init4         0x0000000000000568       0x16 /usr/local/Cellar/avr-gcc@8/8.4.0/lib/avr-gcc/8/gcc/avr/8.4.0/avr5/libgcc.a(_copy_data.o)
                0x0000000000000568                __do_copy_data
 .init4         0x000000000000057e       0x10 /usr/local/Cellar/avr-gcc@8/8.4.0/lib/avr-gcc/8/gcc/avr/8.4.0/avr5/libgcc.a(_clear_bss.o)
                0x000000000000057e                __do_clear_bss
 *(.init4)
 *(.init5)
 *(.init5)
 *(.init6)
 *(.init6)
 *(.init7)
 *(.init7)
 *(.init8)
 *(.init8)
 *(.init9)
 .init9         0x000000000000058e        0x8 /usr/local/Cellar/avr-gcc@8/8.4.0/lib/avr-gcc/8/gcc/avr/8.4.0/../../../../../../avr/lib/avr5/crtatmega32u4.o
 *(.init9)
 *(.text)
 .text          0x0000000000000596        0x4 /usr/local/Cellar/avr-gcc@8/8.4.0/lib/avr-gcc/8/gcc/avr/8.4.0/../../../../../../avr/lib/avr5/crtatmega32u4.o
                0x0000000000000596                __vector_42
                0x0000000000000596                __vector_22
                0x0000000000000596                __vector_28
                0x0000000000000596                __vector_32
                0x0000000000000596                __vector_34
                0x0000000000000596                __vector_24
                0x0000000000000596                __bad_interrupt
                0x0000000000000596                __vector_6
                0x0000000000000596                __vector_31
                0x0000000000000596                __vector_35
                0x0000000000000596                __vector_39
                0x0000000000000596                __vector_3
                0x0000000000000596                __vector_23
                0x0000000000000596                __vector_30
                0x0000000000000596                __vector_25
                0x0000000000000596                __vector_13
                0x0000000000000596                __vector_17
                0x0000000000000596                __vector_19
                0x0000000000000596                __vector_7
                0x0000000000000596                __vector_41
                0x0000000000000596                __vector_27
                0x0000000000000596                __vector_5
                0x0000000000000596                __vector_33
                0x0000000000000596                __vector_37
                0x0000000000000596                __vector_4
                0x0000000000000596                __vector_9
                0x0000000000000596                __vector_2
                0x0000000000000596                __vector_15
                0x0000000000000596                __vector_36
                0x0000000000000596                __vector_29
                0x0000000000000596                __vector_40
                0x0000000000000596                __vector_8
                0x0000000000000596                __vector_26
                0x0000000000000596                __vector_14
                0x0000000000000596                __vector_16
                0x0000000000000596                __vector_18
                0x0000000000000596                __vector_20
                0x0000000000000596                __vector_38
 .text          0x000000000000059a      0x15c .build/obj_squiggle_rev1_andrew-complicated/common/avr/xprintf.o
                0x000000000000059a                xputc
                0x00000000000005b2                xputs
                0x00000000000005c0                xitoa
                0x00000000000006e4                __xprintf
                0x00000000000006f6                . = ALIGN (0x2)
 *(.text.*)
 .text.process_record_user
                0x00000000000006f6       0x38 .build/obj_squiggle_rev1_andrew-complicated/keyboards/squiggle/keymaps/andrew-complicated/keymap.o
                0x00000000000006f6                process_record_user
 .text.do_code16
                0x000000000000072e       0x6e .build/obj_squiggle_rev1_andrew-complicated/quantum/quantum.o
 .text.register_code16
                0x000000000000079c       0x2a .build/obj_squiggle_rev1_andrew-complicated/quantum/quantum.o
                0x000000000000079c                register_code16
 .text.unregister_code16
                0x00000000000007c6       0x2a .build/obj_squiggle_rev1_andrew-complicated/quantum/quantum.o
                0x00000000000007c6                unregister_code16
 .text.process_action_kb
                0x00000000000007f0        0x4 .build/obj_squiggle_rev1_andrew-complicated/quantum/quantum.o
                0x00000000000007f0                process_action_kb
 .text.process_record_kb
                0x00000000000007f4        0x4 .build/obj_squiggle_rev1_andrew-complicated/quantum/quantum.o
                0x00000000000007f4                process_record_kb
 .text.post_process_record_user
                0x00000000000007f8        0x2 .build/obj_squiggle_rev1_andrew-complicated/quantum/quantum.o
                0x00000000000007f8                post_process_record_user
 .text.post_process_record_kb
                0x00000000000007fa        0x4 .build/obj_squiggle_rev1_andrew-complicated/quantum/quantum.o
                0x00000000000007fa                post_process_record_kb
 .text.get_event_keycode
                0x00000000000007fe       0x66 .build/obj_squiggle_rev1_andrew-complicated/quantum/quantum.o
                0x00000000000007fe                get_event_keycode
 .text.get_record_keycode
                0x0000000000000864       0x12 .build/obj_squiggle_rev1_andrew-complicated/quantum/quantum.o
                0x0000000000000864                get_record_keycode
 .text.post_process_record_quantum
                0x0000000000000876       0x16 .build/obj_squiggle_rev1_andrew-complicated/quantum/quantum.o
                0x0000000000000876                post_process_record_quantum
 .text.matrix_init_quantum
                0x000000000000088c       0x10 .build/obj_squiggle_rev1_andrew-complicated/quantum/quantum.o
                0x000000000000088c                matrix_init_quantum
 .text.matrix_scan_quantum
                0x000000000000089c        0xc .build/obj_squiggle_rev1_andrew-complicated/quantum/quantum.o
                0x000000000000089c                matrix_scan_quantum
 .text.led_set_user
                0x00000000000008a8        0x2 .build/obj_squiggle_rev1_andrew-complicated/quantum/quantum.o
                0x00000000000008a8                led_set_user
 .text.led_set_kb
                0x00000000000008aa        0x4 .build/obj_squiggle_rev1_andrew-complicated/quantum/quantum.o
                0x00000000000008aa                led_set_kb
 .text.led_update_user
                0x00000000000008ae        0x4 .build/obj_squiggle_rev1_andrew-complicated/quantum/quantum.o
                0x00000000000008ae                led_update_user
 .text.led_update_kb
                0x00000000000008b2        0x4 .build/obj_squiggle_rev1_andrew-complicated/quantum/quantum.o
                0x00000000000008b2                led_update_kb
 .text.led_set  0x00000000000008b6       0x10 .build/obj_squiggle_rev1_andrew-complicated/quantum/quantum.o
                0x00000000000008b6                led_set
 .text.shutdown_user
                0x00000000000008c6        0x2 .build/obj_squiggle_rev1_andrew-complicated/quantum/quantum.o
                0x00000000000008c6                shutdown_user
 .text.reset_keyboard
                0x00000000000008c8       0x1e .build/obj_squiggle_rev1_andrew-complicated/quantum/quantum.o
                0x00000000000008c8                reset_keyboard
 .text.process_record_quantum
                0x00000000000008e6       0xc4 .build/obj_squiggle_rev1_andrew-complicated/quantum/quantum.o
                0x00000000000008e6                process_record_quantum
 .text.keymap_key_to_keycode
                0x00000000000009aa       0x28 .build/obj_squiggle_rev1_andrew-complicated/quantum/keymap_common.o
                0x00000000000009aa                keymap_key_to_keycode
 .text.action_for_key
                0x00000000000009d2      0x1b0 .build/obj_squiggle_rev1_andrew-complicated/quantum/keymap_common.o
                0x00000000000009d2                action_for_key
 .text.keycode_config
                0x0000000000000b82      0x12e .build/obj_squiggle_rev1_andrew-complicated/quantum/keycode_config.o
                0x0000000000000b82                keycode_config
 .text.mod_config
                0x0000000000000cb0       0x86 .build/obj_squiggle_rev1_andrew-complicated/quantum/keycode_config.o
                0x0000000000000cb0                mod_config
 .text.matrix_init_user
                0x0000000000000d36        0x2 .build/obj_squiggle_rev1_andrew-complicated/quantum/matrix_common.o
                0x0000000000000d36                matrix_init_user
 .text.matrix_init_kb
                0x0000000000000d38        0x4 .build/obj_squiggle_rev1_andrew-complicated/quantum/matrix_common.o
                0x0000000000000d38                matrix_init_kb
 .text.matrix_scan_user
                0x0000000000000d3c        0x2 .build/obj_squiggle_rev1_andrew-complicated/quantum/matrix_common.o
                0x0000000000000d3c                matrix_scan_user
 .text.matrix_scan_kb
                0x0000000000000d3e        0x4 .build/obj_squiggle_rev1_andrew-complicated/quantum/matrix_common.o
                0x0000000000000d3e                matrix_scan_kb
 .text.matrix_get_row
                0x0000000000000d42        0xc .build/obj_squiggle_rev1_andrew-complicated/quantum/matrix_common.o
                0x0000000000000d42                matrix_get_row
 .text.matrix_print
                0x0000000000000d4e       0x8c .build/obj_squiggle_rev1_andrew-complicated/quantum/matrix_common.o
                0x0000000000000d4e                matrix_print
 .text.matrix_io_delay
                0x0000000000000dda        0x8 .build/obj_squiggle_rev1_andrew-complicated/quantum/matrix_common.o
                0x0000000000000dda                matrix_io_delay
 .text.matrix_slave_scan_user
                0x0000000000000de2        0x2 .build/obj_squiggle_rev1_andrew-complicated/quantum/split_common/matrix.o
                0x0000000000000de2                matrix_slave_scan_user
 .text.matrix_init
                0x0000000000000de4       0xae .build/obj_squiggle_rev1_andrew-complicated/quantum/split_common/matrix.o
                0x0000000000000de4                matrix_init
 .text.matrix_post_scan
                0x0000000000000e92       0x56 .build/obj_squiggle_rev1_andrew-complicated/quantum/split_common/matrix.o
                0x0000000000000e92                matrix_post_scan
 .text.matrix_scan
                0x0000000000000ee8      0x106 .build/obj_squiggle_rev1_andrew-complicated/quantum/split_common/matrix.o
                0x0000000000000ee8                matrix_scan
 .text.debounce_init
                0x0000000000000fee        0x2 .build/obj_squiggle_rev1_andrew-complicated/quantum/debounce/sym_defer_g.o
                0x0000000000000fee                debounce_init
 .text.debounce
                0x0000000000000ff0       0x6c .build/obj_squiggle_rev1_andrew-complicated/quantum/debounce/sym_defer_g.o
                0x0000000000000ff0                debounce
 .text.is_keyboard_master
                0x000000000000105c       0x38 .build/obj_squiggle_rev1_andrew-complicated/quantum/split_common/split_util.o
                0x000000000000105c                is_keyboard_master
 .text.is_keyboard_left
                0x0000000000001094        0x4 .build/obj_squiggle_rev1_andrew-complicated/quantum/split_common/split_util.o
                0x0000000000001094                is_keyboard_left
 .text.split_pre_init
                0x0000000000001098       0x14 .build/obj_squiggle_rev1_andrew-complicated/quantum/split_common/split_util.o
                0x0000000000001098                split_pre_init
 .text.split_post_init
                0x00000000000010ac        0xe .build/obj_squiggle_rev1_andrew-complicated/quantum/split_common/split_util.o
                0x00000000000010ac                split_post_init
 .text.transport_master_init
                0x00000000000010ba        0xc .build/obj_squiggle_rev1_andrew-complicated/quantum/split_common/transport.o
                0x00000000000010ba                transport_master_init
 .text.transport_slave_init
                0x00000000000010c6        0xc .build/obj_squiggle_rev1_andrew-complicated/quantum/split_common/transport.o
                0x00000000000010c6                transport_slave_init
 .text.transport_master
                0x00000000000010d2       0x32 .build/obj_squiggle_rev1_andrew-complicated/quantum/split_common/transport.o
                0x00000000000010d2                transport_master
 .text.transport_slave
                0x0000000000001104       0x1e .build/obj_squiggle_rev1_andrew-complicated/quantum/split_common/transport.o
                0x0000000000001104                transport_slave
 .text.perform_space_cadet
                0x0000000000001122      0x116 .build/obj_squiggle_rev1_andrew-complicated/quantum/process_keycode/process_space_cadet.o
                0x0000000000001122                perform_space_cadet
 .text.process_space_cadet
                0x0000000000001238       0xa4 .build/obj_squiggle_rev1_andrew-complicated/quantum/process_keycode/process_space_cadet.o
                0x0000000000001238                process_space_cadet
 .text.process_magic
                0x00000000000012dc      0x246 .build/obj_squiggle_rev1_andrew-complicated/quantum/process_keycode/process_magic.o
                0x00000000000012dc                process_magic
 .text.process_grave_esc
                0x0000000000001522       0x54 .build/obj_squiggle_rev1_andrew-complicated/quantum/process_keycode/process_grave_esc.o
                0x0000000000001522                process_grave_esc
 .text.dump_key_buffer
                0x0000000000001576       0x3e .build/obj_squiggle_rev1_andrew-complicated/quantum/process_keycode/process_combo.o
 .text.process_combo_event
                0x00000000000015b4        0x2 .build/obj_squiggle_rev1_andrew-complicated/quantum/process_keycode/process_combo.o
                0x00000000000015b4                process_combo_event
 .text.matrix_scan_combo
                0x00000000000015b6       0x30 .build/obj_squiggle_rev1_andrew-complicated/quantum/process_keycode/process_combo.o
                0x00000000000015b6                matrix_scan_combo
 .text.combo_disable
                0x00000000000015e6       0x16 .build/obj_squiggle_rev1_andrew-complicated/quantum/process_keycode/process_combo.o
                0x00000000000015e6                combo_disable
 .text.combo_toggle
                0x00000000000015fc       0x12 .build/obj_squiggle_rev1_andrew-complicated/quantum/process_keycode/process_combo.o
                0x00000000000015fc                combo_toggle
 .text.process_combo
                0x000000000000160e      0x252 .build/obj_squiggle_rev1_andrew-complicated/quantum/process_keycode/process_combo.o
                0x000000000000160e                process_combo
 .text.process_tap_dance_action_on_dance_finished.part.0
                0x0000000000001860       0x36 .build/obj_squiggle_rev1_andrew-complicated/quantum/process_keycode/process_tap_dance.o
 .text.qk_tap_dance_pair_on_each_tap
                0x0000000000001896       0x20 .build/obj_squiggle_rev1_andrew-complicated/quantum/process_keycode/process_tap_dance.o
                0x0000000000001896                qk_tap_dance_pair_on_each_tap
 .text.qk_tap_dance_pair_finished
                0x00000000000018b6       0x20 .build/obj_squiggle_rev1_andrew-complicated/quantum/process_keycode/process_tap_dance.o
                0x00000000000018b6                qk_tap_dance_pair_finished
 .text.qk_tap_dance_pair_reset
                0x00000000000018d6       0x20 .build/obj_squiggle_rev1_andrew-complicated/quantum/process_keycode/process_tap_dance.o
                0x00000000000018d6                qk_tap_dance_pair_reset
 .text.reset_tap_dance
                0x00000000000018f6       0x8a .build/obj_squiggle_rev1_andrew-complicated/quantum/process_keycode/process_tap_dance.o
                0x00000000000018f6                reset_tap_dance
 .text.preprocess_tap_dance
                0x0000000000001980       0x8c .build/obj_squiggle_rev1_andrew-complicated/quantum/process_keycode/process_tap_dance.o
                0x0000000000001980                preprocess_tap_dance
 .text.process_tap_dance
                0x0000000000001a0c       0xb4 .build/obj_squiggle_rev1_andrew-complicated/quantum/process_keycode/process_tap_dance.o
                0x0000000000001a0c                process_tap_dance
 .text.matrix_scan_tap_dance
                0x0000000000001ac0       0xae .build/obj_squiggle_rev1_andrew-complicated/quantum/process_keycode/process_tap_dance.o
                0x0000000000001ac0                matrix_scan_tap_dance
 .text.sync_recv
                0x0000000000001b6e       0x10 .build/obj_squiggle_rev1_andrew-complicated/serial.a(serial.o)
 .text.sync_send
                0x0000000000001b7e        0xc .build/obj_squiggle_rev1_andrew-complicated/serial.a(serial.o)
 .text.serial_read_chunk.constprop.0
                0x0000000000001b8a       0x54 .build/obj_squiggle_rev1_andrew-complicated/serial.a(serial.o)
 .text.serial_recive_packet
                0x0000000000001bde       0x4e .build/obj_squiggle_rev1_andrew-complicated/serial.a(serial.o)
 .text.soft_serial_initiator_init
                0x0000000000001c2c        0xe .build/obj_squiggle_rev1_andrew-complicated/serial.a(serial.o)
                0x0000000000001c2c                soft_serial_initiator_init
 .text.soft_serial_target_init
                0x0000000000001c3a       0x1a .build/obj_squiggle_rev1_andrew-complicated/serial.a(serial.o)
                0x0000000000001c3a                soft_serial_target_init
 .text.serial_write_chunk
                0x0000000000001c54       0x42 .build/obj_squiggle_rev1_andrew-complicated/serial.a(serial.o)
                0x0000000000001c54                serial_write_chunk
 .text.serial_send_packet
                0x0000000000001c96       0x34 .build/obj_squiggle_rev1_andrew-complicated/serial.a(serial.o)
 .text.__vector_1
                0x0000000000001cca       0xa4 .build/obj_squiggle_rev1_andrew-complicated/serial.a(serial.o)
                0x0000000000001cca                __vector_1
 .text.soft_serial_transaction
                0x0000000000001d6e       0x9a .build/obj_squiggle_rev1_andrew-complicated/serial.a(serial.o)
                0x0000000000001d6e                soft_serial_transaction
 .text.host_set_driver
                0x0000000000001e08        0xa .build/obj_squiggle_rev1_andrew-complicated/common/host.o
                0x0000000000001e08                host_set_driver
 .text.host_keyboard_leds
                0x0000000000001e12       0x18 .build/obj_squiggle_rev1_andrew-complicated/common/host.o
                0x0000000000001e12                host_keyboard_leds
 .text.host_keyboard_send
                0x0000000000001e2a       0x98 .build/obj_squiggle_rev1_andrew-complicated/common/host.o
                0x0000000000001e2a                host_keyboard_send
 .text.host_mouse_send
                0x0000000000001ec2       0x1c .build/obj_squiggle_rev1_andrew-complicated/common/host.o
                0x0000000000001ec2                host_mouse_send
 .text.host_system_send
                0x0000000000001ede       0x2c .build/obj_squiggle_rev1_andrew-complicated/common/host.o
                0x0000000000001ede                host_system_send
 .text.host_consumer_send
                0x0000000000001f0a       0x2c .build/obj_squiggle_rev1_andrew-complicated/common/host.o
                0x0000000000001f0a                host_consumer_send
 .text.disable_jtag
                0x0000000000001f36        0xe .build/obj_squiggle_rev1_andrew-complicated/common/keyboard.o
                0x0000000000001f36                disable_jtag
 .text.keyboard_pre_init_user
                0x0000000000001f44        0x2 .build/obj_squiggle_rev1_andrew-complicated/common/keyboard.o
                0x0000000000001f44                keyboard_pre_init_user
 .text.matrix_setup
                0x0000000000001f46        0x2 .build/obj_squiggle_rev1_andrew-complicated/common/keyboard.o
                0x0000000000001f46                matrix_setup
 .text.keyboard_pre_init_kb
                0x0000000000001f48        0x4 .build/obj_squiggle_rev1_andrew-complicated/common/keyboard.o
                0x0000000000001f48                keyboard_pre_init_kb
 .text.keyboard_post_init_user
                0x0000000000001f4c        0x2 .build/obj_squiggle_rev1_andrew-complicated/common/keyboard.o
                0x0000000000001f4c                keyboard_post_init_user
 .text.keyboard_post_init_kb
                0x0000000000001f4e        0x4 .build/obj_squiggle_rev1_andrew-complicated/common/keyboard.o
                0x0000000000001f4e                keyboard_post_init_kb
 .text.keyboard_setup
                0x0000000000001f52        0xc .build/obj_squiggle_rev1_andrew-complicated/common/keyboard.o
                0x0000000000001f52                keyboard_setup
 .text.should_process_keypress
                0x0000000000001f5e        0x4 .build/obj_squiggle_rev1_andrew-complicated/common/keyboard.o
                0x0000000000001f5e                should_process_keypress
 .text.keyboard_init
                0x0000000000001f62       0x10 .build/obj_squiggle_rev1_andrew-complicated/common/keyboard.o
                0x0000000000001f62                keyboard_init
 .text.keyboard_set_leds
                0x0000000000001f72       0x50 .build/obj_squiggle_rev1_andrew-complicated/common/keyboard.o
                0x0000000000001f72                keyboard_set_leds
 .text.keyboard_task
                0x0000000000001fc2      0x12e .build/obj_squiggle_rev1_andrew-complicated/common/keyboard.o
                0x0000000000001fc2                keyboard_task
 .text.action_exec
                0x00000000000020f0       0x54 .build/obj_squiggle_rev1_andrew-complicated/common/action.o
                0x00000000000020f0                action_exec
 .text.process_record_tap_hint
                0x0000000000002144        0xa .build/obj_squiggle_rev1_andrew-complicated/common/action.o
                0x0000000000002144                process_record_tap_hint
 .text.register_code
                0x000000000000214e       0x66 .build/obj_squiggle_rev1_andrew-complicated/common/action.o
                0x000000000000214e                register_code
 .text.unregister_code
                0x00000000000021b4       0x5e .build/obj_squiggle_rev1_andrew-complicated/common/action.o
                0x00000000000021b4                unregister_code
 .text.tap_code
                0x0000000000002212       0x26 .build/obj_squiggle_rev1_andrew-complicated/common/action.o
                0x0000000000002212                tap_code
 .text.register_mods
                0x0000000000002238        0xe .build/obj_squiggle_rev1_andrew-complicated/common/action.o
                0x0000000000002238                register_mods
 .text.unregister_mods
                0x0000000000002246        0xe .build/obj_squiggle_rev1_andrew-complicated/common/action.o
                0x0000000000002246                unregister_mods
 .text.process_action
                0x0000000000002254      0x3d2 .build/obj_squiggle_rev1_andrew-complicated/common/action.o
                0x0000000000002254                process_action
 .text.process_record_handler
                0x0000000000002626       0x2e .build/obj_squiggle_rev1_andrew-complicated/common/action.o
                0x0000000000002626                process_record_handler
 .text.process_record
                0x0000000000002654       0x50 .build/obj_squiggle_rev1_andrew-complicated/common/action.o
                0x0000000000002654                process_record
 .text.register_weak_mods
                0x00000000000026a4        0xe .build/obj_squiggle_rev1_andrew-complicated/common/action.o
                0x00000000000026a4                register_weak_mods
 .text.unregister_weak_mods
                0x00000000000026b2        0xe .build/obj_squiggle_rev1_andrew-complicated/common/action.o
                0x00000000000026b2                unregister_weak_mods
 .text.clear_keyboard_but_mods_and_keys
                0x00000000000026c0       0x14 .build/obj_squiggle_rev1_andrew-complicated/common/action.o
                0x00000000000026c0                clear_keyboard_but_mods_and_keys
 .text.clear_keyboard_but_mods
                0x00000000000026d4        0x8 .build/obj_squiggle_rev1_andrew-complicated/common/action.o
                0x00000000000026d4                clear_keyboard_but_mods
 .text.clear_keyboard
                0x00000000000026dc        0x8 .build/obj_squiggle_rev1_andrew-complicated/common/action.o
                0x00000000000026dc                clear_keyboard
 .text.is_tap_action
                0x00000000000026e4       0x3e .build/obj_squiggle_rev1_andrew-complicated/common/action.o
                0x00000000000026e4                is_tap_action
 .text.is_tap_key
                0x0000000000002722        0x8 .build/obj_squiggle_rev1_andrew-complicated/common/action.o
                0x0000000000002722                is_tap_key
 .text.debug_event
                0x000000000000272a       0x1e .build/obj_squiggle_rev1_andrew-complicated/common/action.o
                0x000000000000272a                debug_event
 .text.debug_record
                0x0000000000002748       0x20 .build/obj_squiggle_rev1_andrew-complicated/common/action.o
                0x0000000000002748                debug_record
 .text.debug_waiting_buffer
                0x0000000000002768       0x42 .build/obj_squiggle_rev1_andrew-complicated/common/action_tapping.o
 .text.debug_tapping_key
                0x00000000000027aa       0x1c .build/obj_squiggle_rev1_andrew-complicated/common/action_tapping.o
 .text.waiting_buffer_typed.isra.1
                0x00000000000027c6       0x40 .build/obj_squiggle_rev1_andrew-complicated/common/action_tapping.o
 .text.waiting_buffer_scan_tap
                0x0000000000002806       0xac .build/obj_squiggle_rev1_andrew-complicated/common/action_tapping.o
 .text.process_tapping
                0x00000000000028b2      0x38e .build/obj_squiggle_rev1_andrew-complicated/common/action_tapping.o
 .text.get_tapping_term
                0x0000000000002c40        0x6 .build/obj_squiggle_rev1_andrew-complicated/common/action_tapping.o
                0x0000000000002c40                get_tapping_term
 .text.action_tapping_process
                0x0000000000002c46      0x134 .build/obj_squiggle_rev1_andrew-complicated/common/action_tapping.o
                0x0000000000002c46                action_tapping_process
 .text.default_layer_state_set_user
                0x0000000000002d7a        0x2 .build/obj_squiggle_rev1_andrew-complicated/common/action_layer.o
                0x0000000000002d7a                default_layer_state_set_user
 .text.default_layer_state_set_kb
                0x0000000000002d7c        0x4 .build/obj_squiggle_rev1_andrew-complicated/common/action_layer.o
                0x0000000000002d7c                default_layer_state_set_kb
 .text.default_layer_state_set
                0x0000000000002d80       0x18 .build/obj_squiggle_rev1_andrew-complicated/common/action_layer.o
 .text.default_layer_debug
                0x0000000000002d98        0x2 .build/obj_squiggle_rev1_andrew-complicated/common/action_layer.o
                0x0000000000002d98                default_layer_debug
 .text.default_layer_set
                0x0000000000002d9a        0x4 .build/obj_squiggle_rev1_andrew-complicated/common/action_layer.o
                0x0000000000002d9a                default_layer_set
 .text.default_layer_or
                0x0000000000002d9e       0x24 .build/obj_squiggle_rev1_andrew-complicated/common/action_layer.o
                0x0000000000002d9e                default_layer_or
 .text.default_layer_and
                0x0000000000002dc2       0x24 .build/obj_squiggle_rev1_andrew-complicated/common/action_layer.o
                0x0000000000002dc2                default_layer_and
 .text.default_layer_xor
                0x0000000000002de6       0x24 .build/obj_squiggle_rev1_andrew-complicated/common/action_layer.o
                0x0000000000002de6                default_layer_xor
 .text.layer_state_set_user
                0x0000000000002e0a        0x4 .build/obj_squiggle_rev1_andrew-complicated/common/action_layer.o
                0x0000000000002e0a                layer_state_set_user
 .text.layer_state_set_kb
                0x0000000000002e0e        0x4 .build/obj_squiggle_rev1_andrew-complicated/common/action_layer.o
                0x0000000000002e0e                layer_state_set_kb
 .text.layer_state_set
                0x0000000000002e12       0x18 .build/obj_squiggle_rev1_andrew-complicated/common/action_layer.o
                0x0000000000002e12                layer_state_set
 .text.layer_clear
                0x0000000000002e2a        0xa .build/obj_squiggle_rev1_andrew-complicated/common/action_layer.o
                0x0000000000002e2a                layer_clear
 .text.layer_move
                0x0000000000002e34       0x2a .build/obj_squiggle_rev1_andrew-complicated/common/action_layer.o
                0x0000000000002e34                layer_move
 .text.layer_on
                0x0000000000002e5e       0x42 .build/obj_squiggle_rev1_andrew-complicated/common/action_layer.o
                0x0000000000002e5e                layer_on
 .text.layer_off
                0x0000000000002ea0       0x46 .build/obj_squiggle_rev1_andrew-complicated/common/action_layer.o
                0x0000000000002ea0                layer_off
 .text.layer_invert
                0x0000000000002ee6       0x42 .build/obj_squiggle_rev1_andrew-complicated/common/action_layer.o
                0x0000000000002ee6                layer_invert
 .text.layer_or
                0x0000000000002f28       0x24 .build/obj_squiggle_rev1_andrew-complicated/common/action_layer.o
                0x0000000000002f28                layer_or
 .text.layer_and
                0x0000000000002f4c       0x24 .build/obj_squiggle_rev1_andrew-complicated/common/action_layer.o
                0x0000000000002f4c                layer_and
 .text.layer_xor
                0x0000000000002f70       0x24 .build/obj_squiggle_rev1_andrew-complicated/common/action_layer.o
                0x0000000000002f70                layer_xor
 .text.layer_debug
                0x0000000000002f94        0x2 .build/obj_squiggle_rev1_andrew-complicated/common/action_layer.o
                0x0000000000002f94                layer_debug
 .text.update_source_layers_cache
                0x0000000000002f96       0x5c .build/obj_squiggle_rev1_andrew-complicated/common/action_layer.o
                0x0000000000002f96                update_source_layers_cache
 .text.read_source_layers_cache
                0x0000000000002ff2       0x52 .build/obj_squiggle_rev1_andrew-complicated/common/action_layer.o
                0x0000000000002ff2                read_source_layers_cache
 .text.layer_switch_get_layer
                0x0000000000003044       0x84 .build/obj_squiggle_rev1_andrew-complicated/common/action_layer.o
                0x0000000000003044                layer_switch_get_layer
 .text.layer_switch_get_action
                0x00000000000030c8       0x14 .build/obj_squiggle_rev1_andrew-complicated/common/action_layer.o
                0x00000000000030c8                layer_switch_get_action
 .text.store_or_get_action
                0x00000000000030dc       0x48 .build/obj_squiggle_rev1_andrew-complicated/common/action_layer.o
                0x00000000000030dc                store_or_get_action
 .text.add_key  0x0000000000003124        0xe .build/obj_squiggle_rev1_andrew-complicated/common/action_util.o
                0x0000000000003124                add_key
 .text.del_key  0x0000000000003132        0xe .build/obj_squiggle_rev1_andrew-complicated/common/action_util.o
                0x0000000000003132                del_key
 .text.clear_keys
                0x0000000000003140        0xc .build/obj_squiggle_rev1_andrew-complicated/common/action_util.o
                0x0000000000003140                clear_keys
 .text.get_oneshot_layer
                0x000000000000314c        0xc .build/obj_squiggle_rev1_andrew-complicated/common/action_util.o
                0x000000000000314c                get_oneshot_layer
 .text.get_oneshot_layer_state
                0x0000000000003158        0x8 .build/obj_squiggle_rev1_andrew-complicated/common/action_util.o
                0x0000000000003158                get_oneshot_layer_state
 .text.is_oneshot_layer_active
                0x0000000000003160        0xe .build/obj_squiggle_rev1_andrew-complicated/common/action_util.o
                0x0000000000003160                is_oneshot_layer_active
 .text.get_mods
                0x000000000000316e        0x6 .build/obj_squiggle_rev1_andrew-complicated/common/action_util.o
                0x000000000000316e                get_mods
 .text.add_mods
                0x0000000000003174        0xc .build/obj_squiggle_rev1_andrew-complicated/common/action_util.o
                0x0000000000003174                add_mods
 .text.del_mods
                0x0000000000003180        0xe .build/obj_squiggle_rev1_andrew-complicated/common/action_util.o
                0x0000000000003180                del_mods
 .text.clear_mods
                0x000000000000318e        0x6 .build/obj_squiggle_rev1_andrew-complicated/common/action_util.o
                0x000000000000318e                clear_mods
 .text.get_weak_mods
                0x0000000000003194        0x6 .build/obj_squiggle_rev1_andrew-complicated/common/action_util.o
                0x0000000000003194                get_weak_mods
 .text.add_weak_mods
                0x000000000000319a        0xc .build/obj_squiggle_rev1_andrew-complicated/common/action_util.o
                0x000000000000319a                add_weak_mods
 .text.del_weak_mods
                0x00000000000031a6        0xe .build/obj_squiggle_rev1_andrew-complicated/common/action_util.o
                0x00000000000031a6                del_weak_mods
 .text.clear_weak_mods
                0x00000000000031b4        0x6 .build/obj_squiggle_rev1_andrew-complicated/common/action_util.o
                0x00000000000031b4                clear_weak_mods
 .text.clear_macro_mods
                0x00000000000031ba        0x6 .build/obj_squiggle_rev1_andrew-complicated/common/action_util.o
                0x00000000000031ba                clear_macro_mods
 .text.get_oneshot_mods
                0x00000000000031c0        0x6 .build/obj_squiggle_rev1_andrew-complicated/common/action_util.o
                0x00000000000031c0                get_oneshot_mods
 .text.oneshot_mods_changed_user
                0x00000000000031c6        0x2 .build/obj_squiggle_rev1_andrew-complicated/common/action_util.o
                0x00000000000031c6                oneshot_mods_changed_user
 .text.oneshot_mods_changed_kb
                0x00000000000031c8        0x4 .build/obj_squiggle_rev1_andrew-complicated/common/action_util.o
                0x00000000000031c8                oneshot_mods_changed_kb
 .text.set_oneshot_mods
                0x00000000000031cc       0x12 .build/obj_squiggle_rev1_andrew-complicated/common/action_util.o
                0x00000000000031cc                set_oneshot_mods
 .text.clear_oneshot_mods
                0x00000000000031de       0x14 .build/obj_squiggle_rev1_andrew-complicated/common/action_util.o
                0x00000000000031de                clear_oneshot_mods
 .text.send_keyboard_report
                0x00000000000031f2       0x66 .build/obj_squiggle_rev1_andrew-complicated/common/action_util.o
                0x00000000000031f2                send_keyboard_report
 .text.oneshot_layer_changed_user
                0x0000000000003258        0x2 .build/obj_squiggle_rev1_andrew-complicated/common/action_util.o
                0x0000000000003258                oneshot_layer_changed_user
 .text.oneshot_layer_changed_kb
                0x000000000000325a        0x4 .build/obj_squiggle_rev1_andrew-complicated/common/action_util.o
                0x000000000000325a                oneshot_layer_changed_kb
 .text.set_oneshot_layer
                0x000000000000325e       0x20 .build/obj_squiggle_rev1_andrew-complicated/common/action_util.o
                0x000000000000325e                set_oneshot_layer
 .text.reset_oneshot_layer
                0x000000000000327e        0xa .build/obj_squiggle_rev1_andrew-complicated/common/action_util.o
                0x000000000000327e                reset_oneshot_layer
 .text.clear_oneshot_layer_state
                0x0000000000003288       0x30 .build/obj_squiggle_rev1_andrew-complicated/common/action_util.o
                0x0000000000003288                clear_oneshot_layer_state
 .text.print_set_sendchar
                0x00000000000032b8        0xa .build/obj_squiggle_rev1_andrew-complicated/common/print.o
                0x00000000000032b8                print_set_sendchar
 .text.bitrev   0x00000000000032c2       0x30 .build/obj_squiggle_rev1_andrew-complicated/common/util.o
                0x00000000000032c2                bitrev
 .text.eeconfig_is_enabled
                0x00000000000032f2       0x16 .build/obj_squiggle_rev1_andrew-complicated/common/eeconfig.o
                0x00000000000032f2                eeconfig_is_enabled
 .text.eeconfig_read_debug
                0x0000000000003308        0x8 .build/obj_squiggle_rev1_andrew-complicated/common/eeconfig.o
                0x0000000000003308                eeconfig_read_debug
 .text.eeconfig_read_default_layer
                0x0000000000003310        0x8 .build/obj_squiggle_rev1_andrew-complicated/common/eeconfig.o
                0x0000000000003310                eeconfig_read_default_layer
 .text.eeconfig_read_keymap
                0x0000000000003318       0x1c .build/obj_squiggle_rev1_andrew-complicated/common/eeconfig.o
                0x0000000000003318                eeconfig_read_keymap
 .text.eeconfig_update_keymap
                0x0000000000003334       0x1a .build/obj_squiggle_rev1_andrew-complicated/common/eeconfig.o
                0x0000000000003334                eeconfig_update_keymap
 .text.eeconfig_update_kb
                0x000000000000334e        0xc .build/obj_squiggle_rev1_andrew-complicated/common/eeconfig.o
                0x000000000000334e                eeconfig_update_kb
 .text.eeconfig_update_user
                0x000000000000335a        0xc .build/obj_squiggle_rev1_andrew-complicated/common/eeconfig.o
                0x000000000000335a                eeconfig_update_user
 .text.eeconfig_init_user
                0x0000000000003366        0xa .build/obj_squiggle_rev1_andrew-complicated/common/eeconfig.o
                0x0000000000003366                eeconfig_init_user
 .text.eeconfig_init_kb
                0x0000000000003370        0xe .build/obj_squiggle_rev1_andrew-complicated/common/eeconfig.o
                0x0000000000003370                eeconfig_init_kb
 .text.eeconfig_init_quantum
                0x000000000000337e       0xae .build/obj_squiggle_rev1_andrew-complicated/common/eeconfig.o
                0x000000000000337e                eeconfig_init_quantum
 .text.eeconfig_init
                0x000000000000342c        0x4 .build/obj_squiggle_rev1_andrew-complicated/common/eeconfig.o
                0x000000000000342c                eeconfig_init
 .text.eeconfig_update_handedness
                0x0000000000003430        0xa .build/obj_squiggle_rev1_andrew-complicated/common/eeconfig.o
                0x0000000000003430                eeconfig_update_handedness
 .text.has_anykey
                0x000000000000343a       0x24 .build/obj_squiggle_rev1_andrew-complicated/common/report.o
                0x000000000000343a                has_anykey
 .text.is_key_pressed
                0x000000000000345e       0x1e .build/obj_squiggle_rev1_andrew-complicated/common/report.o
                0x000000000000345e                is_key_pressed
 .text.add_key_byte
                0x000000000000347c       0x34 .build/obj_squiggle_rev1_andrew-complicated/common/report.o
                0x000000000000347c                add_key_byte
 .text.del_key_byte
                0x00000000000034b0       0x1a .build/obj_squiggle_rev1_andrew-complicated/common/report.o
                0x00000000000034b0                del_key_byte
 .text.add_key_to_report
                0x00000000000034ca        0x4 .build/obj_squiggle_rev1_andrew-complicated/common/report.o
                0x00000000000034ca                add_key_to_report
 .text.del_key_from_report
                0x00000000000034ce        0x4 .build/obj_squiggle_rev1_andrew-complicated/common/report.o
                0x00000000000034ce                del_key_from_report
 .text.clear_keys_from_report
                0x00000000000034d2        0xe .build/obj_squiggle_rev1_andrew-complicated/common/report.o
                0x00000000000034d2                clear_keys_from_report
 .text.matrix_power_up
                0x00000000000034e0        0x2 .build/obj_squiggle_rev1_andrew-complicated/common/avr/suspend.o
                0x00000000000034e0                matrix_power_up
 .text.suspend_power_down_user
                0x00000000000034e2        0x2 .build/obj_squiggle_rev1_andrew-complicated/common/avr/suspend.o
                0x00000000000034e2                suspend_power_down_user
 .text.suspend_power_down_kb
                0x00000000000034e4        0x4 .build/obj_squiggle_rev1_andrew-complicated/common/avr/suspend.o
                0x00000000000034e4                suspend_power_down_kb
 .text.suspend_power_down
                0x00000000000034e8       0x60 .build/obj_squiggle_rev1_andrew-complicated/common/avr/suspend.o
                0x00000000000034e8                suspend_power_down
 .text.matrix_power_down
                0x0000000000003548        0x2 .build/obj_squiggle_rev1_andrew-complicated/common/avr/suspend.o
                0x0000000000003548                matrix_power_down
 .text.suspend_wakeup_condition
                0x000000000000354a       0x28 .build/obj_squiggle_rev1_andrew-complicated/common/avr/suspend.o
                0x000000000000354a                suspend_wakeup_condition
 .text.suspend_wakeup_init_user
                0x0000000000003572        0x2 .build/obj_squiggle_rev1_andrew-complicated/common/avr/suspend.o
                0x0000000000003572                suspend_wakeup_init_user
 .text.suspend_wakeup_init_kb
                0x0000000000003574        0x4 .build/obj_squiggle_rev1_andrew-complicated/common/avr/suspend.o
                0x0000000000003574                suspend_wakeup_init_kb
 .text.suspend_wakeup_init
                0x0000000000003578       0x10 .build/obj_squiggle_rev1_andrew-complicated/common/avr/suspend.o
                0x0000000000003578                suspend_wakeup_init
 .text.__vector_12
                0x0000000000003588       0x4e .build/obj_squiggle_rev1_andrew-complicated/common/avr/suspend.o
                0x0000000000003588                __vector_12
 .text.timer_init
                0x00000000000035d6       0x12 .build/obj_squiggle_rev1_andrew-complicated/common/avr/timer.o
                0x00000000000035d6                timer_init
 .text.timer_read
                0x00000000000035e8       0x18 .build/obj_squiggle_rev1_andrew-complicated/common/avr/timer.o
                0x00000000000035e8                timer_read
 .text.timer_elapsed
                0x0000000000003600       0x1e .build/obj_squiggle_rev1_andrew-complicated/common/avr/timer.o
                0x0000000000003600                timer_elapsed
 .text.__vector_21
                0x000000000000361e       0x48 .build/obj_squiggle_rev1_andrew-complicated/common/avr/timer.o
                0x000000000000361e                __vector_21
 .text.bootloader_jump
                0x0000000000003666       0x22 .build/obj_squiggle_rev1_andrew-complicated/common/avr/bootloader.o
                0x0000000000003666                bootloader_jump
 .text.magic    0x0000000000003688       0x44 .build/obj_squiggle_rev1_andrew-complicated/common/magic.o
                0x0000000000003688                magic
 .text.move_unit
                0x00000000000036cc       0x94 .build/obj_squiggle_rev1_andrew-complicated/common/mousekey.o
 .text.wheel_unit
                0x0000000000003760       0x72 .build/obj_squiggle_rev1_andrew-complicated/common/mousekey.o
 .text.mousekey_on
                0x00000000000037d2       0xd0 .build/obj_squiggle_rev1_andrew-complicated/common/mousekey.o
                0x00000000000037d2                mousekey_on
 .text.mousekey_off
                0x00000000000038a2      0x106 .build/obj_squiggle_rev1_andrew-complicated/common/mousekey.o
                0x00000000000038a2                mousekey_off
 .text.mousekey_send
                0x00000000000039a8      0x13a .build/obj_squiggle_rev1_andrew-complicated/common/mousekey.o
                0x00000000000039a8                mousekey_send
 .text.mousekey_task
                0x0000000000003ae2      0x218 .build/obj_squiggle_rev1_andrew-complicated/common/mousekey.o
                0x0000000000003ae2                mousekey_task
 .text.mousekey_clear
                0x0000000000003cfa       0x1c .build/obj_squiggle_rev1_andrew-complicated/common/mousekey.o
                0x0000000000003cfa                mousekey_clear
 .text.keyboard_leds
                0x0000000000003d16        0x6 .build/obj_squiggle_rev1_andrew-complicated/lufa.o
 .text.send_system
                0x0000000000003d1c        0x2 .build/obj_squiggle_rev1_andrew-complicated/lufa.o
 .text.sendchar
                0x0000000000003d1e       0xc4 .build/obj_squiggle_rev1_andrew-complicated/lufa.o
                0x0000000000003d1e                sendchar
 .text.send_mouse
                0x0000000000003de2       0x42 .build/obj_squiggle_rev1_andrew-complicated/lufa.o
 .text.send_keyboard
                0x0000000000003e24       0x5a .build/obj_squiggle_rev1_andrew-complicated/lufa.o
 .text.send_consumer
                0x0000000000003e7e        0x2 .build/obj_squiggle_rev1_andrew-complicated/lufa.o
 .text.EVENT_USB_Device_Connect
                0x0000000000003e80       0x24 .build/obj_squiggle_rev1_andrew-complicated/lufa.o
                0x0000000000003e80                EVENT_USB_Device_Connect
 .text.EVENT_USB_Device_Disconnect
                0x0000000000003ea4        0xe .build/obj_squiggle_rev1_andrew-complicated/lufa.o
                0x0000000000003ea4                EVENT_USB_Device_Disconnect
 .text.EVENT_USB_Device_Reset
                0x0000000000003eb2        0x8 .build/obj_squiggle_rev1_andrew-complicated/lufa.o
                0x0000000000003eb2                EVENT_USB_Device_Reset
 .text.EVENT_USB_Device_Suspend
                0x0000000000003eba        0x8 .build/obj_squiggle_rev1_andrew-complicated/lufa.o
                0x0000000000003eba                EVENT_USB_Device_Suspend
 .text.EVENT_USB_Device_WakeUp
                0x0000000000003ec2        0xc .build/obj_squiggle_rev1_andrew-complicated/lufa.o
                0x0000000000003ec2                EVENT_USB_Device_WakeUp
 .text.EVENT_USB_Device_StartOfFrame
                0x0000000000003ece       0x82 .build/obj_squiggle_rev1_andrew-complicated/lufa.o
                0x0000000000003ece                EVENT_USB_Device_StartOfFrame
 .text.EVENT_USB_Device_ConfigurationChanged
                0x0000000000003f50       0x1e .build/obj_squiggle_rev1_andrew-complicated/lufa.o
                0x0000000000003f50                EVENT_USB_Device_ConfigurationChanged
 .text.EVENT_USB_Device_ControlRequest
                0x0000000000003f6e      0x16e .build/obj_squiggle_rev1_andrew-complicated/lufa.o
                0x0000000000003f6e                EVENT_USB_Device_ControlRequest
 .text.startup.main
                0x00000000000040dc       0x96 .build/obj_squiggle_rev1_andrew-complicated/lufa.o
                0x00000000000040dc                main
 .text.CALLBACK_USB_GetDescriptor
                0x0000000000004172        0x4 .build/obj_squiggle_rev1_andrew-complicated/lufa.o
                0x0000000000004172                CALLBACK_USB_GetDescriptor
 .text.get_usb_descriptor
                0x0000000000004176       0xba .build/obj_squiggle_rev1_andrew-complicated/usb_descriptor.o
                0x0000000000004176                get_usb_descriptor
 .text.USB_Device_SendRemoteWakeup
                0x0000000000004230       0x2c .build/obj_squiggle_rev1_andrew-complicated/lib/lufa/LUFA/Drivers/USB/Core/AVR8/Device_AVR8.o
                0x0000000000004230                USB_Device_SendRemoteWakeup
 .text.Endpoint_Write_Stream_LE
                0x000000000000425c       0x9e .build/obj_squiggle_rev1_andrew-complicated/lib/lufa/LUFA/Drivers/USB/Core/AVR8/EndpointStream_AVR8.o
                0x000000000000425c                Endpoint_Write_Stream_LE
 .text.Endpoint_Write_Control_Stream_LE
                0x00000000000042fa       0xbc .build/obj_squiggle_rev1_andrew-complicated/lib/lufa/LUFA/Drivers/USB/Core/AVR8/EndpointStream_AVR8.o
                0x00000000000042fa                Endpoint_Write_Control_Stream_LE
 .text.Endpoint_Write_Control_PStream_LE
                0x00000000000043b6       0xbe .build/obj_squiggle_rev1_andrew-complicated/lib/lufa/LUFA/Drivers/USB/Core/AVR8/EndpointStream_AVR8.o
                0x00000000000043b6                Endpoint_Write_Control_PStream_LE
 .text.Endpoint_ConfigureEndpoint_Prv
                0x0000000000004474       0x68 .build/obj_squiggle_rev1_andrew-complicated/lib/lufa/LUFA/Drivers/USB/Core/AVR8/Endpoint_AVR8.o
                0x0000000000004474                Endpoint_ConfigureEndpoint_Prv
 .text.Endpoint_ClearStatusStage
                0x00000000000044dc       0x3e .build/obj_squiggle_rev1_andrew-complicated/lib/lufa/LUFA/Drivers/USB/Core/AVR8/Endpoint_AVR8.o
                0x00000000000044dc                Endpoint_ClearStatusStage
 .text.Endpoint_WaitUntilReady
                0x000000000000451a       0x62 .build/obj_squiggle_rev1_andrew-complicated/lib/lufa/LUFA/Drivers/USB/Core/AVR8/Endpoint_AVR8.o
                0x000000000000451a                Endpoint_WaitUntilReady
 .text.USB_Disable
                0x000000000000457c       0x34 .build/obj_squiggle_rev1_andrew-complicated/lib/lufa/LUFA/Drivers/USB/Core/AVR8/USBController_AVR8.o
                0x000000000000457c                USB_Disable
 .text.USB_ResetInterface
                0x00000000000045b0       0x86 .build/obj_squiggle_rev1_andrew-complicated/lib/lufa/LUFA/Drivers/USB/Core/AVR8/USBController_AVR8.o
                0x00000000000045b0                USB_ResetInterface
 .text.USB_Init
                0x0000000000004636       0x22 .build/obj_squiggle_rev1_andrew-complicated/lib/lufa/LUFA/Drivers/USB/Core/AVR8/USBController_AVR8.o
                0x0000000000004636                USB_Init
 .text.USB_INT_DisableAllInterrupts
                0x0000000000004658       0x10 .build/obj_squiggle_rev1_andrew-complicated/lib/lufa/LUFA/Drivers/USB/Core/AVR8/USBInterrupt_AVR8.o
                0x0000000000004658                USB_INT_DisableAllInterrupts
 .text.USB_INT_ClearAllInterrupts
                0x0000000000004668        0xa .build/obj_squiggle_rev1_andrew-complicated/lib/lufa/LUFA/Drivers/USB/Core/AVR8/USBInterrupt_AVR8.o
                0x0000000000004668                USB_INT_ClearAllInterrupts
 .text.__vector_10
                0x0000000000004672      0x1a8 .build/obj_squiggle_rev1_andrew-complicated/lib/lufa/LUFA/Drivers/USB/Core/AVR8/USBInterrupt_AVR8.o
                0x0000000000004672                __vector_10
 .text.__vector_11
                0x000000000000481a       0x88 .build/obj_squiggle_rev1_andrew-complicated/lib/lufa/LUFA/Drivers/USB/Core/AVR8/USBInterrupt_AVR8.o
                0x000000000000481a                __vector_11
 .text.USB_Device_ProcessControlRequest
                0x00000000000048a2      0x2a4 .build/obj_squiggle_rev1_andrew-complicated/lib/lufa/LUFA/Drivers/USB/Core/DeviceStandardReq.o
                0x00000000000048a2                USB_Device_ProcessControlRequest
 .text.USB_USBTask
                0x0000000000004b46       0x36 .build/obj_squiggle_rev1_andrew-complicated/lib/lufa/LUFA/Drivers/USB/Core/USBTask.o
                0x0000000000004b46                USB_USBTask
 .text.libgcc.div
                0x0000000000004b7c       0x18 /usr/local/Cellar/avr-gcc@8/8.4.0/lib/avr-gcc/8/gcc/avr/8.4.0/avr5/libgcc.a(_udivmodqi4.o)
                0x0000000000004b7c                __udivmodqi4
 .text.libgcc.div
                0x0000000000004b94       0x28 /usr/local/Cellar/avr-gcc@8/8.4.0/lib/avr-gcc/8/gcc/avr/8.4.0/avr5/libgcc.a(_divmodhi4.o)
                0x0000000000004b94                __divmodhi4
                0x0000000000004b94                _div
 .text.libgcc   0x0000000000004bbc        0xc /usr/local/Cellar/avr-gcc@8/8.4.0/lib/avr-gcc/8/gcc/avr/8.4.0/avr5/libgcc.a(_tablejump2.o)
                0x0000000000004bbc                __tablejump2__
 .text.libgcc.div
                0x0000000000004bc8       0x28 /usr/local/Cellar/avr-gcc@8/8.4.0/lib/avr-gcc/8/gcc/avr/8.4.0/avr5/libgcc.a(_udivmodhi4.o)
                0x0000000000004bc8                __udivmodhi4
 .text.avr-libc
                0x0000000000004bf0       0x10 /usr/local/Cellar/avr-gcc@8/8.4.0/lib/avr-gcc/8/gcc/avr/8.4.0/../../../../../../avr/lib/avr5/libatmega32u4.a(eerd_byte.o)
                0x0000000000004bf0                eeprom_read_byte
 .text.avr-libc
                0x0000000000004c00        0xc /usr/local/Cellar/avr-gcc@8/8.4.0/lib/avr-gcc/8/gcc/avr/8.4.0/../../../../../../avr/lib/avr5/libatmega32u4.a(eerd_word.o)
                0x0000000000004c00                eeprom_read_word
 .text.avr-libc
                0x0000000000004c0c       0x24 /usr/local/Cellar/avr-gcc@8/8.4.0/lib/avr-gcc/8/gcc/avr/8.4.0/../../../../../../avr/lib/avr5/libatmega32u4.a(eeupd_byte.o)
                0x0000000000004c0c                eeprom_update_byte
                0x0000000000004c0e                eeprom_update_r18
 .text.avr-libc
                0x0000000000004c30       0x18 /usr/local/Cellar/avr-gcc@8/8.4.0/lib/avr-gcc/8/gcc/avr/8.4.0/../../../../../../avr/lib/avr5/libatmega32u4.a(eeupd_dword.o)
                0x0000000000004c30                eeprom_update_dword
                0x0000000000004c30                eeprom_update_float
 .text.avr-libc
                0x0000000000004c48        0xc /usr/local/Cellar/avr-gcc@8/8.4.0/lib/avr-gcc/8/gcc/avr/8.4.0/../../../../../../avr/lib/avr5/libatmega32u4.a(eeupd_word.o)
                0x0000000000004c48                eeprom_update_word
 .text.avr-libc
                0x0000000000004c54       0x20 /usr/local/Cellar/avr-gcc@8/8.4.0/lib/avr-gcc/8/gcc/avr/8.4.0/../../../../../../avr/lib/avr5/libatmega32u4.a(eerd_block.o)
                0x0000000000004c54                eeprom_read_block
                0x0000000000004c58                eeprom_read_blraw
                0x0000000000004c74                . = ALIGN (0x2)
 *(.fini9)
 .fini9         0x0000000000004c74        0x0 /usr/local/Cellar/avr-gcc@8/8.4.0/lib/avr-gcc/8/gcc/avr/8.4.0/avr5/libgcc.a(_exit.o)
                0x0000000000004c74                exit
                0x0000000000004c74                _exit
 *(.fini9)
 *(.fini8)
 *(.fini8)
 *(.fini7)
 *(.fini7)
 *(.fini6)
 *(.fini6)
 *(.fini5)
 *(.fini5)
 *(.fini4)
 *(.fini4)
 *(.fini3)
 *(.fini3)
 *(.fini2)
 *(.fini2)
 *(.fini1)
 *(.fini1)
 *(.fini0)
 .fini0         0x0000000000004c74        0x4 /usr/local/Cellar/avr-gcc@8/8.4.0/lib/avr-gcc/8/gcc/avr/8.4.0/avr5/libgcc.a(_exit.o)
 *(.fini0)
 *(.hightext)
 *(.hightext*)
 *(.progmemx.*)
                0x0000000000004c78                . = ALIGN (0x2)
 *(.jumptables)
 *(.jumptables*)
 .jumptables.gcc.process_action
                0x0000000000004c78       0x18 .build/obj_squiggle_rev1_andrew-complicated/common/action.o
 .jumptables.gcc.is_tap_action
                0x0000000000004c90       0x1c .build/obj_squiggle_rev1_andrew-complicated/common/action.o
 .jumptables.gcc.USB_Device_ProcessControlRequest
                0x0000000000004cac       0x14 .build/obj_squiggle_rev1_andrew-complicated/lib/lufa/LUFA/Drivers/USB/Core/DeviceStandardReq.o
                0x0000000000004cc0                _etext = .

.data           0x0000000000800100      0x24a load address 0x0000000000004cc0
                0x0000000000800100                PROVIDE (__data_start = .)
 *(.data)
 *(.data*)
 .data.tap_dance_actions
                0x0000000000800100      0x11e .build/obj_squiggle_rev1_andrew-complicated/keyboards/squiggle/keymaps/andrew-complicated/keymap.o
                0x0000000000800100                tap_dance_actions
 .data.__compound_literal.12
                0x000000000080021e        0x4 .build/obj_squiggle_rev1_andrew-complicated/keyboards/squiggle/keymaps/andrew-complicated/keymap.o
 .data.__compound_literal.11
                0x0000000000800222        0x4 .build/obj_squiggle_rev1_andrew-complicated/keyboards/squiggle/keymaps/andrew-complicated/keymap.o
 .data.__compound_literal.10
                0x0000000000800226        0x4 .build/obj_squiggle_rev1_andrew-complicated/keyboards/squiggle/keymaps/andrew-complicated/keymap.o
 .data.__compound_literal.9
                0x000000000080022a        0x4 .build/obj_squiggle_rev1_andrew-complicated/keyboards/squiggle/keymaps/andrew-complicated/keymap.o
 .data.__compound_literal.8
                0x000000000080022e        0x4 .build/obj_squiggle_rev1_andrew-complicated/keyboards/squiggle/keymaps/andrew-complicated/keymap.o
 .data.__compound_literal.7
                0x0000000000800232        0x4 .build/obj_squiggle_rev1_andrew-complicated/keyboards/squiggle/keymaps/andrew-complicated/keymap.o
 .data.__compound_literal.6
                0x0000000000800236        0x4 .build/obj_squiggle_rev1_andrew-complicated/keyboards/squiggle/keymaps/andrew-complicated/keymap.o
 .data.__compound_literal.5
                0x000000000080023a        0x4 .build/obj_squiggle_rev1_andrew-complicated/keyboards/squiggle/keymaps/andrew-complicated/keymap.o
 .data.__compound_literal.4
                0x000000000080023e        0x4 .build/obj_squiggle_rev1_andrew-complicated/keyboards/squiggle/keymaps/andrew-complicated/keymap.o
 .data.__compound_literal.3
                0x0000000000800242        0x4 .build/obj_squiggle_rev1_andrew-complicated/keyboards/squiggle/keymaps/andrew-complicated/keymap.o
 .data.__compound_literal.2
                0x0000000000800246        0x4 .build/obj_squiggle_rev1_andrew-complicated/keyboards/squiggle/keymaps/andrew-complicated/keymap.o
 .data.__compound_literal.1
                0x000000000080024a        0x4 .build/obj_squiggle_rev1_andrew-complicated/keyboards/squiggle/keymaps/andrew-complicated/keymap.o
 .data.__compound_literal.0
                0x000000000080024e        0x4 .build/obj_squiggle_rev1_andrew-complicated/keyboards/squiggle/keymaps/andrew-complicated/keymap.o
 .data.key_combos
                0x0000000000800252       0xbe .build/obj_squiggle_rev1_andrew-complicated/keyboards/squiggle/keymaps/andrew-complicated/keymap.o
                0x0000000000800252                key_combos
 .data.isLeftHand
                0x0000000000800310        0x1 .build/obj_squiggle_rev1_andrew-complicated/quantum/split_common/split_util.o
                0x0000000000800310                isLeftHand
 .data.transactions
                0x0000000000800311        0x8 .build/obj_squiggle_rev1_andrew-complicated/quantum/split_common/transport.o
                0x0000000000800311                transactions
 .data.b_combo_enable
                0x0000000000800319        0x1 .build/obj_squiggle_rev1_andrew-complicated/quantum/process_keycode/process_combo.o
 .data.highest_td
                0x000000000080031a        0x1 .build/obj_squiggle_rev1_andrew-complicated/quantum/process_keycode/process_tap_dance.o
 .data.keyboard_report
                0x000000000080031b        0x2 .build/obj_squiggle_rev1_andrew-complicated/common/action_util.o
                0x000000000080031b                keyboard_report
 .data.mk_wheel_time_to_max
                0x000000000080031d        0x1 .build/obj_squiggle_rev1_andrew-complicated/common/mousekey.o
                0x000000000080031d                mk_wheel_time_to_max
 .data.mk_wheel_max_speed
                0x000000000080031e        0x1 .build/obj_squiggle_rev1_andrew-complicated/common/mousekey.o
                0x000000000080031e                mk_wheel_max_speed
 .data.mk_wheel_interval
                0x000000000080031f        0x1 .build/obj_squiggle_rev1_andrew-complicated/common/mousekey.o
                0x000000000080031f                mk_wheel_interval
 .data.mk_time_to_max
                0x0000000000800320        0x1 .build/obj_squiggle_rev1_andrew-complicated/common/mousekey.o
                0x0000000000800320                mk_time_to_max
 .data.mk_max_speed
                0x0000000000800321        0x1 .build/obj_squiggle_rev1_andrew-complicated/common/mousekey.o
                0x0000000000800321                mk_max_speed
 .data.mk_interval
                0x0000000000800322        0x1 .build/obj_squiggle_rev1_andrew-complicated/common/mousekey.o
                0x0000000000800322                mk_interval
 .data.lufa_driver
                0x0000000000800323        0xa .build/obj_squiggle_rev1_andrew-complicated/lufa.o
                0x0000000000800323                lufa_driver
 .data.keyboard_protocol
                0x000000000080032d        0x1 .build/obj_squiggle_rev1_andrew-complicated/lufa.o
                0x000000000080032d                keyboard_protocol
 *(.gnu.linkonce.d*)
 *(.rodata)
 *(.rodata*)
 .rodata.col_pins
                0x000000000080032e        0x5 .build/obj_squiggle_rev1_andrew-complicated/quantum/split_common/matrix.o
 .rodata.row_pins
                0x0000000000800333        0x8 .build/obj_squiggle_rev1_andrew-complicated/quantum/split_common/matrix.o
 .rodata.CSWTCH.2
                0x000000000080033b        0x3 .build/obj_squiggle_rev1_andrew-complicated/usb_descriptor.o
 .rodata.CSWTCH.1
                0x000000000080033e        0x6 .build/obj_squiggle_rev1_andrew-complicated/usb_descriptor.o
 .rodata.CSWTCH.0
                0x0000000000800344        0x6 .build/obj_squiggle_rev1_andrew-complicated/usb_descriptor.o
 *(.gnu.linkonce.r*)
                0x000000000080034a                . = ALIGN (0x2)
                0x000000000080034a                _edata = .
                0x000000000080034a                PROVIDE (__data_end = .)

.bss            0x000000000080034a       0xe4
                0x000000000080034a                PROVIDE (__bss_start = .)
 *(.bss)
 .bss           0x000000000080034a        0x2 .build/obj_squiggle_rev1_andrew-complicated/common/avr/xprintf.o
                0x000000000080034a                xfunc_out
 *(.bss*)
 .bss.error_count.3830
                0x000000000080034c        0x1 .build/obj_squiggle_rev1_andrew-complicated/quantum/split_common/matrix.o
 .bss.debouncing_time
                0x000000000080034d        0x2 .build/obj_squiggle_rev1_andrew-complicated/quantum/debounce/sym_defer_g.o
 .bss.debouncing
                0x000000000080034f        0x1 .build/obj_squiggle_rev1_andrew-complicated/quantum/debounce/sym_defer_g.o
 .bss.usbstate.6078
                0x0000000000800350        0x1 .build/obj_squiggle_rev1_andrew-complicated/quantum/split_common/split_util.o
 .bss.status0   0x0000000000800351        0x1 .build/obj_squiggle_rev1_andrew-complicated/quantum/split_common/transport.o
                0x0000000000800351                status0
 .bss.serial_m2s_buffer
                0x0000000000800352        0x0 .build/obj_squiggle_rev1_andrew-complicated/quantum/split_common/transport.o
                0x0000000000800352                serial_m2s_buffer
 .bss.serial_s2m_buffer
                0x0000000000800352        0x4 .build/obj_squiggle_rev1_andrew-complicated/quantum/split_common/transport.o
                0x0000000000800352                serial_s2m_buffer
 .bss.sc_timer  0x0000000000800356        0x2 .build/obj_squiggle_rev1_andrew-complicated/quantum/process_keycode/process_space_cadet.o
 .bss.sc_last   0x0000000000800358        0x1 .build/obj_squiggle_rev1_andrew-complicated/quantum/process_keycode/process_space_cadet.o
 .bss.grave_esc_was_shifted
                0x0000000000800359        0x1 .build/obj_squiggle_rev1_andrew-complicated/quantum/process_keycode/process_grave_esc.o
 .bss.key_buffer
                0x000000000080035a       0x10 .build/obj_squiggle_rev1_andrew-complicated/quantum/process_keycode/process_combo.o
 .bss.buffer_size
                0x000000000080036a        0x1 .build/obj_squiggle_rev1_andrew-complicated/quantum/process_keycode/process_combo.o
 .bss.is_active
                0x000000000080036b        0x1 .build/obj_squiggle_rev1_andrew-complicated/quantum/process_keycode/process_combo.o
 .bss.drop_buffer
                0x000000000080036c        0x1 .build/obj_squiggle_rev1_andrew-complicated/quantum/process_keycode/process_combo.o
 .bss.current_combo_index
                0x000000000080036d        0x2 .build/obj_squiggle_rev1_andrew-complicated/quantum/process_keycode/process_combo.o
 .bss.timer     0x000000000080036f        0x2 .build/obj_squiggle_rev1_andrew-complicated/quantum/process_keycode/process_combo.o
 .bss.last_td   0x0000000000800371        0x2 .build/obj_squiggle_rev1_andrew-complicated/quantum/process_keycode/process_tap_dance.o
 .bss.Transaction_table
                0x0000000000800373        0x2 .build/obj_squiggle_rev1_andrew-complicated/serial.a(serial.o)
 .bss.last_consumer_report
                0x0000000000800375        0x2 .build/obj_squiggle_rev1_andrew-complicated/common/host.o
 .bss.last_system_report
                0x0000000000800377        0x2 .build/obj_squiggle_rev1_andrew-complicated/common/host.o
 .bss.driver    0x0000000000800379        0x2 .build/obj_squiggle_rev1_andrew-complicated/common/host.o
 .bss.led_status.3022
                0x000000000080037b        0x1 .build/obj_squiggle_rev1_andrew-complicated/common/keyboard.o
 .bss.matrix_prev.3021
                0x000000000080037c        0x8 .build/obj_squiggle_rev1_andrew-complicated/common/keyboard.o
 .bss.disable_action_cache
                0x0000000000800384        0x1 .build/obj_squiggle_rev1_andrew-complicated/common/action.o
                0x0000000000800384                disable_action_cache
 .bss.waiting_buffer_tail
                0x0000000000800385        0x1 .build/obj_squiggle_rev1_andrew-complicated/common/action_tapping.o
 .bss.waiting_buffer_head
                0x0000000000800386        0x1 .build/obj_squiggle_rev1_andrew-complicated/common/action_tapping.o
 .bss.waiting_buffer
                0x0000000000800387       0x30 .build/obj_squiggle_rev1_andrew-complicated/common/action_tapping.o
 .bss.tapping_key
                0x00000000008003b7        0x6 .build/obj_squiggle_rev1_andrew-complicated/common/action_tapping.o
 .bss.source_layers_cache
                0x00000000008003bd       0x19 .build/obj_squiggle_rev1_andrew-complicated/common/action_layer.o
                0x00000000008003bd                source_layers_cache
 .bss.layer_state
                0x00000000008003d6        0x4 .build/obj_squiggle_rev1_andrew-complicated/common/action_layer.o
                0x00000000008003d6                layer_state
 .bss.default_layer_state
                0x00000000008003da        0x4 .build/obj_squiggle_rev1_andrew-complicated/common/action_layer.o
                0x00000000008003da                default_layer_state
 .bss.oneshot_layer_data
                0x00000000008003de        0x1 .build/obj_squiggle_rev1_andrew-complicated/common/action_util.o
 .bss.oneshot_mods
                0x00000000008003df        0x1 .build/obj_squiggle_rev1_andrew-complicated/common/action_util.o
 .bss.__compound_literal.0
                0x00000000008003e0        0x8 .build/obj_squiggle_rev1_andrew-complicated/common/action_util.o
 .bss.macro_mods
                0x00000000008003e8        0x1 .build/obj_squiggle_rev1_andrew-complicated/common/action_util.o
 .bss.weak_mods
                0x00000000008003e9        0x1 .build/obj_squiggle_rev1_andrew-complicated/common/action_util.o
 .bss.real_mods
                0x00000000008003ea        0x1 .build/obj_squiggle_rev1_andrew-complicated/common/action_util.o
 .bss.debug_config
                0x00000000008003eb        0x1 .build/obj_squiggle_rev1_andrew-complicated/common/debug.o
                0x00000000008003eb                debug_config
 .bss.wdt_timeout
                0x00000000008003ec        0x1 .build/obj_squiggle_rev1_andrew-complicated/common/avr/suspend.o
 .bss.mk_wheel_delay
                0x00000000008003ed        0x1 .build/obj_squiggle_rev1_andrew-complicated/common/mousekey.o
                0x00000000008003ed                mk_wheel_delay
 .bss.mk_delay  0x00000000008003ee        0x1 .build/obj_squiggle_rev1_andrew-complicated/common/mousekey.o
                0x00000000008003ee                mk_delay
 .bss.last_timer_w
                0x00000000008003ef        0x2 .build/obj_squiggle_rev1_andrew-complicated/common/mousekey.o
 .bss.last_timer_c
                0x00000000008003f1        0x2 .build/obj_squiggle_rev1_andrew-complicated/common/mousekey.o
 .bss.mousekey_wheel_repeat
                0x00000000008003f3        0x1 .build/obj_squiggle_rev1_andrew-complicated/common/mousekey.o
 .bss.mousekey_repeat
                0x00000000008003f4        0x1 .build/obj_squiggle_rev1_andrew-complicated/common/mousekey.o
 .bss.mousekey_accel
                0x00000000008003f5        0x1 .build/obj_squiggle_rev1_andrew-complicated/common/mousekey.o
 .bss.mouse_report
                0x00000000008003f6        0x6 .build/obj_squiggle_rev1_andrew-complicated/common/mousekey.o
 .bss.timeouted.6252
                0x00000000008003fc        0x1 .build/obj_squiggle_rev1_andrew-complicated/lufa.o
 .bss.count.6192
                0x00000000008003fd        0x1 .build/obj_squiggle_rev1_andrew-complicated/lufa.o
 .bss.console_flush
                0x00000000008003fe        0x1 .build/obj_squiggle_rev1_andrew-complicated/lufa.o
 .bss.keyboard_report_sent
                0x00000000008003ff        0x8 .build/obj_squiggle_rev1_andrew-complicated/lufa.o
 .bss.keyboard_led_state
                0x0000000000800407        0x1 .build/obj_squiggle_rev1_andrew-complicated/lufa.o
 .bss.keyboard_idle
                0x0000000000800408        0x1 .build/obj_squiggle_rev1_andrew-complicated/lufa.o
                0x0000000000800408                keyboard_idle
 *(COMMON)
 COMMON         0x0000000000800409       0x10 .build/obj_squiggle_rev1_andrew-complicated/quantum/matrix_common.o
                0x0000000000800409                raw_matrix
                0x0000000000800411                matrix
 COMMON         0x0000000000800419        0x2 .build/obj_squiggle_rev1_andrew-complicated/quantum/split_common/matrix.o
                0x0000000000800419                thatHand
                0x000000000080041a                thisHand
 COMMON         0x000000000080041b        0x4 .build/obj_squiggle_rev1_andrew-complicated/common/avr/timer.o
                0x000000000080041b                timer_count
 COMMON         0x000000000080041f        0x2 .build/obj_squiggle_rev1_andrew-complicated/common/magic.o
                0x000000000080041f                keymap_config
 COMMON         0x0000000000800421        0x3 .build/obj_squiggle_rev1_andrew-complicated/lib/lufa/LUFA/Drivers/USB/Core/DeviceStandardReq.o
                0x0000000000800421                USB_Device_ConfigurationNumber
                0x0000000000800422                USB_Device_CurrentlySelfPowered
                0x0000000000800423                USB_Device_RemoteWakeupEnabled
 COMMON         0x0000000000800424        0xa .build/obj_squiggle_rev1_andrew-complicated/lib/lufa/LUFA/Drivers/USB/Core/USBTask.o
                0x0000000000800424                USB_IsInitialized
                0x0000000000800425                USB_DeviceState
                0x0000000000800426                USB_ControlRequest
                0x000000000080042e                PROVIDE (__bss_end = .)
                0x0000000000004cc0                __data_load_start = LOADADDR (.data)
                0x0000000000004f0a                __data_load_end = (__data_load_start + SIZEOF (.data))

.noinit         0x000000000080042e        0x4
                [!provide]                        PROVIDE (__noinit_start = .)
 *(.noinit*)
 .noinit        0x000000000080042e        0x4 .build/obj_squiggle_rev1_andrew-complicated/common/avr/bootloader.o
                0x000000000080042e                reset_key
                [!provide]                        PROVIDE (__noinit_end = .)
                0x0000000000800432                _end = .
                [!provide]                        PROVIDE (__heap_start = .)

.eeprom         0x0000000000810000        0x0
 *(.eeprom*)
                0x0000000000810000                __eeprom_end = .

.fuse
 *(.fuse)
 *(.lfuse)
 *(.hfuse)
 *(.efuse)

.lock
 *(.lock*)

.signature
 *(.signature*)

.stab           0x0000000000000000      0x8b8
 *(.stab)
 .stab          0x0000000000000000      0x8b8 .build/obj_squiggle_rev1_andrew-complicated/common/avr/xprintf.o

.stabstr        0x0000000000000000       0x9a
 *(.stabstr)
 .stabstr       0x0000000000000000       0x9a .build/obj_squiggle_rev1_andrew-complicated/common/avr/xprintf.o

.stab.excl
 *(.stab.excl)

.stab.exclstr
 *(.stab.exclstr)

.stab.index
 *(.stab.index)

.stab.indexstr
 *(.stab.indexstr)

.comment        0x0000000000000000       0x24
 *(.comment)
 .comment       0x0000000000000000       0x24 .build/obj_squiggle_rev1_andrew-complicated/keyboards/squiggle/keymaps/andrew-complicated/keymap.o
                                         0x25 (size before relaxing)
 .comment       0x0000000000000024       0x25 .build/obj_squiggle_rev1_andrew-complicated/quantum/quantum.o