Archive member included to satisfy reference by file (symbol)

.build/obj_squiggle_rev1_andrew/serial.a(serial.o)
                              .build/obj_squiggle_rev1_andrew/quantum/split_common/transport.o (soft_serial_initiator_init)
/usr/local/Cellar/avr-gcc@8/8.4.0/lib/avr-gcc/8/gcc/avr/8.4.0/avr5/libgcc.a(_udivmodqi4.o)
                              .build/obj_squiggle_rev1_andrew/lufa.o (__udivmodqi4)
/usr/local/Cellar/avr-gcc@8/8.4.0/lib/avr-gcc/8/gcc/avr/8.4.0/avr5/libgcc.a(_divmodhi4.o)
                              .build/obj_squiggle_rev1_andrew/common/mousekey.o (__divmodhi4)
/usr/local/Cellar/avr-gcc@8/8.4.0/lib/avr-gcc/8/gcc/avr/8.4.0/avr5/libgcc.a(_exit.o)
                              /usr/local/Cellar/avr-gcc@8/8.4.0/lib/avr-gcc/8/gcc/avr/8.4.0/../../../../../../avr/lib/avr5/crtatmega32u4.o (exit)
/usr/local/Cellar/avr-gcc@8/8.4.0/lib/avr-gcc/8/gcc/avr/8.4.0/avr5/libgcc.a(_tablejump2.o)
                              .build/obj_squiggle_rev1_andrew/common/action.o (__tablejump2__)
/usr/local/Cellar/avr-gcc@8/8.4.0/lib/avr-gcc/8/gcc/avr/8.4.0/avr5/libgcc.a(_copy_data.o)
                              .build/obj_squiggle_rev1_andrew/quantum/split_common/matrix.o (__do_copy_data)
/usr/local/Cellar/avr-gcc@8/8.4.0/lib/avr-gcc/8/gcc/avr/8.4.0/avr5/libgcc.a(_clear_bss.o)
                              .build/obj_squiggle_rev1_andrew/quantum/matrix_common.o (__do_clear_bss)
/usr/local/Cellar/avr-gcc@8/8.4.0/lib/avr-gcc/8/gcc/avr/8.4.0/avr5/libgcc.a(_udivmodhi4.o)
                              /usr/local/Cellar/avr-gcc@8/8.4.0/lib/avr-gcc/8/gcc/avr/8.4.0/avr5/libgcc.a(_divmodhi4.o) (__udivmodhi4)
/usr/local/Cellar/avr-gcc@8/8.4.0/lib/avr-gcc/8/gcc/avr/8.4.0/../../../../../../avr/lib/avr5/libatmega32u4.a(eerd_byte.o)
                              .build/obj_squiggle_rev1_andrew/common/eeconfig.o (eeprom_read_byte)
/usr/local/Cellar/avr-gcc@8/8.4.0/lib/avr-gcc/8/gcc/avr/8.4.0/../../../../../../avr/lib/avr5/libatmega32u4.a(eerd_dword.o)
                              .build/obj_squiggle_rev1_andrew/common/eeconfig.o (eeprom_read_dword)
/usr/local/Cellar/avr-gcc@8/8.4.0/lib/avr-gcc/8/gcc/avr/8.4.0/../../../../../../avr/lib/avr5/libatmega32u4.a(eerd_word.o)
                              .build/obj_squiggle_rev1_andrew/common/eeconfig.o (eeprom_read_word)
/usr/local/Cellar/avr-gcc@8/8.4.0/lib/avr-gcc/8/gcc/avr/8.4.0/../../../../../../avr/lib/avr5/libatmega32u4.a(eeupd_byte.o)
                              .build/obj_squiggle_rev1_andrew/common/eeconfig.o (eeprom_update_byte)
/usr/local/Cellar/avr-gcc@8/8.4.0/lib/avr-gcc/8/gcc/avr/8.4.0/../../../../../../avr/lib/avr5/libatmega32u4.a(eeupd_dword.o)
                              .build/obj_squiggle_rev1_andrew/common/eeconfig.o (eeprom_update_dword)
/usr/local/Cellar/avr-gcc@8/8.4.0/lib/avr-gcc/8/gcc/avr/8.4.0/../../../../../../avr/lib/avr5/libatmega32u4.a(eeupd_word.o)
                              .build/obj_squiggle_rev1_andrew/common/eeconfig.o (eeprom_update_word)
/usr/local/Cellar/avr-gcc@8/8.4.0/lib/avr-gcc/8/gcc/avr/8.4.0/../../../../../../avr/lib/avr5/libatmega32u4.a(eerd_block.o)
                              /usr/local/Cellar/avr-gcc@8/8.4.0/lib/avr-gcc/8/gcc/avr/8.4.0/../../../../../../avr/lib/avr5/libatmega32u4.a(eerd_dword.o) (eeprom_read_blraw)

Allocating common symbols
Common symbol       size              file

USB_IsInitialized   0x1               .build/obj_squiggle_rev1_andrew/lib/lufa/LUFA/Drivers/USB/Core/USBTask.o
keymap_config       0x2               .build/obj_squiggle_rev1_andrew/common/magic.o
thatHand            0x1               .build/obj_squiggle_rev1_andrew/quantum/split_common/matrix.o
USB_DeviceState     0x1               .build/obj_squiggle_rev1_andrew/lib/lufa/LUFA/Drivers/USB/Core/USBTask.o
USB_Device_ConfigurationNumber
                    0x1               .build/obj_squiggle_rev1_andrew/lib/lufa/LUFA/Drivers/USB/Core/DeviceStandardReq.o
raw_matrix          0x8               .build/obj_squiggle_rev1_andrew/quantum/matrix_common.o
USB_Device_CurrentlySelfPowered
                    0x1               .build/obj_squiggle_rev1_andrew/lib/lufa/LUFA/Drivers/USB/Core/DeviceStandardReq.o
matrix              0x8               .build/obj_squiggle_rev1_andrew/quantum/matrix_common.o
USB_ControlRequest  0x8               .build/obj_squiggle_rev1_andrew/lib/lufa/LUFA/Drivers/USB/Core/USBTask.o
tp_buttons          0x2               .build/obj_squiggle_rev1_andrew/common/action.o
USB_Device_RemoteWakeupEnabled
                    0x1               .build/obj_squiggle_rev1_andrew/lib/lufa/LUFA/Drivers/USB/Core/DeviceStandardReq.o
thisHand            0x1               .build/obj_squiggle_rev1_andrew/quantum/split_common/matrix.o
timer_count         0x4               .build/obj_squiggle_rev1_andrew/common/avr/timer.o

Discarded input sections

 .data          0x0000000000000000        0x0 /usr/local/Cellar/avr-gcc@8/8.4.0/lib/avr-gcc/8/gcc/avr/8.4.0/../../../../../../avr/lib/avr5/crtatmega32u4.o
[...]
Memory Configuration

Name             Origin             Length             Attributes
text             0x0000000000000000 0x0000000000020000 xr
data             0x0000000000800060 0x000000000000ffa0 rw !x
eeprom           0x0000000000810000 0x0000000000010000 rw !x
fuse             0x0000000000820000 0x0000000000000400 rw !x
lock             0x0000000000830000 0x0000000000000400 rw !x
signature        0x0000000000840000 0x0000000000000400 rw !x
user_signatures  0x0000000000850000 0x0000000000000400 rw !x
*default*        0x0000000000000000 0xffffffffffffffff

Linker script and memory map

Address of section .data set to 0x800100
LOAD /usr/local/Cellar/avr-gcc@8/8.4.0/lib/avr-gcc/8/gcc/avr/8.4.0/../../../../../../avr/lib/avr5/crtatmega32u4.o
LOAD .build/obj_squiggle_rev1_andrew/keyboards/squiggle/squiggle.o
LOAD .build/obj_squiggle_rev1_andrew/keyboards/squiggle/rev1/rev1.o
LOAD .build/obj_squiggle_rev1_andrew/keyboards/squiggle/keymaps/andrew/keymap.o
LOAD .build/obj_squiggle_rev1_andrew/quantum/quantum.o
LOAD .build/obj_squiggle_rev1_andrew/quantum/keymap_common.o
LOAD .build/obj_squiggle_rev1_andrew/quantum/keycode_config.o
LOAD .build/obj_squiggle_rev1_andrew/quantum/matrix_common.o
LOAD .build/obj_squiggle_rev1_andrew/quantum/split_common/matrix.o
LOAD .build/obj_squiggle_rev1_andrew/quantum/debounce/sym_defer_g.o
LOAD .build/obj_squiggle_rev1_andrew/quantum/split_common/split_util.o
LOAD .build/obj_squiggle_rev1_andrew/quantum/split_common/transport.o
LOAD .build/obj_squiggle_rev1_andrew/quantum/process_keycode/process_space_cadet.o
LOAD .build/obj_squiggle_rev1_andrew/quantum/process_keycode/process_magic.o
LOAD .build/obj_squiggle_rev1_andrew/quantum/process_keycode/process_grave_esc.o
LOAD .build/obj_squiggle_rev1_andrew/i2c_master.a
LOAD .build/obj_squiggle_rev1_andrew/i2c_slave.a
LOAD .build/obj_squiggle_rev1_andrew/serial.a
LOAD .build/obj_squiggle_rev1_andrew/common/host.o
LOAD .build/obj_squiggle_rev1_andrew/common/keyboard.o
LOAD .build/obj_squiggle_rev1_andrew/common/action.o
LOAD .build/obj_squiggle_rev1_andrew/common/action_tapping.o
LOAD .build/obj_squiggle_rev1_andrew/common/action_macro.o
LOAD .build/obj_squiggle_rev1_andrew/common/action_layer.o
LOAD .build/obj_squiggle_rev1_andrew/common/action_util.o
LOAD .build/obj_squiggle_rev1_andrew/common/print.o
LOAD .build/obj_squiggle_rev1_andrew/common/debug.o
LOAD .build/obj_squiggle_rev1_andrew/common/sendchar_null.o
LOAD .build/obj_squiggle_rev1_andrew/common/util.o
LOAD .build/obj_squiggle_rev1_andrew/common/eeconfig.o
LOAD .build/obj_squiggle_rev1_andrew/common/report.o
LOAD .build/obj_squiggle_rev1_andrew/common/avr/suspend.o
LOAD .build/obj_squiggle_rev1_andrew/common/avr/timer.o
LOAD .build/obj_squiggle_rev1_andrew/common/avr/bootloader.o
LOAD .build/obj_squiggle_rev1_andrew/common/avr/xprintf.o
LOAD .build/obj_squiggle_rev1_andrew/common/magic.o
LOAD .build/obj_squiggle_rev1_andrew/common/mousekey.o
LOAD .build/obj_squiggle_rev1_andrew/lufa.o
LOAD .build/obj_squiggle_rev1_andrew/usb_descriptor.o
LOAD .build/obj_squiggle_rev1_andrew/lib/lufa/LUFA/Drivers/USB/Class/Common/HIDParser.o
LOAD .build/obj_squiggle_rev1_andrew/lib/lufa/LUFA/Drivers/USB/Core/AVR8/Device_AVR8.o
LOAD .build/obj_squiggle_rev1_andrew/lib/lufa/LUFA/Drivers/USB/Core/AVR8/EndpointStream_AVR8.o
LOAD .build/obj_squiggle_rev1_andrew/lib/lufa/LUFA/Drivers/USB/Core/AVR8/Endpoint_AVR8.o
LOAD .build/obj_squiggle_rev1_andrew/lib/lufa/LUFA/Drivers/USB/Core/AVR8/Host_AVR8.o
LOAD .build/obj_squiggle_rev1_andrew/lib/lufa/LUFA/Drivers/USB/Core/AVR8/PipeStream_AVR8.o
LOAD .build/obj_squiggle_rev1_andrew/lib/lufa/LUFA/Drivers/USB/Core/AVR8/Pipe_AVR8.o
LOAD .build/obj_squiggle_rev1_andrew/lib/lufa/LUFA/Drivers/USB/Core/AVR8/USBController_AVR8.o
LOAD .build/obj_squiggle_rev1_andrew/lib/lufa/LUFA/Drivers/USB/Core/AVR8/USBInterrupt_AVR8.o
LOAD .build/obj_squiggle_rev1_andrew/lib/lufa/LUFA/Drivers/USB/Core/ConfigDescriptors.o
LOAD .build/obj_squiggle_rev1_andrew/lib/lufa/LUFA/Drivers/USB/Core/DeviceStandardReq.o
LOAD .build/obj_squiggle_rev1_andrew/lib/lufa/LUFA/Drivers/USB/Core/Events.o
LOAD .build/obj_squiggle_rev1_andrew/lib/lufa/LUFA/Drivers/USB/Core/HostStandardReq.o
LOAD .build/obj_squiggle_rev1_andrew/lib/lufa/LUFA/Drivers/USB/Core/USBTask.o
LOAD /usr/local/Cellar/avr-gcc@8/8.4.0/lib/avr-gcc/8/gcc/avr/8.4.0/../../../../../../avr/lib/avr5/libm.a
START GROUP
LOAD /usr/local/Cellar/avr-gcc@8/8.4.0/lib/avr-gcc/8/gcc/avr/8.4.0/avr5/libgcc.a
LOAD /usr/local/Cellar/avr-gcc@8/8.4.0/lib/avr-gcc/8/gcc/avr/8.4.0/../../../../../../avr/lib/avr5/libm.a
LOAD /usr/local/Cellar/avr-gcc@8/8.4.0/lib/avr-gcc/8/gcc/avr/8.4.0/../../../../../../avr/lib/avr5/libc.a
LOAD /usr/local/Cellar/avr-gcc@8/8.4.0/lib/avr-gcc/8/gcc/avr/8.4.0/../../../../../../avr/lib/avr5/libatmega32u4.a
END GROUP
                0x0000000000020000                __TEXT_REGION_LENGTH__ = DEFINED (__TEXT_REGION_LENGTH__)?__TEXT_REGION_LENGTH__:0x20000
                0x000000000000ffa0                __DATA_REGION_LENGTH__ = DEFINED (__DATA_REGION_LENGTH__)?__DATA_REGION_LENGTH__:0xffa0
                0x0000000000010000                __EEPROM_REGION_LENGTH__ = DEFINED (__EEPROM_REGION_LENGTH__)?__EEPROM_REGION_LENGTH__:0x10000
                0x0000000000000400                __FUSE_REGION_LENGTH__ = DEFINED (__FUSE_REGION_LENGTH__)?__FUSE_REGION_LENGTH__:0x400
                0x0000000000000400                __LOCK_REGION_LENGTH__ = DEFINED (__LOCK_REGION_LENGTH__)?__LOCK_REGION_LENGTH__:0x400
                0x0000000000000400                __SIGNATURE_REGION_LENGTH__ = DEFINED (__SIGNATURE_REGION_LENGTH__)?__SIGNATURE_REGION_LENGTH__:0x400
                0x0000000000000400                __USER_SIGNATURE_REGION_LENGTH__ = DEFINED (__USER_SIGNATURE_REGION_LENGTH__)?__USER_SIGNATURE_REGION_LENGTH__:0x400

.hash
 *(.hash)

.dynsym
 *(.dynsym)

.dynstr
 *(.dynstr)

.gnu.version
 *(.gnu.version)

.gnu.version_d
 *(.gnu.version_d)

.gnu.version_r
 *(.gnu.version_r)

.rel.init
 *(.rel.init)

.rela.init
 *(.rela.init)

.rel.text
 *(.rel.text)
 *(.rel.text.*)
 *(.rel.gnu.linkonce.t*)

.rela.text
 *(.rela.text)
 *(.rela.text.*)
 *(.rela.gnu.linkonce.t*)

.rel.fini
 *(.rel.fini)

.rela.fini
 *(.rela.fini)

.rel.rodata
 *(.rel.rodata)
 *(.rel.rodata.*)
 *(.rel.gnu.linkonce.r*)

.rela.rodata
 *(.rela.rodata)
 *(.rela.rodata.*)
 *(.rela.gnu.linkonce.r*)

.rel.data
 *(.rel.data)
 *(.rel.data.*)
 *(.rel.gnu.linkonce.d*)

.rela.data
 *(.rela.data)
 *(.rela.data.*)
 *(.rela.gnu.linkonce.d*)

.rel.ctors
 *(.rel.ctors)

.rela.ctors
 *(.rela.ctors)

.rel.dtors
 *(.rel.dtors)

.rela.dtors
 *(.rela.dtors)

.rel.got
 *(.rel.got)

.rela.got
 *(.rela.got)

.rel.bss
 *(.rel.bss)

.rela.bss
 *(.rela.bss)

.rel.plt
 *(.rel.plt)

.rela.plt
 *(.rela.plt)

.text           0x0000000000000000     0x4550
 *(.vectors)
 .vectors       0x0000000000000000       0xac /usr/local/Cellar/avr-gcc@8/8.4.0/lib/avr-gcc/8/gcc/avr/8.4.0/../../../../../../avr/lib/avr5/crtatmega32u4.o
                0x0000000000000000                __vectors
                0x0000000000000000                __vector_default
 *(.vectors)
 *(.progmem.gcc*)
                0x00000000000000ac                . = ALIGN (0x2)
                0x00000000000000ac                __trampolines_start = .
 *(.trampolines)
 .trampolines   0x00000000000000ac        0x0 linker stubs
 *(.trampolines*)
                0x00000000000000ac                __trampolines_end = .
 *libprintf_flt.a:*(.progmem.data)
 *libc.a:*(.progmem.data)
 *(.progmem.*)
 .progmem.data.__c.3515
                0x00000000000000ac       0x2b .build/obj_squiggle_rev1_andrew/keyboards/squiggle/keymaps/andrew/keymap.o
 .progmem.data.keymaps
                0x00000000000000d7      0x190 .build/obj_squiggle_rev1_andrew/keyboards/squiggle/keymaps/andrew/keymap.o
                0x00000000000000d7                keymaps
 .progmem.data.__c.3564
                0x0000000000000267       0x12 .build/obj_squiggle_rev1_andrew/quantum/quantum.o
 .progmem.data.__c.3562
                0x0000000000000279       0x11 .build/obj_squiggle_rev1_andrew/quantum/quantum.o
 .progmem.data.__c.1968
                0x000000000000028a        0x2 .build/obj_squiggle_rev1_andrew/quantum/matrix_common.o
 .progmem.data.__c.1966
                0x000000000000028c        0x5 .build/obj_squiggle_rev1_andrew/quantum/matrix_common.o
 .progmem.data.__c.1964
                0x0000000000000291        0x3 .build/obj_squiggle_rev1_andrew/quantum/matrix_common.o
 .progmem.data.__c.1962
                0x0000000000000294        0x5 .build/obj_squiggle_rev1_andrew/quantum/matrix_common.o
 .progmem.data.__c.1959
                0x0000000000000299        0xf .build/obj_squiggle_rev1_andrew/quantum/matrix_common.o
 .progmem.data.__c.2204
                0x00000000000002a8        0x2 .build/obj_squiggle_rev1_andrew/common/host.o
 .progmem.data.__c.2199
                0x00000000000002aa        0x6 .build/obj_squiggle_rev1_andrew/common/host.o
 .progmem.data.__c.2196
                0x00000000000002b0       0x12 .build/obj_squiggle_rev1_andrew/common/host.o
 .progmem.data.__c.3046
                0x00000000000002c2        0x2 .build/obj_squiggle_rev1_andrew/common/keyboard.o
 .progmem.data.__c.3044
                0x00000000000002c4        0x5 .build/obj_squiggle_rev1_andrew/common/keyboard.o
 .progmem.data.__c.3042
                0x00000000000002c9       0x13 .build/obj_squiggle_rev1_andrew/common/keyboard.o
 .progmem.data.__c.2282
                0x00000000000002dc        0x3 .build/obj_squiggle_rev1_andrew/common/mousekey.o
 .progmem.data.__c.2280
                0x00000000000002df        0x3 .build/obj_squiggle_rev1_andrew/common/mousekey.o
 .progmem.data.__c.2278
                0x00000000000002e2        0x2 .build/obj_squiggle_rev1_andrew/common/mousekey.o
 .progmem.data.__c.2276
                0x00000000000002e4        0x3 .build/obj_squiggle_rev1_andrew/common/mousekey.o
 .progmem.data.__c.2274
                0x00000000000002e7        0x3 .build/obj_squiggle_rev1_andrew/common/mousekey.o
 .progmem.data.__c.2272
                0x00000000000002ea        0x3 .build/obj_squiggle_rev1_andrew/common/mousekey.o
 .progmem.data.__c.2270
                0x00000000000002ed        0x2 .build/obj_squiggle_rev1_andrew/common/mousekey.o
 .progmem.data.__c.2268
                0x00000000000002ef        0x3 .build/obj_squiggle_rev1_andrew/common/mousekey.o
 .progmem.data.__c.2266
                0x00000000000002f2        0x2 .build/obj_squiggle_rev1_andrew/common/mousekey.o
 .progmem.data.__c.2264
                0x00000000000002f4        0x3 .build/obj_squiggle_rev1_andrew/common/mousekey.o
 .progmem.data.__c.2262
                0x00000000000002f7        0x2 .build/obj_squiggle_rev1_andrew/common/mousekey.o
 .progmem.data.__c.2260
                0x00000000000002f9        0x3 .build/obj_squiggle_rev1_andrew/common/mousekey.o
 .progmem.data.__c.2258
                0x00000000000002fc        0x2 .build/obj_squiggle_rev1_andrew/common/mousekey.o
 .progmem.data.__c.2256
                0x00000000000002fe        0x5 .build/obj_squiggle_rev1_andrew/common/mousekey.o
 .progmem.data.__c.2254
                0x0000000000000303       0x23 .build/obj_squiggle_rev1_andrew/common/mousekey.o
 .progmem.data.__c.6201
                0x0000000000000326        0x4 .build/obj_squiggle_rev1_andrew/lufa.o
 .progmem.data.__c.6199
                0x000000000000032a       0x11 .build/obj_squiggle_rev1_andrew/lufa.o
 .progmem.data.__c.6102
                0x000000000000033b        0x4 .build/obj_squiggle_rev1_andrew/lufa.o
 .progmem.data.__c.6098
                0x000000000000033f        0x4 .build/obj_squiggle_rev1_andrew/lufa.o
 .progmem.data.__c.6094
                0x0000000000000343        0x4 .build/obj_squiggle_rev1_andrew/lufa.o
 .progmem.data.__c.6089
                0x0000000000000347        0x4 .build/obj_squiggle_rev1_andrew/lufa.o
 .progmem.data.__c.6084
                0x000000000000034b        0x4 .build/obj_squiggle_rev1_andrew/lufa.o
 .progmem.data.SerialNumberString
                0x000000000000034f        0x6 .build/obj_squiggle_rev1_andrew/usb_descriptor.o
                0x000000000000034f                SerialNumberString
 .progmem.data.ProductString
                0x0000000000000355       0x14 .build/obj_squiggle_rev1_andrew/usb_descriptor.o
                0x0000000000000355                ProductString
 .progmem.data.ManufacturerString
                0x0000000000000369       0x10 .build/obj_squiggle_rev1_andrew/usb_descriptor.o
                0x0000000000000369                ManufacturerString
 .progmem.data.LanguageString
                0x0000000000000379        0x4 .build/obj_squiggle_rev1_andrew/usb_descriptor.o
                0x0000000000000379                LanguageString
 .progmem.data.ConfigurationDescriptor
                0x000000000000037d       0x5b .build/obj_squiggle_rev1_andrew/usb_descriptor.o
                0x000000000000037d                ConfigurationDescriptor
 .progmem.data.DeviceDescriptor
                0x00000000000003d8       0x12 .build/obj_squiggle_rev1_andrew/usb_descriptor.o
                0x00000000000003d8                DeviceDescriptor
 .progmem.data.ConsoleReport
                0x00000000000003ea       0x22 .build/obj_squiggle_rev1_andrew/usb_descriptor.o
                0x00000000000003ea                ConsoleReport
 .progmem.data.SharedReport
                0x000000000000040c       0x4f .build/obj_squiggle_rev1_andrew/usb_descriptor.o
                0x000000000000040c                SharedReport
 .progmem.data.KeyboardReport
                0x000000000000045b       0x40 .build/obj_squiggle_rev1_andrew/usb_descriptor.o
                0x000000000000045b                KeyboardReport
                0x000000000000049c                . = ALIGN (0x2)
 *fill*         0x000000000000049b        0x1 
 *(.lowtext)
 *(.lowtext*)
                0x000000000000049c                __ctors_start = .
 *(.ctors)
                0x000000000000049c                __ctors_end = .
                0x000000000000049c                __dtors_start = .
 *(.dtors)
                0x000000000000049c                __dtors_end = .
 SORT_BY_NAME(*)(.ctors)
 SORT_BY_NAME(*)(.dtors)
 *(.init0)
 .init0         0x000000000000049c        0x0 /usr/local/Cellar/avr-gcc@8/8.4.0/lib/avr-gcc/8/gcc/avr/8.4.0/../../../../../../avr/lib/avr5/crtatmega32u4.o
                0x000000000000049c                __init
 *(.init0)
 *(.init1)
 *(.init1)
 *(.init2)
 .init2         0x000000000000049c        0xc /usr/local/Cellar/avr-gcc@8/8.4.0/lib/avr-gcc/8/gcc/avr/8.4.0/../../../../../../avr/lib/avr5/crtatmega32u4.o
 *(.init2)
 *(.init3)
 .init3         0x00000000000004a8       0x54 .build/obj_squiggle_rev1_andrew/common/avr/bootloader.o
                0x00000000000004a8                bootloader_jump_after_watchdog_reset
 *(.init3)
 *(.init4)
 .init4         0x00000000000004fc       0x16 /usr/local/Cellar/avr-gcc@8/8.4.0/lib/avr-gcc/8/gcc/avr/8.4.0/avr5/libgcc.a(_copy_data.o)
                0x00000000000004fc                __do_copy_data
 .init4         0x0000000000000512       0x10 /usr/local/Cellar/avr-gcc@8/8.4.0/lib/avr-gcc/8/gcc/avr/8.4.0/avr5/libgcc.a(_clear_bss.o)
                0x0000000000000512                __do_clear_bss
 *(.init4)
 *(.init5)
 *(.init5)
 *(.init6)
 *(.init6)
 *(.init7)
 *(.init7)
 *(.init8)
 *(.init8)
 *(.init9)
 .init9         0x0000000000000522        0x8 /usr/local/Cellar/avr-gcc@8/8.4.0/lib/avr-gcc/8/gcc/avr/8.4.0/../../../../../../avr/lib/avr5/crtatmega32u4.o
 *(.init9)
 *(.text)
 .text          0x000000000000052a        0x4 /usr/local/Cellar/avr-gcc@8/8.4.0/lib/avr-gcc/8/gcc/avr/8.4.0/../../../../../../avr/lib/avr5/crtatmega32u4.o
                0x000000000000052a                __vector_42
                0x000000000000052a                __vector_22
                0x000000000000052a                __vector_28
                0x000000000000052a                __vector_32
                0x000000000000052a                __vector_34
                0x000000000000052a                __vector_24
                0x000000000000052a                __bad_interrupt
                0x000000000000052a                __vector_6
                0x000000000000052a                __vector_31
                0x000000000000052a                __vector_35
                0x000000000000052a                __vector_39
                0x000000000000052a                __vector_3
                0x000000000000052a                __vector_23
                0x000000000000052a                __vector_30
                0x000000000000052a                __vector_25
                0x000000000000052a                __vector_13
                0x000000000000052a                __vector_17
                0x000000000000052a                __vector_19
                0x000000000000052a                __vector_7
                0x000000000000052a                __vector_41
                0x000000000000052a                __vector_27
                0x000000000000052a                __vector_5
                0x000000000000052a                __vector_33
                0x000000000000052a                __vector_37
                0x000000000000052a                __vector_4
                0x000000000000052a                __vector_9
                0x000000000000052a                __vector_2
                0x000000000000052a                __vector_15
                0x000000000000052a                __vector_36
                0x000000000000052a                __vector_29
                0x000000000000052a                __vector_40
                0x000000000000052a                __vector_8
                0x000000000000052a                __vector_26
                0x000000000000052a                __vector_14
                0x000000000000052a                __vector_16
                0x000000000000052a                __vector_18
                0x000000000000052a                __vector_20
                0x000000000000052a                __vector_38
 .text          0x000000000000052e      0x15c .build/obj_squiggle_rev1_andrew/common/avr/xprintf.o
                0x000000000000052e                xputc
                0x0000000000000546                xputs
                0x0000000000000554                xitoa
                0x0000000000000678                __xprintf
                0x000000000000068a                . = ALIGN (0x2)
 *(.text.*)
 .text.process_record_user
                0x000000000000068a       0x38 .build/obj_squiggle_rev1_andrew/keyboards/squiggle/keymaps/andrew/keymap.o
                0x000000000000068a                process_record_user
 .text.process_action_kb
                0x00000000000006c2        0x4 .build/obj_squiggle_rev1_andrew/quantum/quantum.o
                0x00000000000006c2                process_action_kb
 .text.process_record_kb
                0x00000000000006c6        0x4 .build/obj_squiggle_rev1_andrew/quantum/quantum.o
                0x00000000000006c6                process_record_kb
 .text.post_process_record_user
                0x00000000000006ca        0x2 .build/obj_squiggle_rev1_andrew/quantum/quantum.o
                0x00000000000006ca                post_process_record_user
 .text.post_process_record_kb
                0x00000000000006cc        0x4 .build/obj_squiggle_rev1_andrew/quantum/quantum.o
                0x00000000000006cc                post_process_record_kb
 .text.get_event_keycode
                0x00000000000006d0       0x66 .build/obj_squiggle_rev1_andrew/quantum/quantum.o
                0x00000000000006d0                get_event_keycode
 .text.get_record_keycode
                0x0000000000000736       0x12 .build/obj_squiggle_rev1_andrew/quantum/quantum.o
                0x0000000000000736                get_record_keycode
 .text.post_process_record_quantum
                0x0000000000000748       0x16 .build/obj_squiggle_rev1_andrew/quantum/quantum.o
                0x0000000000000748                post_process_record_quantum
 .text.matrix_init_quantum
                0x000000000000075e       0x10 .build/obj_squiggle_rev1_andrew/quantum/quantum.o
                0x000000000000075e                matrix_init_quantum
 .text.matrix_scan_quantum
                0x000000000000076e        0x4 .build/obj_squiggle_rev1_andrew/quantum/quantum.o
                0x000000000000076e                matrix_scan_quantum
 .text.led_set_user
                0x0000000000000772        0x2 .build/obj_squiggle_rev1_andrew/quantum/quantum.o
                0x0000000000000772                led_set_user
 .text.led_set_kb
                0x0000000000000774        0x4 .build/obj_squiggle_rev1_andrew/quantum/quantum.o
                0x0000000000000774                led_set_kb
 .text.led_update_user
                0x0000000000000778        0x4 .build/obj_squiggle_rev1_andrew/quantum/quantum.o
                0x0000000000000778                led_update_user
 .text.led_update_kb
                0x000000000000077c        0x4 .build/obj_squiggle_rev1_andrew/quantum/quantum.o
                0x000000000000077c                led_update_kb
 .text.led_set  0x0000000000000780       0x10 .build/obj_squiggle_rev1_andrew/quantum/quantum.o
                0x0000000000000780                led_set
 .text.shutdown_user
                0x0000000000000790        0x2 .build/obj_squiggle_rev1_andrew/quantum/quantum.o
                0x0000000000000790                shutdown_user
 .text.reset_keyboard
                0x0000000000000792       0x1e .build/obj_squiggle_rev1_andrew/quantum/quantum.o
                0x0000000000000792                reset_keyboard
 .text.process_record_quantum
                0x00000000000007b0       0xa4 .build/obj_squiggle_rev1_andrew/quantum/quantum.o
                0x00000000000007b0                process_record_quantum
 .text.keymap_key_to_keycode
                0x0000000000000854       0x28 .build/obj_squiggle_rev1_andrew/quantum/keymap_common.o
                0x0000000000000854                keymap_key_to_keycode
 .text.action_for_key
                0x000000000000087c      0x1b0 .build/obj_squiggle_rev1_andrew/quantum/keymap_common.o
                0x000000000000087c                action_for_key
 .text.keycode_config
                0x0000000000000a2c      0x12e .build/obj_squiggle_rev1_andrew/quantum/keycode_config.o
                0x0000000000000a2c                keycode_config
 .text.mod_config
                0x0000000000000b5a       0x86 .build/obj_squiggle_rev1_andrew/quantum/keycode_config.o
                0x0000000000000b5a                mod_config
 .text.matrix_init_user
                0x0000000000000be0        0x2 .build/obj_squiggle_rev1_andrew/quantum/matrix_common.o
                0x0000000000000be0                matrix_init_user
 .text.matrix_init_kb
                0x0000000000000be2        0x4 .build/obj_squiggle_rev1_andrew/quantum/matrix_common.o
                0x0000000000000be2                matrix_init_kb
 .text.matrix_scan_user
                0x0000000000000be6        0x2 .build/obj_squiggle_rev1_andrew/quantum/matrix_common.o
                0x0000000000000be6                matrix_scan_user
 .text.matrix_scan_kb
                0x0000000000000be8        0x4 .build/obj_squiggle_rev1_andrew/quantum/matrix_common.o
                0x0000000000000be8                matrix_scan_kb
 .text.matrix_get_row
                0x0000000000000bec        0xc .build/obj_squiggle_rev1_andrew/quantum/matrix_common.o
                0x0000000000000bec                matrix_get_row
 .text.matrix_print
                0x0000000000000bf8       0x8c .build/obj_squiggle_rev1_andrew/quantum/matrix_common.o
                0x0000000000000bf8                matrix_print
 .text.matrix_io_delay
                0x0000000000000c84        0x8 .build/obj_squiggle_rev1_andrew/quantum/matrix_common.o
                0x0000000000000c84                matrix_io_delay
 .text.matrix_slave_scan_user
                0x0000000000000c8c        0x2 .build/obj_squiggle_rev1_andrew/quantum/split_common/matrix.o
                0x0000000000000c8c                matrix_slave_scan_user
 .text.matrix_init
                0x0000000000000c8e       0xae .build/obj_squiggle_rev1_andrew/quantum/split_common/matrix.o
                0x0000000000000c8e                matrix_init
 .text.matrix_post_scan
                0x0000000000000d3c       0x56 .build/obj_squiggle_rev1_andrew/quantum/split_common/matrix.o
                0x0000000000000d3c                matrix_post_scan
 .text.matrix_scan
                0x0000000000000d92      0x106 .build/obj_squiggle_rev1_andrew/quantum/split_common/matrix.o
                0x0000000000000d92                matrix_scan
 .text.debounce_init
                0x0000000000000e98        0x2 .build/obj_squiggle_rev1_andrew/quantum/debounce/sym_defer_g.o
                0x0000000000000e98                debounce_init
 .text.debounce
                0x0000000000000e9a       0x6c .build/obj_squiggle_rev1_andrew/quantum/debounce/sym_defer_g.o
                0x0000000000000e9a                debounce
 .text.is_keyboard_master
                0x0000000000000f06       0x38 .build/obj_squiggle_rev1_andrew/quantum/split_common/split_util.o
                0x0000000000000f06                is_keyboard_master
 .text.is_keyboard_left
                0x0000000000000f3e        0x4 .build/obj_squiggle_rev1_andrew/quantum/split_common/split_util.o
                0x0000000000000f3e                is_keyboard_left
 .text.split_pre_init
                0x0000000000000f42       0x14 .build/obj_squiggle_rev1_andrew/quantum/split_common/split_util.o
                0x0000000000000f42                split_pre_init
 .text.split_post_init
                0x0000000000000f56        0xe .build/obj_squiggle_rev1_andrew/quantum/split_common/split_util.o
                0x0000000000000f56                split_post_init
 .text.transport_master_init
                0x0000000000000f64        0xc .build/obj_squiggle_rev1_andrew/quantum/split_common/transport.o
                0x0000000000000f64                transport_master_init
 .text.transport_slave_init
                0x0000000000000f70        0xc .build/obj_squiggle_rev1_andrew/quantum/split_common/transport.o
                0x0000000000000f70                transport_slave_init
 .text.transport_master
                0x0000000000000f7c       0x32 .build/obj_squiggle_rev1_andrew/quantum/split_common/transport.o
                0x0000000000000f7c                transport_master
 .text.transport_slave
                0x0000000000000fae       0x1e .build/obj_squiggle_rev1_andrew/quantum/split_common/transport.o
                0x0000000000000fae                transport_slave
 .text.perform_space_cadet
                0x0000000000000fcc      0x116 .build/obj_squiggle_rev1_andrew/quantum/process_keycode/process_space_cadet.o
                0x0000000000000fcc                perform_space_cadet
 .text.process_space_cadet
                0x00000000000010e2       0xa4 .build/obj_squiggle_rev1_andrew/quantum/process_keycode/process_space_cadet.o
                0x00000000000010e2                process_space_cadet
 .text.process_magic
                0x0000000000001186      0x246 .build/obj_squiggle_rev1_andrew/quantum/process_keycode/process_magic.o
                0x0000000000001186                process_magic
 .text.process_grave_esc
                0x00000000000013cc       0x54 .build/obj_squiggle_rev1_andrew/quantum/process_keycode/process_grave_esc.o
                0x00000000000013cc                process_grave_esc
 .text.sync_recv
                0x0000000000001420       0x10 .build/obj_squiggle_rev1_andrew/serial.a(serial.o)
 .text.sync_send
                0x0000000000001430        0xc .build/obj_squiggle_rev1_andrew/serial.a(serial.o)
 .text.serial_read_chunk.constprop.0
                0x000000000000143c       0x54 .build/obj_squiggle_rev1_andrew/serial.a(serial.o)
 .text.serial_recive_packet
                0x0000000000001490       0x4e .build/obj_squiggle_rev1_andrew/serial.a(serial.o)
 .text.soft_serial_initiator_init
                0x00000000000014de        0xe .build/obj_squiggle_rev1_andrew/serial.a(serial.o)
                0x00000000000014de                soft_serial_initiator_init
 .text.soft_serial_target_init
                0x00000000000014ec       0x1a .build/obj_squiggle_rev1_andrew/serial.a(serial.o)
                0x00000000000014ec                soft_serial_target_init
 .text.serial_write_chunk
                0x0000000000001506       0x42 .build/obj_squiggle_rev1_andrew/serial.a(serial.o)
                0x0000000000001506                serial_write_chunk
 .text.serial_send_packet
                0x0000000000001548       0x34 .build/obj_squiggle_rev1_andrew/serial.a(serial.o)
 .text.__vector_1
                0x000000000000157c       0xa4 .build/obj_squiggle_rev1_andrew/serial.a(serial.o)
                0x000000000000157c                __vector_1
 .text.soft_serial_transaction
                0x0000000000001620       0x9a .build/obj_squiggle_rev1_andrew/serial.a(serial.o)
                0x0000000000001620                soft_serial_transaction
 .text.host_set_driver
                0x00000000000016ba        0xa .build/obj_squiggle_rev1_andrew/common/host.o
                0x00000000000016ba                host_set_driver
 .text.host_keyboard_leds
                0x00000000000016c4       0x18 .build/obj_squiggle_rev1_andrew/common/host.o
                0x00000000000016c4                host_keyboard_leds
 .text.host_keyboard_send
                0x00000000000016dc       0x98 .build/obj_squiggle_rev1_andrew/common/host.o
                0x00000000000016dc                host_keyboard_send
 .text.host_mouse_send
                0x0000000000001774       0x1c .build/obj_squiggle_rev1_andrew/common/host.o
                0x0000000000001774                host_mouse_send
 .text.host_system_send
                0x0000000000001790       0x2c .build/obj_squiggle_rev1_andrew/common/host.o
                0x0000000000001790                host_system_send
 .text.host_consumer_send
                0x00000000000017bc       0x2c .build/obj_squiggle_rev1_andrew/common/host.o
                0x00000000000017bc                host_consumer_send
 .text.disable_jtag
                0x00000000000017e8        0xe .build/obj_squiggle_rev1_andrew/common/keyboard.o
                0x00000000000017e8                disable_jtag
 .text.keyboard_pre_init_user
                0x00000000000017f6        0x2 .build/obj_squiggle_rev1_andrew/common/keyboard.o
                0x00000000000017f6                keyboard_pre_init_user
 .text.matrix_setup
                0x00000000000017f8        0x2 .build/obj_squiggle_rev1_andrew/common/keyboard.o
                0x00000000000017f8                matrix_setup
 .text.keyboard_pre_init_kb
                0x00000000000017fa        0x4 .build/obj_squiggle_rev1_andrew/common/keyboard.o
                0x00000000000017fa                keyboard_pre_init_kb
 .text.keyboard_post_init_user
                0x00000000000017fe        0x2 .build/obj_squiggle_rev1_andrew/common/keyboard.o
                0x00000000000017fe                keyboard_post_init_user
 .text.keyboard_post_init_kb
                0x0000000000001800        0x4 .build/obj_squiggle_rev1_andrew/common/keyboard.o
                0x0000000000001800                keyboard_post_init_kb
 .text.keyboard_setup
                0x0000000000001804        0xc .build/obj_squiggle_rev1_andrew/common/keyboard.o
                0x0000000000001804                keyboard_setup
 .text.should_process_keypress
                0x0000000000001810        0x4 .build/obj_squiggle_rev1_andrew/common/keyboard.o
                0x0000000000001810                should_process_keypress
 .text.keyboard_init
                0x0000000000001814       0x10 .build/obj_squiggle_rev1_andrew/common/keyboard.o
                0x0000000000001814                keyboard_init
 .text.keyboard_set_leds
                0x0000000000001824       0x50 .build/obj_squiggle_rev1_andrew/common/keyboard.o
                0x0000000000001824                keyboard_set_leds
 .text.keyboard_task
                0x0000000000001874      0x12e .build/obj_squiggle_rev1_andrew/common/keyboard.o
                0x0000000000001874                keyboard_task
 .text.action_exec
                0x00000000000019a2       0x54 .build/obj_squiggle_rev1_andrew/common/action.o
                0x00000000000019a2                action_exec
 .text.process_record_tap_hint
                0x00000000000019f6        0xa .build/obj_squiggle_rev1_andrew/common/action.o
                0x00000000000019f6                process_record_tap_hint
 .text.register_code
                0x0000000000001a00       0x66 .build/obj_squiggle_rev1_andrew/common/action.o
                0x0000000000001a00                register_code
 .text.unregister_code
                0x0000000000001a66       0x5e .build/obj_squiggle_rev1_andrew/common/action.o
                0x0000000000001a66                unregister_code
 .text.tap_code
                0x0000000000001ac4       0x26 .build/obj_squiggle_rev1_andrew/common/action.o
                0x0000000000001ac4                tap_code
 .text.register_mods
                0x0000000000001aea        0xe .build/obj_squiggle_rev1_andrew/common/action.o
                0x0000000000001aea                register_mods
 .text.unregister_mods
                0x0000000000001af8        0xe .build/obj_squiggle_rev1_andrew/common/action.o
                0x0000000000001af8                unregister_mods
 .text.process_action
                0x0000000000001b06      0x3d2 .build/obj_squiggle_rev1_andrew/common/action.o
                0x0000000000001b06                process_action
 .text.process_record_handler
                0x0000000000001ed8       0x2e .build/obj_squiggle_rev1_andrew/common/action.o
                0x0000000000001ed8                process_record_handler
 .text.process_record
                0x0000000000001f06       0x50 .build/obj_squiggle_rev1_andrew/common/action.o
                0x0000000000001f06                process_record
 .text.clear_keyboard_but_mods_and_keys
                0x0000000000001f56       0x14 .build/obj_squiggle_rev1_andrew/common/action.o
                0x0000000000001f56                clear_keyboard_but_mods_and_keys
 .text.clear_keyboard_but_mods
                0x0000000000001f6a        0x8 .build/obj_squiggle_rev1_andrew/common/action.o
                0x0000000000001f6a                clear_keyboard_but_mods
 .text.clear_keyboard
                0x0000000000001f72        0x8 .build/obj_squiggle_rev1_andrew/common/action.o
                0x0000000000001f72                clear_keyboard
 .text.is_tap_action
                0x0000000000001f7a       0x3e .build/obj_squiggle_rev1_andrew/common/action.o
                0x0000000000001f7a                is_tap_action
 .text.is_tap_key
                0x0000000000001fb8        0x8 .build/obj_squiggle_rev1_andrew/common/action.o
                0x0000000000001fb8                is_tap_key
 .text.debug_event
                0x0000000000001fc0       0x1e .build/obj_squiggle_rev1_andrew/common/action.o
                0x0000000000001fc0                debug_event
 .text.debug_record
                0x0000000000001fde       0x20 .build/obj_squiggle_rev1_andrew/common/action.o
                0x0000000000001fde                debug_record
 .text.debug_waiting_buffer
                0x0000000000001ffe       0x42 .build/obj_squiggle_rev1_andrew/common/action_tapping.o
 .text.debug_tapping_key
                0x0000000000002040       0x1c .build/obj_squiggle_rev1_andrew/common/action_tapping.o
 .text.waiting_buffer_typed.isra.1
                0x000000000000205c       0x40 .build/obj_squiggle_rev1_andrew/common/action_tapping.o
 .text.waiting_buffer_scan_tap
                0x000000000000209c       0xac .build/obj_squiggle_rev1_andrew/common/action_tapping.o
 .text.process_tapping
                0x0000000000002148      0x38e .build/obj_squiggle_rev1_andrew/common/action_tapping.o
 .text.get_tapping_term
                0x00000000000024d6        0x6 .build/obj_squiggle_rev1_andrew/common/action_tapping.o
                0x00000000000024d6                get_tapping_term
 .text.action_tapping_process
                0x00000000000024dc      0x134 .build/obj_squiggle_rev1_andrew/common/action_tapping.o
                0x00000000000024dc                action_tapping_process
 .text.default_layer_state_set_user
                0x0000000000002610        0x2 .build/obj_squiggle_rev1_andrew/common/action_layer.o
                0x0000000000002610                default_layer_state_set_user
 .text.default_layer_state_set_kb
                0x0000000000002612        0x4 .build/obj_squiggle_rev1_andrew/common/action_layer.o
                0x0000000000002612                default_layer_state_set_kb
 .text.default_layer_state_set
                0x0000000000002616       0x18 .build/obj_squiggle_rev1_andrew/common/action_layer.o
 .text.default_layer_debug
                0x000000000000262e        0x2 .build/obj_squiggle_rev1_andrew/common/action_layer.o
                0x000000000000262e                default_layer_debug
 .text.default_layer_set
                0x0000000000002630        0x4 .build/obj_squiggle_rev1_andrew/common/action_layer.o
                0x0000000000002630                default_layer_set
 .text.default_layer_or
                0x0000000000002634       0x24 .build/obj_squiggle_rev1_andrew/common/action_layer.o
                0x0000000000002634                default_layer_or
 .text.default_layer_and
                0x0000000000002658       0x24 .build/obj_squiggle_rev1_andrew/common/action_layer.o
                0x0000000000002658                default_layer_and
 .text.default_layer_xor
                0x000000000000267c       0x24 .build/obj_squiggle_rev1_andrew/common/action_layer.o
                0x000000000000267c                default_layer_xor
 .text.layer_state_set_user
                0x00000000000026a0        0x4 .build/obj_squiggle_rev1_andrew/common/action_layer.o
                0x00000000000026a0                layer_state_set_user
 .text.layer_state_set_kb
                0x00000000000026a4        0x4 .build/obj_squiggle_rev1_andrew/common/action_layer.o
                0x00000000000026a4                layer_state_set_kb
 .text.layer_state_set
                0x00000000000026a8       0x18 .build/obj_squiggle_rev1_andrew/common/action_layer.o
                0x00000000000026a8                layer_state_set
 .text.layer_clear
                0x00000000000026c0        0xa .build/obj_squiggle_rev1_andrew/common/action_layer.o
                0x00000000000026c0                layer_clear
 .text.layer_move
                0x00000000000026ca       0x2a .build/obj_squiggle_rev1_andrew/common/action_layer.o
                0x00000000000026ca                layer_move
 .text.layer_on
                0x00000000000026f4       0x42 .build/obj_squiggle_rev1_andrew/common/action_layer.o
                0x00000000000026f4                layer_on
 .text.layer_off
                0x0000000000002736       0x46 .build/obj_squiggle_rev1_andrew/common/action_layer.o
                0x0000000000002736                layer_off
 .text.layer_invert
                0x000000000000277c       0x42 .build/obj_squiggle_rev1_andrew/common/action_layer.o
                0x000000000000277c                layer_invert
 .text.layer_or
                0x00000000000027be       0x24 .build/obj_squiggle_rev1_andrew/common/action_layer.o
                0x00000000000027be                layer_or
 .text.layer_and
                0x00000000000027e2       0x24 .build/obj_squiggle_rev1_andrew/common/action_layer.o
                0x00000000000027e2                layer_and
 .text.layer_xor
                0x0000000000002806       0x24 .build/obj_squiggle_rev1_andrew/common/action_layer.o
                0x0000000000002806                layer_xor
 .text.layer_debug
                0x000000000000282a        0x2 .build/obj_squiggle_rev1_andrew/common/action_layer.o
                0x000000000000282a                layer_debug
 .text.update_source_layers_cache
                0x000000000000282c       0x5c .build/obj_squiggle_rev1_andrew/common/action_layer.o
                0x000000000000282c                update_source_layers_cache
 .text.read_source_layers_cache
                0x0000000000002888       0x52 .build/obj_squiggle_rev1_andrew/common/action_layer.o
                0x0000000000002888                read_source_layers_cache
 .text.layer_switch_get_layer
                0x00000000000028da       0x84 .build/obj_squiggle_rev1_andrew/common/action_layer.o
                0x00000000000028da                layer_switch_get_layer
 .text.layer_switch_get_action
                0x000000000000295e       0x14 .build/obj_squiggle_rev1_andrew/common/action_layer.o
                0x000000000000295e                layer_switch_get_action
 .text.store_or_get_action
                0x0000000000002972       0x48 .build/obj_squiggle_rev1_andrew/common/action_layer.o
                0x0000000000002972                store_or_get_action
 .text.add_key  0x00000000000029ba        0xe .build/obj_squiggle_rev1_andrew/common/action_util.o
                0x00000000000029ba                add_key
 .text.del_key  0x00000000000029c8        0xe .build/obj_squiggle_rev1_andrew/common/action_util.o
                0x00000000000029c8                del_key
 .text.clear_keys
                0x00000000000029d6        0xc .build/obj_squiggle_rev1_andrew/common/action_util.o
                0x00000000000029d6                clear_keys
 .text.get_oneshot_layer
                0x00000000000029e2        0xc .build/obj_squiggle_rev1_andrew/common/action_util.o
                0x00000000000029e2                get_oneshot_layer
 .text.get_oneshot_layer_state
                0x00000000000029ee        0x8 .build/obj_squiggle_rev1_andrew/common/action_util.o
                0x00000000000029ee                get_oneshot_layer_state
 .text.is_oneshot_layer_active
                0x00000000000029f6        0xe .build/obj_squiggle_rev1_andrew/common/action_util.o
                0x00000000000029f6                is_oneshot_layer_active
 .text.get_mods
                0x0000000000002a04        0x6 .build/obj_squiggle_rev1_andrew/common/action_util.o
                0x0000000000002a04                get_mods
 .text.add_mods
                0x0000000000002a0a        0xc .build/obj_squiggle_rev1_andrew/common/action_util.o
                0x0000000000002a0a                add_mods
 .text.del_mods
                0x0000000000002a16        0xe .build/obj_squiggle_rev1_andrew/common/action_util.o
                0x0000000000002a16                del_mods
 .text.clear_mods
                0x0000000000002a24        0x6 .build/obj_squiggle_rev1_andrew/common/action_util.o
                0x0000000000002a24                clear_mods
 .text.add_weak_mods
                0x0000000000002a2a        0xc .build/obj_squiggle_rev1_andrew/common/action_util.o
                0x0000000000002a2a                add_weak_mods
 .text.del_weak_mods
                0x0000000000002a36        0xe .build/obj_squiggle_rev1_andrew/common/action_util.o
                0x0000000000002a36                del_weak_mods
 .text.clear_weak_mods
                0x0000000000002a44        0x6 .build/obj_squiggle_rev1_andrew/common/action_util.o
                0x0000000000002a44                clear_weak_mods
 .text.clear_macro_mods
                0x0000000000002a4a        0x6 .build/obj_squiggle_rev1_andrew/common/action_util.o
                0x0000000000002a4a                clear_macro_mods
 .text.get_oneshot_mods
                0x0000000000002a50        0x6 .build/obj_squiggle_rev1_andrew/common/action_util.o
                0x0000000000002a50                get_oneshot_mods
 .text.oneshot_mods_changed_user
                0x0000000000002a56        0x2 .build/obj_squiggle_rev1_andrew/common/action_util.o
                0x0000000000002a56                oneshot_mods_changed_user
 .text.oneshot_mods_changed_kb
                0x0000000000002a58        0x4 .build/obj_squiggle_rev1_andrew/common/action_util.o
                0x0000000000002a58                oneshot_mods_changed_kb
 .text.set_oneshot_mods
                0x0000000000002a5c       0x12 .build/obj_squiggle_rev1_andrew/common/action_util.o
                0x0000000000002a5c                set_oneshot_mods
 .text.clear_oneshot_mods
                0x0000000000002a6e       0x14 .build/obj_squiggle_rev1_andrew/common/action_util.o
                0x0000000000002a6e                clear_oneshot_mods
 .text.send_keyboard_report
                0x0000000000002a82       0x66 .build/obj_squiggle_rev1_andrew/common/action_util.o
                0x0000000000002a82                send_keyboard_report
 .text.oneshot_layer_changed_user
                0x0000000000002ae8        0x2 .build/obj_squiggle_rev1_andrew/common/action_util.o
                0x0000000000002ae8                oneshot_layer_changed_user
 .text.oneshot_layer_changed_kb
                0x0000000000002aea        0x4 .build/obj_squiggle_rev1_andrew/common/action_util.o
                0x0000000000002aea                oneshot_layer_changed_kb
 .text.set_oneshot_layer
                0x0000000000002aee       0x20 .build/obj_squiggle_rev1_andrew/common/action_util.o
                0x0000000000002aee                set_oneshot_layer
 .text.reset_oneshot_layer
                0x0000000000002b0e        0xa .build/obj_squiggle_rev1_andrew/common/action_util.o
                0x0000000000002b0e                reset_oneshot_layer
 .text.clear_oneshot_layer_state
                0x0000000000002b18       0x30 .build/obj_squiggle_rev1_andrew/common/action_util.o
                0x0000000000002b18                clear_oneshot_layer_state
 .text.print_set_sendchar
                0x0000000000002b48        0xa .build/obj_squiggle_rev1_andrew/common/print.o
                0x0000000000002b48                print_set_sendchar
 .text.bitrev   0x0000000000002b52       0x30 .build/obj_squiggle_rev1_andrew/common/util.o
                0x0000000000002b52                bitrev
 .text.eeconfig_is_enabled
                0x0000000000002b82       0x16 .build/obj_squiggle_rev1_andrew/common/eeconfig.o
                0x0000000000002b82                eeconfig_is_enabled
 .text.eeconfig_read_debug
                0x0000000000002b98        0x8 .build/obj_squiggle_rev1_andrew/common/eeconfig.o
                0x0000000000002b98                eeconfig_read_debug
 .text.eeconfig_read_default_layer
                0x0000000000002ba0        0x8 .build/obj_squiggle_rev1_andrew/common/eeconfig.o
                0x0000000000002ba0                eeconfig_read_default_layer
 .text.eeconfig_read_keymap
                0x0000000000002ba8       0x1c .build/obj_squiggle_rev1_andrew/common/eeconfig.o
                0x0000000000002ba8                eeconfig_read_keymap
 .text.eeconfig_update_keymap
                0x0000000000002bc4       0x1a .build/obj_squiggle_rev1_andrew/common/eeconfig.o
                0x0000000000002bc4                eeconfig_update_keymap
 .text.eeconfig_update_kb
                0x0000000000002bde        0xc .build/obj_squiggle_rev1_andrew/common/eeconfig.o
                0x0000000000002bde                eeconfig_update_kb
 .text.eeconfig_update_user
                0x0000000000002bea        0xc .build/obj_squiggle_rev1_andrew/common/eeconfig.o
                0x0000000000002bea                eeconfig_update_user
 .text.eeconfig_init_user
                0x0000000000002bf6        0xa .build/obj_squiggle_rev1_andrew/common/eeconfig.o
                0x0000000000002bf6                eeconfig_init_user
 .text.eeconfig_init_kb
                0x0000000000002c00        0xe .build/obj_squiggle_rev1_andrew/common/eeconfig.o
                0x0000000000002c00                eeconfig_init_kb
 .text.eeconfig_init_quantum
                0x0000000000002c0e       0xae .build/obj_squiggle_rev1_andrew/common/eeconfig.o
                0x0000000000002c0e                eeconfig_init_quantum
 .text.eeconfig_init
                0x0000000000002cbc        0x4 .build/obj_squiggle_rev1_andrew/common/eeconfig.o
                0x0000000000002cbc                eeconfig_init
 .text.eeconfig_update_handedness
                0x0000000000002cc0        0xa .build/obj_squiggle_rev1_andrew/common/eeconfig.o
                0x0000000000002cc0                eeconfig_update_handedness
 .text.has_anykey
                0x0000000000002cca       0x24 .build/obj_squiggle_rev1_andrew/common/report.o
                0x0000000000002cca                has_anykey
 .text.is_key_pressed
                0x0000000000002cee       0x1e .build/obj_squiggle_rev1_andrew/common/report.o
                0x0000000000002cee                is_key_pressed
 .text.add_key_byte
                0x0000000000002d0c       0x34 .build/obj_squiggle_rev1_andrew/common/report.o
                0x0000000000002d0c                add_key_byte
 .text.del_key_byte
                0x0000000000002d40       0x1a .build/obj_squiggle_rev1_andrew/common/report.o
                0x0000000000002d40                del_key_byte
 .text.add_key_to_report
                0x0000000000002d5a        0x4 .build/obj_squiggle_rev1_andrew/common/report.o
                0x0000000000002d5a                add_key_to_report
 .text.del_key_from_report
                0x0000000000002d5e        0x4 .build/obj_squiggle_rev1_andrew/common/report.o
                0x0000000000002d5e                del_key_from_report
 .text.clear_keys_from_report
                0x0000000000002d62        0xe .build/obj_squiggle_rev1_andrew/common/report.o
                0x0000000000002d62                clear_keys_from_report
 .text.matrix_power_up
                0x0000000000002d70        0x2 .build/obj_squiggle_rev1_andrew/common/avr/suspend.o
                0x0000000000002d70                matrix_power_up
 .text.suspend_power_down_user
                0x0000000000002d72        0x2 .build/obj_squiggle_rev1_andrew/common/avr/suspend.o
                0x0000000000002d72                suspend_power_down_user
 .text.suspend_power_down_kb
                0x0000000000002d74        0x4 .build/obj_squiggle_rev1_andrew/common/avr/suspend.o
                0x0000000000002d74                suspend_power_down_kb
 .text.suspend_power_down
                0x0000000000002d78       0x60 .build/obj_squiggle_rev1_andrew/common/avr/suspend.o
                0x0000000000002d78                suspend_power_down
 .text.matrix_power_down
                0x0000000000002dd8        0x2 .build/obj_squiggle_rev1_andrew/common/avr/suspend.o
                0x0000000000002dd8                matrix_power_down
 .text.suspend_wakeup_condition
                0x0000000000002dda       0x28 .build/obj_squiggle_rev1_andrew/common/avr/suspend.o
                0x0000000000002dda                suspend_wakeup_condition
 .text.suspend_wakeup_init_user
                0x0000000000002e02        0x2 .build/obj_squiggle_rev1_andrew/common/avr/suspend.o
                0x0000000000002e02                suspend_wakeup_init_user
 .text.suspend_wakeup_init_kb
                0x0000000000002e04        0x4 .build/obj_squiggle_rev1_andrew/common/avr/suspend.o
                0x0000000000002e04                suspend_wakeup_init_kb
 .text.suspend_wakeup_init
                0x0000000000002e08       0x10 .build/obj_squiggle_rev1_andrew/common/avr/suspend.o
                0x0000000000002e08                suspend_wakeup_init
 .text.__vector_12
                0x0000000000002e18       0x4e .build/obj_squiggle_rev1_andrew/common/avr/suspend.o
                0x0000000000002e18                __vector_12
 .text.timer_init
                0x0000000000002e66       0x12 .build/obj_squiggle_rev1_andrew/common/avr/timer.o
                0x0000000000002e66                timer_init
 .text.timer_read
                0x0000000000002e78       0x18 .build/obj_squiggle_rev1_andrew/common/avr/timer.o
                0x0000000000002e78                timer_read
 .text.timer_elapsed
                0x0000000000002e90       0x1e .build/obj_squiggle_rev1_andrew/common/avr/timer.o
                0x0000000000002e90                timer_elapsed
 .text.__vector_21
                0x0000000000002eae       0x48 .build/obj_squiggle_rev1_andrew/common/avr/timer.o
                0x0000000000002eae                __vector_21
 .text.bootloader_jump
                0x0000000000002ef6       0x22 .build/obj_squiggle_rev1_andrew/common/avr/bootloader.o
                0x0000000000002ef6                bootloader_jump
 .text.magic    0x0000000000002f18       0x44 .build/obj_squiggle_rev1_andrew/common/magic.o
                0x0000000000002f18                magic
 .text.move_unit
                0x0000000000002f5c       0x94 .build/obj_squiggle_rev1_andrew/common/mousekey.o
 .text.wheel_unit
                0x0000000000002ff0       0x72 .build/obj_squiggle_rev1_andrew/common/mousekey.o
 .text.mousekey_on
                0x0000000000003062       0xd0 .build/obj_squiggle_rev1_andrew/common/mousekey.o
                0x0000000000003062                mousekey_on
 .text.mousekey_off
                0x0000000000003132      0x106 .build/obj_squiggle_rev1_andrew/common/mousekey.o
                0x0000000000003132                mousekey_off
 .text.mousekey_send
                0x0000000000003238      0x13a .build/obj_squiggle_rev1_andrew/common/mousekey.o
                0x0000000000003238                mousekey_send
 .text.mousekey_task
                0x0000000000003372      0x218 .build/obj_squiggle_rev1_andrew/common/mousekey.o
                0x0000000000003372                mousekey_task
 .text.mousekey_clear
                0x000000000000358a       0x1c .build/obj_squiggle_rev1_andrew/common/mousekey.o
                0x000000000000358a                mousekey_clear
 .text.keyboard_leds
                0x00000000000035a6        0x6 .build/obj_squiggle_rev1_andrew/lufa.o
 .text.send_system
                0x00000000000035ac        0x2 .build/obj_squiggle_rev1_andrew/lufa.o
 .text.sendchar
                0x00000000000035ae       0xc4 .build/obj_squiggle_rev1_andrew/lufa.o
                0x00000000000035ae                sendchar
 .text.send_mouse
                0x0000000000003672       0x42 .build/obj_squiggle_rev1_andrew/lufa.o
 .text.send_keyboard
                0x00000000000036b4       0x5a .build/obj_squiggle_rev1_andrew/lufa.o
 .text.send_consumer
                0x000000000000370e        0x2 .build/obj_squiggle_rev1_andrew/lufa.o
 .text.EVENT_USB_Device_Connect
                0x0000000000003710       0x24 .build/obj_squiggle_rev1_andrew/lufa.o
                0x0000000000003710                EVENT_USB_Device_Connect
 .text.EVENT_USB_Device_Disconnect
                0x0000000000003734        0xe .build/obj_squiggle_rev1_andrew/lufa.o
                0x0000000000003734                EVENT_USB_Device_Disconnect
 .text.EVENT_USB_Device_Reset
                0x0000000000003742        0x8 .build/obj_squiggle_rev1_andrew/lufa.o
                0x0000000000003742                EVENT_USB_Device_Reset
 .text.EVENT_USB_Device_Suspend
                0x000000000000374a        0x8 .build/obj_squiggle_rev1_andrew/lufa.o
                0x000000000000374a                EVENT_USB_Device_Suspend
 .text.EVENT_USB_Device_WakeUp
                0x0000000000003752        0xc .build/obj_squiggle_rev1_andrew/lufa.o
                0x0000000000003752                EVENT_USB_Device_WakeUp
 .text.EVENT_USB_Device_StartOfFrame
                0x000000000000375e       0x82 .build/obj_squiggle_rev1_andrew/lufa.o
                0x000000000000375e                EVENT_USB_Device_StartOfFrame
 .text.EVENT_USB_Device_ConfigurationChanged
                0x00000000000037e0       0x1e .build/obj_squiggle_rev1_andrew/lufa.o
                0x00000000000037e0                EVENT_USB_Device_ConfigurationChanged
 .text.EVENT_USB_Device_ControlRequest
                0x00000000000037fe      0x16e .build/obj_squiggle_rev1_andrew/lufa.o
                0x00000000000037fe                EVENT_USB_Device_ControlRequest
 .text.startup.main
                0x000000000000396c       0x96 .build/obj_squiggle_rev1_andrew/lufa.o
                0x000000000000396c                main
 .text.CALLBACK_USB_GetDescriptor
                0x0000000000003a02        0x4 .build/obj_squiggle_rev1_andrew/lufa.o
                0x0000000000003a02                CALLBACK_USB_GetDescriptor
 .text.get_usb_descriptor
                0x0000000000003a06       0xba .build/obj_squiggle_rev1_andrew/usb_descriptor.o
                0x0000000000003a06                get_usb_descriptor
 .text.USB_Device_SendRemoteWakeup
                0x0000000000003ac0       0x2c .build/obj_squiggle_rev1_andrew/lib/lufa/LUFA/Drivers/USB/Core/AVR8/Device_AVR8.o
                0x0000000000003ac0                USB_Device_SendRemoteWakeup
 .text.Endpoint_Write_Stream_LE
                0x0000000000003aec       0x9e .build/obj_squiggle_rev1_andrew/lib/lufa/LUFA/Drivers/USB/Core/AVR8/EndpointStream_AVR8.o
                0x0000000000003aec                Endpoint_Write_Stream_LE
 .text.Endpoint_Write_Control_Stream_LE
                0x0000000000003b8a       0xbc .build/obj_squiggle_rev1_andrew/lib/lufa/LUFA/Drivers/USB/Core/AVR8/EndpointStream_AVR8.o
                0x0000000000003b8a                Endpoint_Write_Control_Stream_LE
 .text.Endpoint_Write_Control_PStream_LE
                0x0000000000003c46       0xbe .build/obj_squiggle_rev1_andrew/lib/lufa/LUFA/Drivers/USB/Core/AVR8/EndpointStream_AVR8.o
                0x0000000000003c46                Endpoint_Write_Control_PStream_LE
 .text.Endpoint_ConfigureEndpoint_Prv
                0x0000000000003d04       0x68 .build/obj_squiggle_rev1_andrew/lib/lufa/LUFA/Drivers/USB/Core/AVR8/Endpoint_AVR8.o
                0x0000000000003d04                Endpoint_ConfigureEndpoint_Prv
 .text.Endpoint_ClearStatusStage
                0x0000000000003d6c       0x3e .build/obj_squiggle_rev1_andrew/lib/lufa/LUFA/Drivers/USB/Core/AVR8/Endpoint_AVR8.o
                0x0000000000003d6c                Endpoint_ClearStatusStage
 .text.Endpoint_WaitUntilReady
                0x0000000000003daa       0x62 .build/obj_squiggle_rev1_andrew/lib/lufa/LUFA/Drivers/USB/Core/AVR8/Endpoint_AVR8.o
                0x0000000000003daa                Endpoint_WaitUntilReady
 .text.USB_Disable
                0x0000000000003e0c       0x34 .build/obj_squiggle_rev1_andrew/lib/lufa/LUFA/Drivers/USB/Core/AVR8/USBController_AVR8.o
                0x0000000000003e0c                USB_Disable
 .text.USB_ResetInterface
                0x0000000000003e40       0x86 .build/obj_squiggle_rev1_andrew/lib/lufa/LUFA/Drivers/USB/Core/AVR8/USBController_AVR8.o
                0x0000000000003e40                USB_ResetInterface
 .text.USB_Init
                0x0000000000003ec6       0x22 .build/obj_squiggle_rev1_andrew/lib/lufa/LUFA/Drivers/USB/Core/AVR8/USBController_AVR8.o
                0x0000000000003ec6                USB_Init
 .text.USB_INT_DisableAllInterrupts
                0x0000000000003ee8       0x10 .build/obj_squiggle_rev1_andrew/lib/lufa/LUFA/Drivers/USB/Core/AVR8/USBInterrupt_AVR8.o
                0x0000000000003ee8                USB_INT_DisableAllInterrupts
 .text.USB_INT_ClearAllInterrupts
                0x0000000000003ef8        0xa .build/obj_squiggle_rev1_andrew/lib/lufa/LUFA/Drivers/USB/Core/AVR8/USBInterrupt_AVR8.o
                0x0000000000003ef8                USB_INT_ClearAllInterrupts
 .text.__vector_10
                0x0000000000003f02      0x1a8 .build/obj_squiggle_rev1_andrew/lib/lufa/LUFA/Drivers/USB/Core/AVR8/USBInterrupt_AVR8.o
                0x0000000000003f02                __vector_10
 .text.__vector_11
                0x00000000000040aa       0x88 .build/obj_squiggle_rev1_andrew/lib/lufa/LUFA/Drivers/USB/Core/AVR8/USBInterrupt_AVR8.o
                0x00000000000040aa                __vector_11
 .text.USB_Device_ProcessControlRequest
                0x0000000000004132      0x2a4 .build/obj_squiggle_rev1_andrew/lib/lufa/LUFA/Drivers/USB/Core/DeviceStandardReq.o
                0x0000000000004132                USB_Device_ProcessControlRequest
 .text.USB_USBTask
                0x00000000000043d6       0x36 .build/obj_squiggle_rev1_andrew/lib/lufa/LUFA/Drivers/USB/Core/USBTask.o
                0x00000000000043d6                USB_USBTask
 .text.libgcc.div
                0x000000000000440c       0x18 /usr/local/Cellar/avr-gcc@8/8.4.0/lib/avr-gcc/8/gcc/avr/8.4.0/avr5/libgcc.a(_udivmodqi4.o)
                0x000000000000440c                __udivmodqi4
 .text.libgcc.div
                0x0000000000004424       0x28 /usr/local/Cellar/avr-gcc@8/8.4.0/lib/avr-gcc/8/gcc/avr/8.4.0/avr5/libgcc.a(_divmodhi4.o)
                0x0000000000004424                __divmodhi4
                0x0000000000004424                _div
 .text.libgcc   0x000000000000444c        0xc /usr/local/Cellar/avr-gcc@8/8.4.0/lib/avr-gcc/8/gcc/avr/8.4.0/avr5/libgcc.a(_tablejump2.o)
                0x000000000000444c                __tablejump2__
 .text.libgcc.div
                0x0000000000004458       0x28 /usr/local/Cellar/avr-gcc@8/8.4.0/lib/avr-gcc/8/gcc/avr/8.4.0/avr5/libgcc.a(_udivmodhi4.o)
                0x0000000000004458                __udivmodhi4
 .text.avr-libc
                0x0000000000004480       0x10 /usr/local/Cellar/avr-gcc@8/8.4.0/lib/avr-gcc/8/gcc/avr/8.4.0/../../../../../../avr/lib/avr5/libatmega32u4.a(eerd_byte.o)
                0x0000000000004480                eeprom_read_byte
 .text.avr-libc
                0x0000000000004490        0xc /usr/local/Cellar/avr-gcc@8/8.4.0/lib/avr-gcc/8/gcc/avr/8.4.0/../../../../../../avr/lib/avr5/libatmega32u4.a(eerd_word.o)
                0x0000000000004490                eeprom_read_word
 .text.avr-libc
                0x000000000000449c       0x24 /usr/local/Cellar/avr-gcc@8/8.4.0/lib/avr-gcc/8/gcc/avr/8.4.0/../../../../../../avr/lib/avr5/libatmega32u4.a(eeupd_byte.o)
                0x000000000000449c                eeprom_update_byte
                0x000000000000449e                eeprom_update_r18
 .text.avr-libc
                0x00000000000044c0       0x18 /usr/local/Cellar/avr-gcc@8/8.4.0/lib/avr-gcc/8/gcc/avr/8.4.0/../../../../../../avr/lib/avr5/libatmega32u4.a(eeupd_dword.o)
                0x00000000000044c0                eeprom_update_dword
                0x00000000000044c0                eeprom_update_float
 .text.avr-libc
                0x00000000000044d8        0xc /usr/local/Cellar/avr-gcc@8/8.4.0/lib/avr-gcc/8/gcc/avr/8.4.0/../../../../../../avr/lib/avr5/libatmega32u4.a(eeupd_word.o)
                0x00000000000044d8                eeprom_update_word
 .text.avr-libc
                0x00000000000044e4       0x20 /usr/local/Cellar/avr-gcc@8/8.4.0/lib/avr-gcc/8/gcc/avr/8.4.0/../../../../../../avr/lib/avr5/libatmega32u4.a(eerd_block.o)
                0x00000000000044e4                eeprom_read_block
                0x00000000000044e8                eeprom_read_blraw
                0x0000000000004504                . = ALIGN (0x2)
 *(.fini9)
 .fini9         0x0000000000004504        0x0 /usr/local/Cellar/avr-gcc@8/8.4.0/lib/avr-gcc/8/gcc/avr/8.4.0/avr5/libgcc.a(_exit.o)
                0x0000000000004504                exit
                0x0000000000004504                _exit
 *(.fini9)
 *(.fini8)
 *(.fini8)
 *(.fini7)
 *(.fini7)
 *(.fini6)
 *(.fini6)
 *(.fini5)
 *(.fini5)
 *(.fini4)
 *(.fini4)
 *(.fini3)
 *(.fini3)
 *(.fini2)
 *(.fini2)
 *(.fini1)
 *(.fini1)
 *(.fini0)
 .fini0         0x0000000000004504        0x4 /usr/local/Cellar/avr-gcc@8/8.4.0/lib/avr-gcc/8/gcc/avr/8.4.0/avr5/libgcc.a(_exit.o)
 *(.fini0)
 *(.hightext)
 *(.hightext*)
 *(.progmemx.*)
                0x0000000000004508                . = ALIGN (0x2)
 *(.jumptables)
 *(.jumptables*)
 .jumptables.gcc.process_action
                0x0000000000004508       0x18 .build/obj_squiggle_rev1_andrew/common/action.o
 .jumptables.gcc.is_tap_action
                0x0000000000004520       0x1c .build/obj_squiggle_rev1_andrew/common/action.o
 .jumptables.gcc.USB_Device_ProcessControlRequest
                0x000000000000453c       0x14 .build/obj_squiggle_rev1_andrew/lib/lufa/LUFA/Drivers/USB/Core/DeviceStandardReq.o
                0x0000000000004550                _etext = .

.data           0x0000000000800100       0x38 load address 0x0000000000004550
                0x0000000000800100                PROVIDE (__data_start = .)
 *(.data)
 *(.data*)
 .data.isLeftHand
                0x0000000000800100        0x1 .build/obj_squiggle_rev1_andrew/quantum/split_common/split_util.o
                0x0000000000800100                isLeftHand
 .data.transactions
                0x0000000000800101        0x8 .build/obj_squiggle_rev1_andrew/quantum/split_common/transport.o
                0x0000000000800101                transactions
 .data.keyboard_report
                0x0000000000800109        0x2 .build/obj_squiggle_rev1_andrew/common/action_util.o
                0x0000000000800109                keyboard_report
 .data.mk_wheel_time_to_max
                0x000000000080010b        0x1 .build/obj_squiggle_rev1_andrew/common/mousekey.o
                0x000000000080010b                mk_wheel_time_to_max
 .data.mk_wheel_max_speed
                0x000000000080010c        0x1 .build/obj_squiggle_rev1_andrew/common/mousekey.o
                0x000000000080010c                mk_wheel_max_speed
 .data.mk_wheel_interval
                0x000000000080010d        0x1 .build/obj_squiggle_rev1_andrew/common/mousekey.o
                0x000000000080010d                mk_wheel_interval
 .data.mk_time_to_max
                0x000000000080010e        0x1 .build/obj_squiggle_rev1_andrew/common/mousekey.o
                0x000000000080010e                mk_time_to_max
 .data.mk_max_speed
                0x000000000080010f        0x1 .build/obj_squiggle_rev1_andrew/common/mousekey.o
                0x000000000080010f                mk_max_speed
 .data.mk_interval
                0x0000000000800110        0x1 .build/obj_squiggle_rev1_andrew/common/mousekey.o
                0x0000000000800110                mk_interval
 .data.lufa_driver
                0x0000000000800111        0xa .build/obj_squiggle_rev1_andrew/lufa.o
                0x0000000000800111                lufa_driver
 .data.keyboard_protocol
                0x000000000080011b        0x1 .build/obj_squiggle_rev1_andrew/lufa.o
                0x000000000080011b                keyboard_protocol
 *(.gnu.linkonce.d*)
 *(.rodata)
 *(.rodata*)
 .rodata.col_pins
                0x000000000080011c        0x5 .build/obj_squiggle_rev1_andrew/quantum/split_common/matrix.o
 .rodata.row_pins
                0x0000000000800121        0x8 .build/obj_squiggle_rev1_andrew/quantum/split_common/matrix.o
 .rodata.CSWTCH.2
                0x0000000000800129        0x3 .build/obj_squiggle_rev1_andrew/usb_descriptor.o
 .rodata.CSWTCH.1
                0x000000000080012c        0x6 .build/obj_squiggle_rev1_andrew/usb_descriptor.o
 .rodata.CSWTCH.0
                0x0000000000800132        0x6 .build/obj_squiggle_rev1_andrew/usb_descriptor.o
 *(.gnu.linkonce.r*)
                0x0000000000800138                . = ALIGN (0x2)
                0x0000000000800138                _edata = .
                0x0000000000800138                PROVIDE (__data_end = .)

.bss            0x0000000000800138       0xcb
                0x0000000000800138                PROVIDE (__bss_start = .)
 *(.bss)
 .bss           0x0000000000800138        0x2 .build/obj_squiggle_rev1_andrew/common/avr/xprintf.o
                0x0000000000800138                xfunc_out
 *(.bss*)
 .bss.error_count.3746
                0x000000000080013a        0x1 .build/obj_squiggle_rev1_andrew/quantum/split_common/matrix.o
 .bss.debouncing_time
                0x000000000080013b        0x2 .build/obj_squiggle_rev1_andrew/quantum/debounce/sym_defer_g.o
 .bss.debouncing
                0x000000000080013d        0x1 .build/obj_squiggle_rev1_andrew/quantum/debounce/sym_defer_g.o
 .bss.usbstate.5994
                0x000000000080013e        0x1 .build/obj_squiggle_rev1_andrew/quantum/split_common/split_util.o
 .bss.status0   0x000000000080013f        0x1 .build/obj_squiggle_rev1_andrew/quantum/split_common/transport.o
                0x000000000080013f                status0
 .bss.serial_m2s_buffer
                0x0000000000800140        0x0 .build/obj_squiggle_rev1_andrew/quantum/split_common/transport.o
                0x0000000000800140                serial_m2s_buffer
 .bss.serial_s2m_buffer
                0x0000000000800140        0x4 .build/obj_squiggle_rev1_andrew/quantum/split_common/transport.o
                0x0000000000800140                serial_s2m_buffer
 .bss.sc_timer  0x0000000000800144        0x2 .build/obj_squiggle_rev1_andrew/quantum/process_keycode/process_space_cadet.o
 .bss.sc_last   0x0000000000800146        0x1 .build/obj_squiggle_rev1_andrew/quantum/process_keycode/process_space_cadet.o
 .bss.grave_esc_was_shifted
                0x0000000000800147        0x1 .build/obj_squiggle_rev1_andrew/quantum/process_keycode/process_grave_esc.o
 .bss.Transaction_table
                0x0000000000800148        0x2 .build/obj_squiggle_rev1_andrew/serial.a(serial.o)
 .bss.last_consumer_report
                0x000000000080014a        0x2 .build/obj_squiggle_rev1_andrew/common/host.o
 .bss.last_system_report
                0x000000000080014c        0x2 .build/obj_squiggle_rev1_andrew/common/host.o
 .bss.driver    0x000000000080014e        0x2 .build/obj_squiggle_rev1_andrew/common/host.o
 .bss.led_status.3022
                0x0000000000800150        0x1 .build/obj_squiggle_rev1_andrew/common/keyboard.o
 .bss.matrix_prev.3021
                0x0000000000800151        0x8 .build/obj_squiggle_rev1_andrew/common/keyboard.o
 .bss.disable_action_cache
                0x0000000000800159        0x1 .build/obj_squiggle_rev1_andrew/common/action.o
                0x0000000000800159                disable_action_cache
 .bss.waiting_buffer_tail
                0x000000000080015a        0x1 .build/obj_squiggle_rev1_andrew/common/action_tapping.o
 .bss.waiting_buffer_head
                0x000000000080015b        0x1 .build/obj_squiggle_rev1_andrew/common/action_tapping.o
 .bss.waiting_buffer
                0x000000000080015c       0x30 .build/obj_squiggle_rev1_andrew/common/action_tapping.o
 .bss.tapping_key
                0x000000000080018c        0x6 .build/obj_squiggle_rev1_andrew/common/action_tapping.o
 .bss.source_layers_cache
                0x0000000000800192       0x19 .build/obj_squiggle_rev1_andrew/common/action_layer.o
                0x0000000000800192                source_layers_cache
 .bss.layer_state
                0x00000000008001ab        0x4 .build/obj_squiggle_rev1_andrew/common/action_layer.o
                0x00000000008001ab                layer_state
 .bss.default_layer_state
                0x00000000008001af        0x4 .build/obj_squiggle_rev1_andrew/common/action_layer.o
                0x00000000008001af                default_layer_state
 .bss.oneshot_layer_data
                0x00000000008001b3        0x1 .build/obj_squiggle_rev1_andrew/common/action_util.o
 .bss.oneshot_mods
                0x00000000008001b4        0x1 .build/obj_squiggle_rev1_andrew/common/action_util.o
 .bss.__compound_literal.0
                0x00000000008001b5        0x8 .build/obj_squiggle_rev1_andrew/common/action_util.o
 .bss.macro_mods
                0x00000000008001bd        0x1 .build/obj_squiggle_rev1_andrew/common/action_util.o
 .bss.weak_mods
                0x00000000008001be        0x1 .build/obj_squiggle_rev1_andrew/common/action_util.o
 .bss.real_mods
                0x00000000008001bf        0x1 .build/obj_squiggle_rev1_andrew/common/action_util.o
 .bss.debug_config
                0x00000000008001c0        0x1 .build/obj_squiggle_rev1_andrew/common/debug.o
                0x00000000008001c0                debug_config
 .bss.wdt_timeout
                0x00000000008001c1        0x1 .build/obj_squiggle_rev1_andrew/common/avr/suspend.o
 .bss.mk_wheel_delay
                0x00000000008001c2        0x1 .build/obj_squiggle_rev1_andrew/common/mousekey.o
                0x00000000008001c2                mk_wheel_delay
 .bss.mk_delay  0x00000000008001c3        0x1 .build/obj_squiggle_rev1_andrew/common/mousekey.o
                0x00000000008001c3                mk_delay
 .bss.last_timer_w
                0x00000000008001c4        0x2 .build/obj_squiggle_rev1_andrew/common/mousekey.o
 .bss.last_timer_c
                0x00000000008001c6        0x2 .build/obj_squiggle_rev1_andrew/common/mousekey.o
 .bss.mousekey_wheel_repeat
                0x00000000008001c8        0x1 .build/obj_squiggle_rev1_andrew/common/mousekey.o
 .bss.mousekey_repeat
                0x00000000008001c9        0x1 .build/obj_squiggle_rev1_andrew/common/mousekey.o
 .bss.mousekey_accel
                0x00000000008001ca        0x1 .build/obj_squiggle_rev1_andrew/common/mousekey.o
 .bss.mouse_report
                0x00000000008001cb        0x6 .build/obj_squiggle_rev1_andrew/common/mousekey.o
 .bss.timeouted.6168
                0x00000000008001d1        0x1 .build/obj_squiggle_rev1_andrew/lufa.o
 .bss.count.6108
                0x00000000008001d2        0x1 .build/obj_squiggle_rev1_andrew/lufa.o
 .bss.console_flush
                0x00000000008001d3        0x1 .build/obj_squiggle_rev1_andrew/lufa.o
 .bss.keyboard_report_sent
                0x00000000008001d4        0x8 .build/obj_squiggle_rev1_andrew/lufa.o
 .bss.keyboard_led_state
                0x00000000008001dc        0x1 .build/obj_squiggle_rev1_andrew/lufa.o
 .bss.keyboard_idle
                0x00000000008001dd        0x1 .build/obj_squiggle_rev1_andrew/lufa.o
                0x00000000008001dd                keyboard_idle
 *(COMMON)
 COMMON         0x00000000008001de       0x10 .build/obj_squiggle_rev1_andrew/quantum/matrix_common.o
                0x00000000008001de                raw_matrix
                0x00000000008001e6                matrix
 COMMON         0x00000000008001ee        0x2 .build/obj_squiggle_rev1_andrew/quantum/split_common/matrix.o
                0x00000000008001ee                thatHand
                0x00000000008001ef                thisHand
 COMMON         0x00000000008001f0        0x4 .build/obj_squiggle_rev1_andrew/common/avr/timer.o
                0x00000000008001f0                timer_count
 COMMON         0x00000000008001f4        0x2 .build/obj_squiggle_rev1_andrew/common/magic.o
                0x00000000008001f4                keymap_config
 COMMON         0x00000000008001f6        0x3 .build/obj_squiggle_rev1_andrew/lib/lufa/LUFA/Drivers/USB/Core/DeviceStandardReq.o
                0x00000000008001f6                USB_Device_ConfigurationNumber
                0x00000000008001f7                USB_Device_CurrentlySelfPowered
                0x00000000008001f8                USB_Device_RemoteWakeupEnabled
 COMMON         0x00000000008001f9        0xa .build/obj_squiggle_rev1_andrew/lib/lufa/LUFA/Drivers/USB/Core/USBTask.o
                0x00000000008001f9                USB_IsInitialized
                0x00000000008001fa                USB_DeviceState
                0x00000000008001fb                USB_ControlRequest
                0x0000000000800203                PROVIDE (__bss_end = .)
                0x0000000000004550                __data_load_start = LOADADDR (.data)
                0x0000000000004588                __data_load_end = (__data_load_start + SIZEOF (.data))

.noinit         0x0000000000800203        0x4
                [!provide]                        PROVIDE (__noinit_start = .)
 *(.noinit*)
 .noinit        0x0000000000800203        0x4 .build/obj_squiggle_rev1_andrew/common/avr/bootloader.o
                0x0000000000800203                reset_key
                [!provide]                        PROVIDE (__noinit_end = .)
                0x0000000000800207                _end = .
                [!provide]                        PROVIDE (__heap_start = .)

.eeprom         0x0000000000810000        0x0
 *(.eeprom*)
                0x0000000000810000                __eeprom_end = .

.fuse
 *(.fuse)
 *(.lfuse)
 *(.hfuse)
 *(.efuse)

.lock
 *(.lock*)

.signature
 *(.signature*)

.stab           0x0000000000000000      0x8b8
 *(.stab)
 .stab          0x0000000000000000      0x8b8 .build/obj_squiggle_rev1_andrew/common/avr/xprintf.o

.stabstr        0x0000000000000000       0x9a
 *(.stabstr)
 .stabstr       0x0000000000000000       0x9a .build/obj_squiggle_rev1_andrew/common/avr/xprintf.o

.stab.excl
 *(.stab.excl)

.stab.exclstr
 *(.stab.exclstr)

.stab.index
 *(.stab.index)

.stab.indexstr
 *(.stab.indexstr)

.comment        0x0000000000000000       0x24
 *(.comment)
 .comment       0x0000000000000000       0x24 .build/obj_squiggle_rev1_andrew/keyboards/squiggle/keymaps/andrew/keymap.o
                                         0x25 (size before relaxing)
 .comment       0x0000000000000024       0x25 .build/obj_squiggle_rev1_andrew/quantum/quantum.o
 .comment       0x0000000000000024       0x25 .build/obj_squiggle_rev1_andrew/quantum/keymap_common.o
 .comment       0x0000000000000024       0x25 .build/obj_squiggle_rev1_andrew/quantum/keycode_config.o
 .comment       0x0000000000000024       0x25 .build/obj_squiggle_rev1_andrew/quantum/matrix_common.o
 .comment       0x0000000000000024       0x25 .build/obj_squiggle_rev1_andrew/quantum/split_common/matrix.o
 .comment       0x0000000000000024       0x25 .build/obj_squiggle_rev1_andrew/quantum/debounce/sym_defer_g.o
 .comment       0x0000000000000024       0x25 .build/obj_squiggle_rev1_andrew/quantum/split_common/split_util.o
 .comment       0x0000000000000024       0x25 .build/obj_squiggle_rev1_andrew/quantum/split_common/transport.o
 .comment       0x0000000000000024       0x25 .build/obj_squiggle_rev1_andrew/quantum/process_keycode/process_space_cadet.o
 .comment       0x0000000000000024       0x25 .build/obj_squiggle_rev1_andrew/quantum/process_keycode/process_magic.o
 .comment       0x0000000000000024       0x25 .build/obj_squiggle_rev1_andrew/quantum/process_keycode/process_grave_esc.o
 .comment       0x0000000000000024       0x25 .build/obj_squiggle_rev1_andrew/serial.a(serial.o)
 .comment       0x0000000000000024       0x25 .build/obj_squiggle_rev1_andrew/common/host.o
 .comment       0x0000000000000024       0x25 .build/obj_squiggle_rev1_andrew/common/keyboard.o
 .comment       0x0000000000000024       0x25 .build/obj_squiggle_rev1_andrew/common/action.o
 .comment       0x0000000000000024       0x25 .build/obj_squiggle_rev1_andrew/common/action_tapping.o
 .comment       0x0000000000000024       0x25 .build/obj_squiggle_rev1_andrew/common/action_layer.o
 .comment       0x0000000000000024       0x25 .build/obj_squiggle_rev1_andrew/common/action_util.o
 .comment       0x0000000000000024       0x25 .build/obj_squiggle_rev1_andrew/common/print.o
 .comment       0x0000000000000024       0x25 .build/obj_squiggle_rev1_andrew/common/debug.o
 .comment       0x0000000000000024       0x25 .build/obj_squiggle_rev1_andrew/common/util.o
 .comment       0x0000000000000024       0x25 .build/obj_squiggle_rev1_andrew/common/eeconfig.o
 .comment       0x0000000000000024       0x25 .build/obj_squiggle_rev1_andrew/common/report.o
 .comment       0x0000000000000024       0x25 .build/obj_squiggle_rev1_andrew/common/avr/suspend.o
 .comment       0x0000000000000024       0x25 .build/obj_squiggle_rev1_andrew/common/avr/timer.o
 .comment       0x0000000000000024       0x25 .build/obj_squiggle_rev1_andrew/common/avr/bootloader.o
 .comment       0x0000000000000024       0x25 .build/obj_squiggle_rev1_andrew/common/magic.o
 .comment       0x0000000000000024       0x25 .build/obj_squiggle_rev1_andrew/common/mousekey.o
 .comment       0x0000000000000024       0x25 .build/obj_squiggle_rev1_andrew/lufa.o
 .comment       0x0000000000000024       0x25 .build/obj_squiggle_rev1_andrew/usb_descriptor.o
 .comment       0x0000000000000024       0x25 .build/obj_squiggle_rev1_andrew/lib/lufa/LUFA/Drivers/USB/Core/AVR8/Device_AVR8.o
 .comment       0x0000000000000024       0x25 .build/obj_squiggle_rev1_andrew/lib/lufa/LUFA/Drivers/USB/Core/AVR8/EndpointStream_AVR8.o
 .comment       0x0000000000000024       0x25 .build/obj_squiggle_rev1_andrew/lib/lufa/LUFA/Drivers/USB/Core/AVR8/Endpoint_AVR8.o
 .comment       0x0000000000000024       0x25 .build/obj_squiggle_rev1_andrew/lib/lufa/LUFA/Drivers/USB/Core/AVR8/USBController_AVR8.o
 .comment       0x0000000000000024       0x25 .build/obj_squiggle_rev1_andrew/lib/lufa/LUFA/Drivers/USB/Core/AVR8/USBInterrupt_AVR8.o
 .comment       0x0000000000000024       0x25 .build/obj_squiggle_rev1_andrew/lib/lufa/LUFA/Drivers/USB/Core/DeviceStandardReq.o
 .comment       0x0000000000000024       0x25 .build/obj_squiggle_rev1_andrew/lib/lufa/LUFA/Drivers/USB/Core/USBTask.o

.note.gnu.avr.deviceinfo
                0x0000000000000000       0x40
 .note.gnu.avr.deviceinfo
                0x0000000000000000       0x40 /usr/local/Cellar/avr-gcc@8/8.4.0/lib/avr-gcc/8/gcc/avr/8.4.0/../../../../../../avr/lib/avr5/crtatmega32u4.o

.note.gnu.build-id
 *(.note.gnu.build-id)

.debug
 *(.debug)

.line
 *(.line)

.debug_srcinfo
 *(.debug_srcinfo)

.debug_sfnames
 *(.debug_sfnames)

.debug_aranges  0x0000000000000000      0xe88
 *(.debug_aranges)
 .debug_aranges
                0x0000000000000000       0x20 .build/obj_squiggle_rev1_andrew/keyboards/squiggle/keymaps/andrew/keymap.o
 .debug_aranges
                0x0000000000000020      0x140 .build/obj_squiggle_rev1_andrew/quantum/quantum.o
 .debug_aranges
                0x0000000000000160       0x40 .build/obj_squiggle_rev1_andrew/quantum/keymap_common.o
 .debug_aranges
                0x00000000000001a0       0x28 .build/obj_squiggle_rev1_andrew/quantum/keycode_config.o
 .debug_aranges
                0x00000000000001c8       0x90 .build/obj_squiggle_rev1_andrew/quantum/matrix_common.o
 .debug_aranges
                0x0000000000000258       0x38 .build/obj_squiggle_rev1_andrew/quantum/split_common/matrix.o
 .debug_aranges
                0x0000000000000290       0x30 .build/obj_squiggle_rev1_andrew/quantum/debounce/sym_defer_g.o
 .debug_aranges
                0x00000000000002c0       0x38 .build/obj_squiggle_rev1_andrew/quantum/split_common/split_util.o
 .debug_aranges
                0x00000000000002f8       0x38 .build/obj_squiggle_rev1_andrew/quantum/split_common/transport.o
 .debug_aranges
                0x0000000000000330       0x28 .build/obj_squiggle_rev1_andrew/quantum/process_keycode/process_space_cadet.o
 .debug_aranges
                0x0000000000000358       0x20 .build/obj_squiggle_rev1_andrew/quantum/process_keycode/process_magic.o
 .debug_aranges
                0x0000000000000378       0x20 .build/obj_squiggle_rev1_andrew/quantum/process_keycode/process_grave_esc.o
 .debug_aranges
                0x0000000000000398       0x68 .build/obj_squiggle_rev1_andrew/serial.a(serial.o)
 .debug_aranges
                0x0000000000000400       0x68 .build/obj_squiggle_rev1_andrew/common/host.o
 .debug_aranges
                0x0000000000000468       0x68 .build/obj_squiggle_rev1_andrew/common/keyboard.o
 .debug_aranges
                0x00000000000004d0       0xd0 .build/obj_squiggle_rev1_andrew/common/action.o
 .debug_aranges
                0x00000000000005a0       0x50 .build/obj_squiggle_rev1_andrew/common/action_tapping.o
 .debug_aranges
                0x00000000000005f0       0xe0 .build/obj_squiggle_rev1_andrew/common/action_layer.o
 .debug_aranges
                0x00000000000006d0      0x140 .build/obj_squiggle_rev1_andrew/common/action_util.o
 .debug_aranges
                0x0000000000000810       0x20 .build/obj_squiggle_rev1_andrew/common/print.o
 .debug_aranges
                0x0000000000000830       0x18 .build/obj_squiggle_rev1_andrew/common/debug.o
 .debug_aranges
                0x0000000000000848       0x60 .build/obj_squiggle_rev1_andrew/common/util.o
 .debug_aranges
                0x00000000000008a8       0xe8 .build/obj_squiggle_rev1_andrew/common/eeconfig.o
 .debug_aranges
                0x0000000000000990       0x58 .build/obj_squiggle_rev1_andrew/common/report.o
 .debug_aranges
                0x00000000000009e8       0x58 .build/obj_squiggle_rev1_andrew/common/avr/suspend.o
 .debug_aranges
                0x0000000000000a40       0x50 .build/obj_squiggle_rev1_andrew/common/avr/timer.o
 .debug_aranges
                0x0000000000000a90       0x28 .build/obj_squiggle_rev1_andrew/common/avr/bootloader.o
 .debug_aranges
                0x0000000000000ab8       0x20 .build/obj_squiggle_rev1_andrew/common/magic.o
 .debug_aranges
                0x0000000000000ad8       0x50 .build/obj_squiggle_rev1_andrew/common/mousekey.o
 .debug_aranges
                0x0000000000000b28       0x90 .build/obj_squiggle_rev1_andrew/lufa.o
 .debug_aranges
                0x0000000000000bb8       0x20 .build/obj_squiggle_rev1_andrew/usb_descriptor.o
 .debug_aranges
                0x0000000000000bd8       0x20 .build/obj_squiggle_rev1_andrew/lib/lufa/LUFA/Drivers/USB/Core/AVR8/Device_AVR8.o
 .debug_aranges
                0x0000000000000bf8       0xc8 .build/obj_squiggle_rev1_andrew/lib/lufa/LUFA/Drivers/USB/Core/AVR8/EndpointStream_AVR8.o
 .debug_aranges
                0x0000000000000cc0       0x40 .build/obj_squiggle_rev1_andrew/lib/lufa/LUFA/Drivers/USB/Core/AVR8/Endpoint_AVR8.o
 .debug_aranges
                0x0000000000000d00       0x30 .build/obj_squiggle_rev1_andrew/lib/lufa/LUFA/Drivers/USB/Core/AVR8/USBController_AVR8.o
 .debug_aranges
                0x0000000000000d30       0x38 .build/obj_squiggle_rev1_andrew/lib/lufa/LUFA/Drivers/USB/Core/AVR8/USBInterrupt_AVR8.o
 .debug_aranges
                0x0000000000000d68       0x20 .build/obj_squiggle_rev1_andrew/lib/lufa/LUFA/Drivers/USB/Core/DeviceStandardReq.o
 .debug_aranges
                0x0000000000000d88       0x20 .build/obj_squiggle_rev1_andrew/lib/lufa/LUFA/Drivers/USB/Core/USBTask.o
 .debug_aranges
                0x0000000000000da8       0x20 /usr/local/Cellar/avr-gcc@8/8.4.0/lib/avr-gcc/8/gcc/avr/8.4.0/avr5/libgcc.a(_udivmodqi4.o)
 .debug_aranges
                0x0000000000000dc8       0x20 /usr/local/Cellar/avr-gcc@8/8.4.0/lib/avr-gcc/8/gcc/avr/8.4.0/avr5/libgcc.a(_divmodhi4.o)
 .debug_aranges
                0x0000000000000de8       0x20 /usr/local/Cellar/avr-gcc@8/8.4.0/lib/avr-gcc/8/gcc/avr/8.4.0/avr5/libgcc.a(_exit.o)
 .debug_aranges
                0x0000000000000e08       0x20 /usr/local/Cellar/avr-gcc@8/8.4.0/lib/avr-gcc/8/gcc/avr/8.4.0/avr5/libgcc.a(_tablejump2.o)
 .debug_aranges
                0x0000000000000e28       0x20 /usr/local/Cellar/avr-gcc@8/8.4.0/lib/avr-gcc/8/gcc/avr/8.4.0/avr5/libgcc.a(_copy_data.o)
 .debug_aranges
                0x0000000000000e48       0x20 /usr/local/Cellar/avr-gcc@8/8.4.0/lib/avr-gcc/8/gcc/avr/8.4.0/avr5/libgcc.a(_clear_bss.o)
 .debug_aranges
                0x0000000000000e68       0x20 /usr/local/Cellar/avr-gcc@8/8.4.0/lib/avr-gcc/8/gcc/avr/8.4.0/avr5/libgcc.a(_udivmodhi4.o)

.debug_pubnames
 *(.debug_pubnames)

.debug_info     0x0000000000000000    0x1ceb3
 *(.debug_info .gnu.linkonce.wi.*)
 .debug_info    0x0000000000000000      0x9f4 /usr/local/Cellar/avr-gcc@8/8.4.0/lib/avr-gcc/8/gcc/avr/8.4.0/../../../../../../avr/lib/avr5/crtatmega32u4.o
 .debug_info    0x00000000000009f4     0x16c0 .build/obj_squiggle_rev1_andrew/keyboards/squiggle/keymaps/andrew/keymap.o
 .debug_info    0x00000000000020b4     0x29e3 .build/obj_squiggle_rev1_andrew/quantum/quantum.o
 .debug_info    0x0000000000004a97     0x1ba2 .build/obj_squiggle_rev1_andrew/quantum/keymap_common.o
 .debug_info    0x0000000000006639      0x63c .build/obj_squiggle_rev1_andrew/quantum/keycode_config.o
 .debug_info    0x0000000000006c75      0x71c .build/obj_squiggle_rev1_andrew/quantum/matrix_common.o
 .debug_info    0x0000000000007391      0x9ab .build/obj_squiggle_rev1_andrew/quantum/split_common/matrix.o
 .debug_info    0x0000000000007d3c      0x54d .build/obj_squiggle_rev1_andrew/quantum/debounce/sym_defer_g.o
 .debug_info    0x0000000000008289      0x7df .build/obj_squiggle_rev1_andrew/quantum/split_common/split_util.o
 .debug_info    0x0000000000008a68      0x6bf .build/obj_squiggle_rev1_andrew/quantum/split_common/transport.o
 .debug_info    0x0000000000009127     0x15aa .build/obj_squiggle_rev1_andrew/quantum/process_keycode/process_space_cadet.o
 .debug_info    0x000000000000a6d1     0x1063 .build/obj_squiggle_rev1_andrew/quantum/process_keycode/process_magic.o
 .debug_info    0x000000000000b734     0x14c3 .build/obj_squiggle_rev1_andrew/quantum/process_keycode/process_grave_esc.o
 .debug_info    0x000000000000cbf7      0xcdb .build/obj_squiggle_rev1_andrew/serial.a(serial.o)
 .debug_info    0x000000000000d8d2      0x6ed .build/obj_squiggle_rev1_andrew/common/host.o
 .debug_info    0x000000000000dfbf      0x889 .build/obj_squiggle_rev1_andrew/common/keyboard.o
 .debug_info    0x000000000000e848     0x1d01 .build/obj_squiggle_rev1_andrew/common/action.o
 .debug_info    0x0000000000010549     0x104f .build/obj_squiggle_rev1_andrew/common/action_tapping.o
 .debug_info    0x0000000000011598      0xcba .build/obj_squiggle_rev1_andrew/common/action_layer.o
 .debug_info    0x0000000000012252      0xba8 .build/obj_squiggle_rev1_andrew/common/action_util.o
 .debug_info    0x0000000000012dfa       0xdf .build/obj_squiggle_rev1_andrew/common/print.o
 .debug_info    0x0000000000012ed9      0x130 .build/obj_squiggle_rev1_andrew/common/debug.o
 .debug_info    0x0000000000013009      0x2f9 .build/obj_squiggle_rev1_andrew/common/util.o
 .debug_info    0x0000000000013302      0x8e9 .build/obj_squiggle_rev1_andrew/common/eeconfig.o
 .debug_info    0x0000000000013beb      0x9af .build/obj_squiggle_rev1_andrew/common/report.o
 .debug_info    0x000000000001459a      0x729 .build/obj_squiggle_rev1_andrew/common/avr/suspend.o
 .debug_info    0x0000000000014cc3      0x443 .build/obj_squiggle_rev1_andrew/common/avr/timer.o
 .debug_info    0x0000000000015106      0x357 .build/obj_squiggle_rev1_andrew/common/avr/bootloader.o
 .debug_info    0x000000000001545d      0x3b8 .build/obj_squiggle_rev1_andrew/common/magic.o
 .debug_info    0x0000000000015815      0x84f .build/obj_squiggle_rev1_andrew/common/mousekey.o
 .debug_info    0x0000000000016064     0x1c87 .build/obj_squiggle_rev1_andrew/lufa.o
 .debug_info    0x0000000000017ceb      0xa60 .build/obj_squiggle_rev1_andrew/usb_descriptor.o
 .debug_info    0x000000000001874b      0x1c0 .build/obj_squiggle_rev1_andrew/lib/lufa/LUFA/Drivers/USB/Core/AVR8/Device_AVR8.o
 .debug_info    0x000000000001890b     0x1da4 .build/obj_squiggle_rev1_andrew/lib/lufa/LUFA/Drivers/USB/Core/AVR8/EndpointStream_AVR8.o
 .debug_info    0x000000000001a6af      0x75d .build/obj_squiggle_rev1_andrew/lib/lufa/LUFA/Drivers/USB/Core/AVR8/Endpoint_AVR8.o
 .debug_info    0x000000000001ae0c      0x606 .build/obj_squiggle_rev1_andrew/lib/lufa/LUFA/Drivers/USB/Core/AVR8/USBController_AVR8.o
 .debug_info    0x000000000001b412      0xa43 .build/obj_squiggle_rev1_andrew/lib/lufa/LUFA/Drivers/USB/Core/AVR8/USBInterrupt_AVR8.o
 .debug_info    0x000000000001be55      0xc59 .build/obj_squiggle_rev1_andrew/lib/lufa/LUFA/Drivers/USB/Core/DeviceStandardReq.o
 .debug_info    0x000000000001caae      0x2fb .build/obj_squiggle_rev1_andrew/lib/lufa/LUFA/Drivers/USB/Core/USBTask.o
 .debug_info    0x000000000001cda9       0x26 /usr/local/Cellar/avr-gcc@8/8.4.0/lib/avr-gcc/8/gcc/avr/8.4.0/avr5/libgcc.a(_udivmodqi4.o)
 .debug_info    0x000000000001cdcf       0x26 /usr/local/Cellar/avr-gcc@8/8.4.0/lib/avr-gcc/8/gcc/avr/8.4.0/avr5/libgcc.a(_divmodhi4.o)
 .debug_info    0x000000000001cdf5       0x26 /usr/local/Cellar/avr-gcc@8/8.4.0/lib/avr-gcc/8/gcc/avr/8.4.0/avr5/libgcc.a(_exit.o)
 .debug_info    0x000000000001ce1b       0x26 /usr/local/Cellar/avr-gcc@8/8.4.0/lib/avr-gcc/8/gcc/avr/8.4.0/avr5/libgcc.a(_tablejump2.o)
 .debug_info    0x000000000001ce41       0x26 /usr/local/Cellar/avr-gcc@8/8.4.0/lib/avr-gcc/8/gcc/avr/8.4.0/avr5/libgcc.a(_copy_data.o)
 .debug_info    0x000000000001ce67       0x26 /usr/local/Cellar/avr-gcc@8/8.4.0/lib/avr-gcc/8/gcc/avr/8.4.0/avr5/libgcc.a(_clear_bss.o)
 .debug_info    0x000000000001ce8d       0x26 /usr/local/Cellar/avr-gcc@8/8.4.0/lib/avr-gcc/8/gcc/avr/8.4.0/avr5/libgcc.a(_udivmodhi4.o)

.debug_abbrev   0x0000000000000000     0x64f3
 *(.debug_abbrev)
 .debug_abbrev  0x0000000000000000      0x96a /usr/local/Cellar/avr-gcc@8/8.4.0/lib/avr-gcc/8/gcc/avr/8.4.0/../../../../../../avr/lib/avr5/crtatmega32u4.o
 .debug_abbrev  0x000000000000096a      0x1d7 .build/obj_squiggle_rev1_andrew/keyboards/squiggle/keymaps/andrew/keymap.o
 .debug_abbrev  0x0000000000000b41      0x476 .build/obj_squiggle_rev1_andrew/quantum/quantum.o
 .debug_abbrev  0x0000000000000fb7      0x2d8 .build/obj_squiggle_rev1_andrew/quantum/keymap_common.o
 .debug_abbrev  0x000000000000128f      0x119 .build/obj_squiggle_rev1_andrew/quantum/keycode_config.o
 .debug_abbrev  0x00000000000013a8      0x355 .build/obj_squiggle_rev1_andrew/quantum/matrix_common.o
 .debug_abbrev  0x00000000000016fd      0x33b .build/obj_squiggle_rev1_andrew/quantum/split_common/matrix.o
 .debug_abbrev  0x0000000000001a38      0x1d5 .build/obj_squiggle_rev1_andrew/quantum/debounce/sym_defer_g.o
 .debug_abbrev  0x0000000000001c0d      0x2bf .build/obj_squiggle_rev1_andrew/quantum/split_common/split_util.o
 .debug_abbrev  0x0000000000001ecc      0x23f .build/obj_squiggle_rev1_andrew/quantum/split_common/transport.o
 .debug_abbrev  0x000000000000210b      0x1e8 .build/obj_squiggle_rev1_andrew/quantum/process_keycode/process_space_cadet.o
 .debug_abbrev  0x00000000000022f3      0x184 .build/obj_squiggle_rev1_andrew/quantum/process_keycode/process_magic.o
 .debug_abbrev  0x0000000000002477      0x1d2 .build/obj_squiggle_rev1_andrew/quantum/process_keycode/process_grave_esc.o
 .debug_abbrev  0x0000000000002649      0x39b .build/obj_squiggle_rev1_andrew/serial.a(serial.o)
 .debug_abbrev  0x00000000000029e4      0x260 .build/obj_squiggle_rev1_andrew/common/host.o
 .debug_abbrev  0x0000000000002c44      0x292 .build/obj_squiggle_rev1_andrew/common/keyboard.o
 .debug_abbrev  0x0000000000002ed6      0x466 .build/obj_squiggle_rev1_andrew/common/action.o
 .debug_abbrev  0x000000000000333c      0x383 .build/obj_squiggle_rev1_andrew/common/action_tapping.o
 .debug_abbrev  0x00000000000036bf      0x328 .build/obj_squiggle_rev1_andrew/common/action_layer.o