Archive member included to satisfy reference by file (symbol)

.build/obj_squiggle_rev1_rick/serial.a(serial.o)
                              .build/obj_squiggle_rev1_rick/quantum/split_common/transport.o (soft_serial_initiator_init)
/usr/local/Cellar/avr-gcc@8/8.4.0/lib/avr-gcc/8/gcc/avr/8.4.0/avr5/libgcc.a(_udivmodqi4.o)
                              .build/obj_squiggle_rev1_rick/lufa.o (__udivmodqi4)
/usr/local/Cellar/avr-gcc@8/8.4.0/lib/avr-gcc/8/gcc/avr/8.4.0/avr5/libgcc.a(_exit.o)
                              /usr/local/Cellar/avr-gcc@8/8.4.0/lib/avr-gcc/8/gcc/avr/8.4.0/../../../../../../avr/lib/avr5/crtatmega32u4.o (exit)
/usr/local/Cellar/avr-gcc@8/8.4.0/lib/avr-gcc/8/gcc/avr/8.4.0/avr5/libgcc.a(_tablejump2.o)
                              .build/obj_squiggle_rev1_rick/common/action.o (__tablejump2__)
/usr/local/Cellar/avr-gcc@8/8.4.0/lib/avr-gcc/8/gcc/avr/8.4.0/avr5/libgcc.a(_copy_data.o)
                              .build/obj_squiggle_rev1_rick/keyboards/squiggle/keymaps/rick/keymap.o (__do_copy_data)
/usr/local/Cellar/avr-gcc@8/8.4.0/lib/avr-gcc/8/gcc/avr/8.4.0/avr5/libgcc.a(_clear_bss.o)
                              .build/obj_squiggle_rev1_rick/quantum/matrix_common.o (__do_clear_bss)
/usr/local/Cellar/avr-gcc@8/8.4.0/lib/avr-gcc/8/gcc/avr/8.4.0/../../../../../../avr/lib/avr5/libatmega32u4.a(eerd_byte.o)
                              .build/obj_squiggle_rev1_rick/common/eeconfig.o (eeprom_read_byte)
/usr/local/Cellar/avr-gcc@8/8.4.0/lib/avr-gcc/8/gcc/avr/8.4.0/../../../../../../avr/lib/avr5/libatmega32u4.a(eerd_dword.o)
                              .build/obj_squiggle_rev1_rick/common/eeconfig.o (eeprom_read_dword)
/usr/local/Cellar/avr-gcc@8/8.4.0/lib/avr-gcc/8/gcc/avr/8.4.0/../../../../../../avr/lib/avr5/libatmega32u4.a(eerd_word.o)
                              .build/obj_squiggle_rev1_rick/common/eeconfig.o (eeprom_read_word)
/usr/local/Cellar/avr-gcc@8/8.4.0/lib/avr-gcc/8/gcc/avr/8.4.0/../../../../../../avr/lib/avr5/libatmega32u4.a(eeupd_byte.o)
                              .build/obj_squiggle_rev1_rick/common/eeconfig.o (eeprom_update_byte)
/usr/local/Cellar/avr-gcc@8/8.4.0/lib/avr-gcc/8/gcc/avr/8.4.0/../../../../../../avr/lib/avr5/libatmega32u4.a(eeupd_dword.o)
                              .build/obj_squiggle_rev1_rick/common/eeconfig.o (eeprom_update_dword)
/usr/local/Cellar/avr-gcc@8/8.4.0/lib/avr-gcc/8/gcc/avr/8.4.0/../../../../../../avr/lib/avr5/libatmega32u4.a(eeupd_word.o)
                              .build/obj_squiggle_rev1_rick/common/eeconfig.o (eeprom_update_word)
/usr/local/Cellar/avr-gcc@8/8.4.0/lib/avr-gcc/8/gcc/avr/8.4.0/../../../../../../avr/lib/avr5/libatmega32u4.a(eerd_block.o)
                              /usr/local/Cellar/avr-gcc@8/8.4.0/lib/avr-gcc/8/gcc/avr/8.4.0/../../../../../../avr/lib/avr5/libatmega32u4.a(eerd_dword.o) (eeprom_read_blraw)

Allocating common symbols
Common symbol       size              file

USB_IsInitialized   0x1               .build/obj_squiggle_rev1_rick/lib/lufa/LUFA/Drivers/USB/Core/USBTask.o
keymap_config       0x2               .build/obj_squiggle_rev1_rick/common/magic.o
thatHand            0x1               .build/obj_squiggle_rev1_rick/quantum/split_common/matrix.o
USB_DeviceState     0x1               .build/obj_squiggle_rev1_rick/lib/lufa/LUFA/Drivers/USB/Core/USBTask.o
USB_Device_ConfigurationNumber
                    0x1               .build/obj_squiggle_rev1_rick/lib/lufa/LUFA/Drivers/USB/Core/DeviceStandardReq.o
raw_matrix          0x8               .build/obj_squiggle_rev1_rick/quantum/matrix_common.o
USB_Device_CurrentlySelfPowered
                    0x1               .build/obj_squiggle_rev1_rick/lib/lufa/LUFA/Drivers/USB/Core/DeviceStandardReq.o
matrix              0x8               .build/obj_squiggle_rev1_rick/quantum/matrix_common.o
USB_ControlRequest  0x8               .build/obj_squiggle_rev1_rick/lib/lufa/LUFA/Drivers/USB/Core/USBTask.o
tp_buttons          0x2               .build/obj_squiggle_rev1_rick/common/action.o
USB_Device_RemoteWakeupEnabled
                    0x1               .build/obj_squiggle_rev1_rick/lib/lufa/LUFA/Drivers/USB/Core/DeviceStandardReq.o
thisHand            0x1               .build/obj_squiggle_rev1_rick/quantum/split_common/matrix.o
timer_count         0x4               .build/obj_squiggle_rev1_rick/common/avr/timer.o

Discarded input sections

 .data          0x0000000000000000        0x0 /usr/local/Cellar/avr-gcc@8/8.4.0/lib/avr-gcc/8/gcc/avr/8.4.0/../../../../../../avr/lib/avr5/crtatmega32u4.o
 .bss           0x0000000000000000        0x0 /usr/local/Cellar/avr-gcc@8/8.4.0/lib/avr-gcc/8/gcc/avr/8.4.0/../../../../../../avr/lib/avr5/crtatmega32u4.o
 .text          0x0000000000000000        0x0 .build/obj_squiggle_rev1_rick/keyboards/squiggle/squiggle.o
 .data          0x0000000000000000        0x0 .build/obj_squiggle_rev1_rick/keyboards/squiggle/squiggle.o
 .bss           0x0000000000000000        0x0 .build/obj_squiggle_rev1_rick/keyboards/squiggle/squiggle.o
[...]
Memory Configuration

Name             Origin             Length             Attributes
text             0x0000000000000000 0x0000000000020000 xr
data             0x0000000000800060 0x000000000000ffa0 rw !x
eeprom           0x0000000000810000 0x0000000000010000 rw !x
fuse             0x0000000000820000 0x0000000000000400 rw !x
lock             0x0000000000830000 0x0000000000000400 rw !x
signature        0x0000000000840000 0x0000000000000400 rw !x
user_signatures  0x0000000000850000 0x0000000000000400 rw !x
*default*        0x0000000000000000 0xffffffffffffffff

Linker script and memory map

Address of section .data set to 0x800100
LOAD /usr/local/Cellar/avr-gcc@8/8.4.0/lib/avr-gcc/8/gcc/avr/8.4.0/../../../../../../avr/lib/avr5/crtatmega32u4.o
LOAD .build/obj_squiggle_rev1_rick/keyboards/squiggle/squiggle.o
LOAD .build/obj_squiggle_rev1_rick/keyboards/squiggle/rev1/rev1.o
LOAD .build/obj_squiggle_rev1_rick/keyboards/squiggle/keymaps/rick/keymap.o
LOAD .build/obj_squiggle_rev1_rick/quantum/quantum.o
LOAD .build/obj_squiggle_rev1_rick/quantum/keymap_common.o
LOAD .build/obj_squiggle_rev1_rick/quantum/keycode_config.o
LOAD .build/obj_squiggle_rev1_rick/quantum/matrix_common.o
LOAD .build/obj_squiggle_rev1_rick/quantum/split_common/matrix.o
LOAD .build/obj_squiggle_rev1_rick/quantum/debounce/sym_defer_g.o
LOAD .build/obj_squiggle_rev1_rick/quantum/split_common/split_util.o
LOAD .build/obj_squiggle_rev1_rick/quantum/split_common/transport.o
LOAD .build/obj_squiggle_rev1_rick/quantum/process_keycode/process_space_cadet.o
LOAD .build/obj_squiggle_rev1_rick/quantum/process_keycode/process_magic.o
LOAD .build/obj_squiggle_rev1_rick/quantum/process_keycode/process_grave_esc.o
LOAD .build/obj_squiggle_rev1_rick/quantum/process_keycode/process_combo.o
LOAD .build/obj_squiggle_rev1_rick/i2c_master.a
LOAD .build/obj_squiggle_rev1_rick/i2c_slave.a
LOAD .build/obj_squiggle_rev1_rick/serial.a
LOAD .build/obj_squiggle_rev1_rick/common/host.o
LOAD .build/obj_squiggle_rev1_rick/common/keyboard.o
LOAD .build/obj_squiggle_rev1_rick/common/action.o
LOAD .build/obj_squiggle_rev1_rick/common/action_tapping.o
LOAD .build/obj_squiggle_rev1_rick/common/action_macro.o
LOAD .build/obj_squiggle_rev1_rick/common/action_layer.o
LOAD .build/obj_squiggle_rev1_rick/common/action_util.o
LOAD .build/obj_squiggle_rev1_rick/common/print.o
LOAD .build/obj_squiggle_rev1_rick/common/debug.o
LOAD .build/obj_squiggle_rev1_rick/common/sendchar_null.o
LOAD .build/obj_squiggle_rev1_rick/common/util.o
LOAD .build/obj_squiggle_rev1_rick/common/eeconfig.o
LOAD .build/obj_squiggle_rev1_rick/common/report.o
LOAD .build/obj_squiggle_rev1_rick/common/avr/suspend.o
LOAD .build/obj_squiggle_rev1_rick/common/avr/timer.o
LOAD .build/obj_squiggle_rev1_rick/common/avr/bootloader.o
LOAD .build/obj_squiggle_rev1_rick/common/avr/xprintf.o
LOAD .build/obj_squiggle_rev1_rick/common/magic.o
LOAD .build/obj_squiggle_rev1_rick/lufa.o
LOAD .build/obj_squiggle_rev1_rick/usb_descriptor.o
LOAD .build/obj_squiggle_rev1_rick/lib/lufa/LUFA/Drivers/USB/Class/Common/HIDParser.o
LOAD .build/obj_squiggle_rev1_rick/lib/lufa/LUFA/Drivers/USB/Core/AVR8/Device_AVR8.o
LOAD .build/obj_squiggle_rev1_rick/lib/lufa/LUFA/Drivers/USB/Core/AVR8/EndpointStream_AVR8.o
LOAD .build/obj_squiggle_rev1_rick/lib/lufa/LUFA/Drivers/USB/Core/AVR8/Endpoint_AVR8.o
LOAD .build/obj_squiggle_rev1_rick/lib/lufa/LUFA/Drivers/USB/Core/AVR8/Host_AVR8.o
LOAD .build/obj_squiggle_rev1_rick/lib/lufa/LUFA/Drivers/USB/Core/AVR8/PipeStream_AVR8.o
LOAD .build/obj_squiggle_rev1_rick/lib/lufa/LUFA/Drivers/USB/Core/AVR8/Pipe_AVR8.o
LOAD .build/obj_squiggle_rev1_rick/lib/lufa/LUFA/Drivers/USB/Core/AVR8/USBController_AVR8.o
LOAD .build/obj_squiggle_rev1_rick/lib/lufa/LUFA/Drivers/USB/Core/AVR8/USBInterrupt_AVR8.o
LOAD .build/obj_squiggle_rev1_rick/lib/lufa/LUFA/Drivers/USB/Core/ConfigDescriptors.o
LOAD .build/obj_squiggle_rev1_rick/lib/lufa/LUFA/Drivers/USB/Core/DeviceStandardReq.o
LOAD .build/obj_squiggle_rev1_rick/lib/lufa/LUFA/Drivers/USB/Core/Events.o
LOAD .build/obj_squiggle_rev1_rick/lib/lufa/LUFA/Drivers/USB/Core/HostStandardReq.o
LOAD .build/obj_squiggle_rev1_rick/lib/lufa/LUFA/Drivers/USB/Core/USBTask.o
LOAD /usr/local/Cellar/avr-gcc@8/8.4.0/lib/avr-gcc/8/gcc/avr/8.4.0/../../../../../../avr/lib/avr5/libm.a
START GROUP
LOAD /usr/local/Cellar/avr-gcc@8/8.4.0/lib/avr-gcc/8/gcc/avr/8.4.0/avr5/libgcc.a
LOAD /usr/local/Cellar/avr-gcc@8/8.4.0/lib/avr-gcc/8/gcc/avr/8.4.0/../../../../../../avr/lib/avr5/libm.a
LOAD /usr/local/Cellar/avr-gcc@8/8.4.0/lib/avr-gcc/8/gcc/avr/8.4.0/../../../../../../avr/lib/avr5/libc.a
LOAD /usr/local/Cellar/avr-gcc@8/8.4.0/lib/avr-gcc/8/gcc/avr/8.4.0/../../../../../../avr/lib/avr5/libatmega32u4.a
END GROUP
                0x0000000000020000                __TEXT_REGION_LENGTH__ = DEFINED (__TEXT_REGION_LENGTH__)?__TEXT_REGION_LENGTH__:0x20000
                0x000000000000ffa0                __DATA_REGION_LENGTH__ = DEFINED (__DATA_REGION_LENGTH__)?__DATA_REGION_LENGTH__:0xffa0
                0x0000000000010000                __EEPROM_REGION_LENGTH__ = DEFINED (__EEPROM_REGION_LENGTH__)?__EEPROM_REGION_LENGTH__:0x10000
                0x0000000000000400                __FUSE_REGION_LENGTH__ = DEFINED (__FUSE_REGION_LENGTH__)?__FUSE_REGION_LENGTH__:0x400
                0x0000000000000400                __LOCK_REGION_LENGTH__ = DEFINED (__LOCK_REGION_LENGTH__)?__LOCK_REGION_LENGTH__:0x400
                0x0000000000000400                __SIGNATURE_REGION_LENGTH__ = DEFINED (__SIGNATURE_REGION_LENGTH__)?__SIGNATURE_REGION_LENGTH__:0x400
                0x0000000000000400                __USER_SIGNATURE_REGION_LENGTH__ = DEFINED (__USER_SIGNATURE_REGION_LENGTH__)?__USER_SIGNATURE_REGION_LENGTH__:0x400

.hash
 *(.hash)

.dynsym
 *(.dynsym)

.dynstr
 *(.dynstr)

.gnu.version
 *(.gnu.version)

.gnu.version_d
 *(.gnu.version_d)

.gnu.version_r
 *(.gnu.version_r)

.rel.init
 *(.rel.init)

.rela.init
 *(.rela.init)

.rel.text
 *(.rel.text)
 *(.rel.text.*)
 *(.rel.gnu.linkonce.t*)

.rela.text
 *(.rela.text)
 *(.rela.text.*)
 *(.rela.gnu.linkonce.t*)

.rel.fini
 *(.rel.fini)

.rela.fini
 *(.rela.fini)

.rel.rodata
 *(.rel.rodata)
 *(.rel.rodata.*)
 *(.rel.gnu.linkonce.r*)

.rela.rodata
 *(.rela.rodata)
 *(.rela.rodata.*)
 *(.rela.gnu.linkonce.r*)

.rel.data
 *(.rel.data)
 *(.rel.data.*)
 *(.rel.gnu.linkonce.d*)

.rela.data
 *(.rela.data)
 *(.rela.data.*)
 *(.rela.gnu.linkonce.d*)

.rel.ctors
 *(.rel.ctors)

.rela.ctors
 *(.rela.ctors)

.rel.dtors
 *(.rel.dtors)

.rela.dtors
 *(.rela.dtors)

.rel.got
 *(.rel.got)

.rela.got
 *(.rela.got)

.rel.bss
 *(.rel.bss)

.rela.bss
 *(.rela.bss)

.rel.plt
 *(.rel.plt)

.rela.plt
 *(.rela.plt)

.text           0x0000000000000000     0x4114
 *(.vectors)
 .vectors       0x0000000000000000       0xac /usr/local/Cellar/avr-gcc@8/8.4.0/lib/avr-gcc/8/gcc/avr/8.4.0/../../../../../../avr/lib/avr5/crtatmega32u4.o
                0x0000000000000000                __vectors
                0x0000000000000000                __vector_default
 *(.vectors)
 *(.progmem.gcc*)
                0x00000000000000ac                . = ALIGN (0x2)
                0x00000000000000ac                __trampolines_start = .
 *(.trampolines)
 .trampolines   0x00000000000000ac        0x0 linker stubs
 *(.trampolines*)
                0x00000000000000ac                __trampolines_end = .
 *libprintf_flt.a:*(.progmem.data)
 *libc.a:*(.progmem.data)
 *(.progmem.*)
 .progmem.data.keymaps
                0x00000000000000ac      0x140 .build/obj_squiggle_rev1_rick/keyboards/squiggle/keymaps/rick/keymap.o
                0x00000000000000ac                keymaps
 .progmem.data.j_w_combo
                0x00000000000001ec        0x6 .build/obj_squiggle_rev1_rick/keyboards/squiggle/keymaps/rick/keymap.o
                0x00000000000001ec                j_w_combo
 .progmem.data.m_b_combo
                0x00000000000001f2        0x6 .build/obj_squiggle_rev1_rick/keyboards/squiggle/keymaps/rick/keymap.o
                0x00000000000001f2                m_b_combo
 .progmem.data.v_m_combo
                0x00000000000001f8        0x6 .build/obj_squiggle_rev1_rick/keyboards/squiggle/keymaps/rick/keymap.o
                0x00000000000001f8                v_m_combo
 .progmem.data.w_m_combo
                0x00000000000001fe        0x6 .build/obj_squiggle_rev1_rick/keyboards/squiggle/keymaps/rick/keymap.o
                0x00000000000001fe                w_m_combo
 .progmem.data.v_w_combo
                0x0000000000000204        0x6 .build/obj_squiggle_rev1_rick/keyboards/squiggle/keymaps/rick/keymap.o
                0x0000000000000204                v_w_combo
 .progmem.data.g_f_combo
                0x000000000000020a        0x6 .build/obj_squiggle_rev1_rick/keyboards/squiggle/keymaps/rick/keymap.o
                0x000000000000020a                g_f_combo
 .progmem.data.r_g_combo
                0x0000000000000210        0x6 .build/obj_squiggle_rev1_rick/keyboards/squiggle/keymaps/rick/keymap.o
                0x0000000000000210                r_g_combo
 .progmem.data.c_g_combo
                0x0000000000000216        0x6 .build/obj_squiggle_rev1_rick/keyboards/squiggle/keymaps/rick/keymap.o
                0x0000000000000216                c_g_combo
 .progmem.data.r_c_combo
                0x000000000000021c        0x6 .build/obj_squiggle_rev1_rick/keyboards/squiggle/keymaps/rick/keymap.o
                0x000000000000021c                r_c_combo
 .progmem.data.l_r_combo
                0x0000000000000222        0x6 .build/obj_squiggle_rev1_rick/keyboards/squiggle/keymaps/rick/keymap.o
                0x0000000000000222                l_r_combo
 .progmem.data.k_x_combo
                0x0000000000000228        0x6 .build/obj_squiggle_rev1_rick/keyboards/squiggle/keymaps/rick/keymap.o
                0x0000000000000228                k_x_combo
 .progmem.data.q_k_combo
                0x000000000000022e        0x6 .build/obj_squiggle_rev1_rick/keyboards/squiggle/keymaps/rick/keymap.o
                0x000000000000022e                q_k_combo
 .progmem.data.j_k_combo
                0x0000000000000234        0x6 .build/obj_squiggle_rev1_rick/keyboards/squiggle/keymaps/rick/keymap.o
                0x0000000000000234                j_k_combo
 .progmem.data.q_j_combo
                0x000000000000023a        0x6 .build/obj_squiggle_rev1_rick/keyboards/squiggle/keymaps/rick/keymap.o
                0x000000000000023a                q_j_combo
 .progmem.data.quot_q_combo
                0x0000000000000240        0x6 .build/obj_squiggle_rev1_rick/keyboards/squiggle/keymaps/rick/keymap.o
                0x0000000000000240                quot_q_combo
 .progmem.data.comma_p_combo
                0x0000000000000246        0x6 .build/obj_squiggle_rev1_rick/keyboards/squiggle/keymaps/rick/keymap.o
                0x0000000000000246                comma_p_combo
 .progmem.data.p_y_combo
                0x000000000000024c        0x6 .build/obj_squiggle_rev1_rick/keyboards/squiggle/keymaps/rick/keymap.o
                0x000000000000024c                p_y_combo
 .progmem.data.dot_p_combo
                0x0000000000000252        0x6 .build/obj_squiggle_rev1_rick/keyboards/squiggle/keymaps/rick/keymap.o
                0x0000000000000252                dot_p_combo
 .progmem.data.comma_dot_combo
                0x0000000000000258        0x6 .build/obj_squiggle_rev1_rick/keyboards/squiggle/keymaps/rick/keymap.o
                0x0000000000000258                comma_dot_combo
 .progmem.data.colon_comma_combo
                0x000000000000025e        0x6 .build/obj_squiggle_rev1_rick/keyboards/squiggle/keymaps/rick/keymap.o
                0x000000000000025e                colon_comma_combo
 .progmem.data.__c.3584
                0x0000000000000264       0x12 .build/obj_squiggle_rev1_rick/quantum/quantum.o
 .progmem.data.__c.3582
                0x0000000000000276       0x11 .build/obj_squiggle_rev1_rick/quantum/quantum.o
 .progmem.data.__c.1968
                0x0000000000000287        0x2 .build/obj_squiggle_rev1_rick/quantum/matrix_common.o
 .progmem.data.__c.1966
                0x0000000000000289        0x5 .build/obj_squiggle_rev1_rick/quantum/matrix_common.o
 .progmem.data.__c.1964
                0x000000000000028e        0x3 .build/obj_squiggle_rev1_rick/quantum/matrix_common.o
 .progmem.data.__c.1962
                0x0000000000000291        0x5 .build/obj_squiggle_rev1_rick/quantum/matrix_common.o
 .progmem.data.__c.1959
                0x0000000000000296        0xf .build/obj_squiggle_rev1_rick/quantum/matrix_common.o
 .progmem.data.__c.2203
                0x00000000000002a5        0x2 .build/obj_squiggle_rev1_rick/common/host.o
 .progmem.data.__c.2198
                0x00000000000002a7        0x6 .build/obj_squiggle_rev1_rick/common/host.o
 .progmem.data.__c.2195
                0x00000000000002ad       0x12 .build/obj_squiggle_rev1_rick/common/host.o
 .progmem.data.__c.3029
                0x00000000000002bf        0x2 .build/obj_squiggle_rev1_rick/common/keyboard.o
 .progmem.data.__c.3027
                0x00000000000002c1        0x5 .build/obj_squiggle_rev1_rick/common/keyboard.o
 .progmem.data.__c.3025
                0x00000000000002c6       0x13 .build/obj_squiggle_rev1_rick/common/keyboard.o
 .progmem.data.__c.6211
                0x00000000000002d9        0x4 .build/obj_squiggle_rev1_rick/lufa.o
 .progmem.data.__c.6209
                0x00000000000002dd       0x11 .build/obj_squiggle_rev1_rick/lufa.o
 .progmem.data.__c.6117
                0x00000000000002ee        0x4 .build/obj_squiggle_rev1_rick/lufa.o
 .progmem.data.__c.6113
                0x00000000000002f2        0x4 .build/obj_squiggle_rev1_rick/lufa.o
 .progmem.data.__c.6109
                0x00000000000002f6        0x4 .build/obj_squiggle_rev1_rick/lufa.o
 .progmem.data.__c.6104
                0x00000000000002fa        0x4 .build/obj_squiggle_rev1_rick/lufa.o
 .progmem.data.__c.6099
                0x00000000000002fe        0x4 .build/obj_squiggle_rev1_rick/lufa.o
 .progmem.data.SerialNumberString
                0x0000000000000302        0x6 .build/obj_squiggle_rev1_rick/usb_descriptor.o
                0x0000000000000302                SerialNumberString
 .progmem.data.ProductString
                0x0000000000000308       0x14 .build/obj_squiggle_rev1_rick/usb_descriptor.o
                0x0000000000000308                ProductString
 .progmem.data.ManufacturerString
                0x000000000000031c       0x10 .build/obj_squiggle_rev1_rick/usb_descriptor.o
                0x000000000000031c                ManufacturerString
 .progmem.data.LanguageString
                0x000000000000032c        0x4 .build/obj_squiggle_rev1_rick/usb_descriptor.o
                0x000000000000032c                LanguageString
 .progmem.data.ConfigurationDescriptor
                0x0000000000000330       0x42 .build/obj_squiggle_rev1_rick/usb_descriptor.o
                0x0000000000000330                ConfigurationDescriptor
 .progmem.data.DeviceDescriptor
                0x0000000000000372       0x12 .build/obj_squiggle_rev1_rick/usb_descriptor.o
                0x0000000000000372                DeviceDescriptor
 .progmem.data.ConsoleReport
                0x0000000000000384       0x22 .build/obj_squiggle_rev1_rick/usb_descriptor.o
                0x0000000000000384                ConsoleReport
 .progmem.data.KeyboardReport
                0x00000000000003a6       0x40 .build/obj_squiggle_rev1_rick/usb_descriptor.o
                0x00000000000003a6                KeyboardReport
                0x00000000000003e6                . = ALIGN (0x2)
 *(.lowtext)
 *(.lowtext*)
                0x00000000000003e6                __ctors_start = .
 *(.ctors)
                0x00000000000003e6                __ctors_end = .
                0x00000000000003e6                __dtors_start = .
 *(.dtors)
                0x00000000000003e6                __dtors_end = .
 SORT_BY_NAME(*)(.ctors)
 SORT_BY_NAME(*)(.dtors)
 *(.init0)
 .init0         0x00000000000003e6        0x0 /usr/local/Cellar/avr-gcc@8/8.4.0/lib/avr-gcc/8/gcc/avr/8.4.0/../../../../../../avr/lib/avr5/crtatmega32u4.o
                0x00000000000003e6                __init
 *(.init0)
 *(.init1)
 *(.init1)
 *(.init2)
 .init2         0x00000000000003e6        0xc /usr/local/Cellar/avr-gcc@8/8.4.0/lib/avr-gcc/8/gcc/avr/8.4.0/../../../../../../avr/lib/avr5/crtatmega32u4.o
 *(.init2)
 *(.init3)
 .init3         0x00000000000003f2       0x54 .build/obj_squiggle_rev1_rick/common/avr/bootloader.o
                0x00000000000003f2                bootloader_jump_after_watchdog_reset
 *(.init3)
 *(.init4)
 .init4         0x0000000000000446       0x16 /usr/local/Cellar/avr-gcc@8/8.4.0/lib/avr-gcc/8/gcc/avr/8.4.0/avr5/libgcc.a(_copy_data.o)
                0x0000000000000446                __do_copy_data
 .init4         0x000000000000045c       0x10 /usr/local/Cellar/avr-gcc@8/8.4.0/lib/avr-gcc/8/gcc/avr/8.4.0/avr5/libgcc.a(_clear_bss.o)
                0x000000000000045c                __do_clear_bss
 *(.init4)
 *(.init5)
 *(.init5)
 *(.init6)
 *(.init6)
 *(.init7)
 *(.init7)
 *(.init8)
 *(.init8)
 *(.init9)
 .init9         0x000000000000046c        0x8 /usr/local/Cellar/avr-gcc@8/8.4.0/lib/avr-gcc/8/gcc/avr/8.4.0/../../../../../../avr/lib/avr5/crtatmega32u4.o
 *(.init9)
 *(.text)
 .text          0x0000000000000474        0x4 /usr/local/Cellar/avr-gcc@8/8.4.0/lib/avr-gcc/8/gcc/avr/8.4.0/../../../../../../avr/lib/avr5/crtatmega32u4.o
                0x0000000000000474                __vector_42
                0x0000000000000474                __vector_22
                0x0000000000000474                __vector_28
                0x0000000000000474                __vector_32
                0x0000000000000474                __vector_34
                0x0000000000000474                __vector_24
                0x0000000000000474                __bad_interrupt
                0x0000000000000474                __vector_6
                0x0000000000000474                __vector_31
                0x0000000000000474                __vector_35
                0x0000000000000474                __vector_39
                0x0000000000000474                __vector_3
                0x0000000000000474                __vector_23
                0x0000000000000474                __vector_30
                0x0000000000000474                __vector_25
                0x0000000000000474                __vector_13
                0x0000000000000474                __vector_17
                0x0000000000000474                __vector_19
                0x0000000000000474                __vector_7
                0x0000000000000474                __vector_41
                0x0000000000000474                __vector_27
                0x0000000000000474                __vector_5
                0x0000000000000474                __vector_33
                0x0000000000000474                __vector_37
                0x0000000000000474                __vector_4
                0x0000000000000474                __vector_9
                0x0000000000000474                __vector_2
                0x0000000000000474                __vector_15
                0x0000000000000474                __vector_36
                0x0000000000000474                __vector_29
                0x0000000000000474                __vector_40
                0x0000000000000474                __vector_8
                0x0000000000000474                __vector_26
                0x0000000000000474                __vector_14
                0x0000000000000474                __vector_16
                0x0000000000000474                __vector_18
                0x0000000000000474                __vector_20
                0x0000000000000474                __vector_38
 .text          0x0000000000000478      0x15c .build/obj_squiggle_rev1_rick/common/avr/xprintf.o
                0x0000000000000478                xputc
                0x0000000000000490                xputs
                0x000000000000049e                xitoa
                0x00000000000005c2                __xprintf
                0x00000000000005d4                . = ALIGN (0x2)
 *(.text.*)
 .text.do_code16
                0x00000000000005d4       0x6e .build/obj_squiggle_rev1_rick/quantum/quantum.o
 .text.register_code16
                0x0000000000000642       0x2a .build/obj_squiggle_rev1_rick/quantum/quantum.o
                0x0000000000000642                register_code16
 .text.unregister_code16
                0x000000000000066c       0x2a .build/obj_squiggle_rev1_rick/quantum/quantum.o
                0x000000000000066c                unregister_code16
 .text.process_action_kb
                0x0000000000000696        0x4 .build/obj_squiggle_rev1_rick/quantum/quantum.o
                0x0000000000000696                process_action_kb
 .text.process_record_user
                0x000000000000069a        0x4 .build/obj_squiggle_rev1_rick/quantum/quantum.o
                0x000000000000069a                process_record_user
 .text.process_record_kb
                0x000000000000069e        0x4 .build/obj_squiggle_rev1_rick/quantum/quantum.o
                0x000000000000069e                process_record_kb
 .text.post_process_record_user
                0x00000000000006a2        0x2 .build/obj_squiggle_rev1_rick/quantum/quantum.o
                0x00000000000006a2                post_process_record_user
 .text.post_process_record_kb
                0x00000000000006a4        0x4 .build/obj_squiggle_rev1_rick/quantum/quantum.o
                0x00000000000006a4                post_process_record_kb
 .text.get_event_keycode
                0x00000000000006a8       0x66 .build/obj_squiggle_rev1_rick/quantum/quantum.o
                0x00000000000006a8                get_event_keycode
 .text.get_record_keycode
                0x000000000000070e       0x12 .build/obj_squiggle_rev1_rick/quantum/quantum.o
                0x000000000000070e                get_record_keycode
 .text.post_process_record_quantum
                0x0000000000000720       0x16 .build/obj_squiggle_rev1_rick/quantum/quantum.o
                0x0000000000000720                post_process_record_quantum
 .text.matrix_init_quantum
                0x0000000000000736       0x10 .build/obj_squiggle_rev1_rick/quantum/quantum.o
                0x0000000000000736                matrix_init_quantum
 .text.matrix_scan_quantum
                0x0000000000000746        0x8 .build/obj_squiggle_rev1_rick/quantum/quantum.o
                0x0000000000000746                matrix_scan_quantum
 .text.led_set_user
                0x000000000000074e        0x2 .build/obj_squiggle_rev1_rick/quantum/quantum.o
                0x000000000000074e                led_set_user
 .text.led_set_kb
                0x0000000000000750        0x4 .build/obj_squiggle_rev1_rick/quantum/quantum.o
                0x0000000000000750                led_set_kb
 .text.led_update_user
                0x0000000000000754        0x4 .build/obj_squiggle_rev1_rick/quantum/quantum.o
                0x0000000000000754                led_update_user
 .text.led_update_kb
                0x0000000000000758        0x4 .build/obj_squiggle_rev1_rick/quantum/quantum.o
                0x0000000000000758                led_update_kb
 .text.led_set  0x000000000000075c       0x10 .build/obj_squiggle_rev1_rick/quantum/quantum.o
                0x000000000000075c                led_set
 .text.shutdown_user
                0x000000000000076c        0x2 .build/obj_squiggle_rev1_rick/quantum/quantum.o
                0x000000000000076c                shutdown_user
 .text.reset_keyboard
                0x000000000000076e       0x1e .build/obj_squiggle_rev1_rick/quantum/quantum.o
                0x000000000000076e                reset_keyboard
 .text.process_record_quantum
                0x000000000000078c       0xb0 .build/obj_squiggle_rev1_rick/quantum/quantum.o
                0x000000000000078c                process_record_quantum
 .text.keymap_key_to_keycode
                0x000000000000083c       0x28 .build/obj_squiggle_rev1_rick/quantum/keymap_common.o
                0x000000000000083c                keymap_key_to_keycode
 .text.action_for_key
                0x0000000000000864      0x1a6 .build/obj_squiggle_rev1_rick/quantum/keymap_common.o
                0x0000000000000864                action_for_key
 .text.keycode_config
                0x0000000000000a0a      0x12e .build/obj_squiggle_rev1_rick/quantum/keycode_config.o
                0x0000000000000a0a                keycode_config
 .text.mod_config
                0x0000000000000b38       0x86 .build/obj_squiggle_rev1_rick/quantum/keycode_config.o
                0x0000000000000b38                mod_config
 .text.matrix_init_user
                0x0000000000000bbe        0x2 .build/obj_squiggle_rev1_rick/quantum/matrix_common.o
                0x0000000000000bbe                matrix_init_user
 .text.matrix_init_kb
                0x0000000000000bc0        0x4 .build/obj_squiggle_rev1_rick/quantum/matrix_common.o
                0x0000000000000bc0                matrix_init_kb
 .text.matrix_scan_user
                0x0000000000000bc4        0x2 .build/obj_squiggle_rev1_rick/quantum/matrix_common.o
                0x0000000000000bc4                matrix_scan_user
 .text.matrix_scan_kb
                0x0000000000000bc6        0x4 .build/obj_squiggle_rev1_rick/quantum/matrix_common.o
                0x0000000000000bc6                matrix_scan_kb
 .text.matrix_get_row
                0x0000000000000bca        0xc .build/obj_squiggle_rev1_rick/quantum/matrix_common.o
                0x0000000000000bca                matrix_get_row
 .text.matrix_print
                0x0000000000000bd6       0x8c .build/obj_squiggle_rev1_rick/quantum/matrix_common.o
                0x0000000000000bd6                matrix_print
 .text.matrix_io_delay
                0x0000000000000c62        0x8 .build/obj_squiggle_rev1_rick/quantum/matrix_common.o
                0x0000000000000c62                matrix_io_delay
 .text.matrix_slave_scan_user
                0x0000000000000c6a        0x2 .build/obj_squiggle_rev1_rick/quantum/split_common/matrix.o
                0x0000000000000c6a                matrix_slave_scan_user
 .text.matrix_init
                0x0000000000000c6c       0xae .build/obj_squiggle_rev1_rick/quantum/split_common/matrix.o
                0x0000000000000c6c                matrix_init
 .text.matrix_post_scan
                0x0000000000000d1a       0x56 .build/obj_squiggle_rev1_rick/quantum/split_common/matrix.o
                0x0000000000000d1a                matrix_post_scan
 .text.matrix_scan
                0x0000000000000d70      0x106 .build/obj_squiggle_rev1_rick/quantum/split_common/matrix.o
                0x0000000000000d70                matrix_scan
 .text.debounce_init
                0x0000000000000e76        0x2 .build/obj_squiggle_rev1_rick/quantum/debounce/sym_defer_g.o
                0x0000000000000e76                debounce_init
 .text.debounce
                0x0000000000000e78       0x6c .build/obj_squiggle_rev1_rick/quantum/debounce/sym_defer_g.o
                0x0000000000000e78                debounce
 .text.is_keyboard_master
                0x0000000000000ee4       0x38 .build/obj_squiggle_rev1_rick/quantum/split_common/split_util.o
                0x0000000000000ee4                is_keyboard_master
 .text.is_keyboard_left
                0x0000000000000f1c        0x4 .build/obj_squiggle_rev1_rick/quantum/split_common/split_util.o
                0x0000000000000f1c                is_keyboard_left
 .text.split_pre_init
                0x0000000000000f20       0x14 .build/obj_squiggle_rev1_rick/quantum/split_common/split_util.o
                0x0000000000000f20                split_pre_init
 .text.split_post_init
                0x0000000000000f34        0xe .build/obj_squiggle_rev1_rick/quantum/split_common/split_util.o
                0x0000000000000f34                split_post_init
 .text.transport_master_init
                0x0000000000000f42        0xc .build/obj_squiggle_rev1_rick/quantum/split_common/transport.o
                0x0000000000000f42                transport_master_init
 .text.transport_slave_init
                0x0000000000000f4e        0xc .build/obj_squiggle_rev1_rick/quantum/split_common/transport.o
                0x0000000000000f4e                transport_slave_init
 .text.transport_master
                0x0000000000000f5a       0x32 .build/obj_squiggle_rev1_rick/quantum/split_common/transport.o
                0x0000000000000f5a                transport_master
 .text.transport_slave
                0x0000000000000f8c       0x1e .build/obj_squiggle_rev1_rick/quantum/split_common/transport.o
                0x0000000000000f8c                transport_slave
 .text.perform_space_cadet
                0x0000000000000faa      0x116 .build/obj_squiggle_rev1_rick/quantum/process_keycode/process_space_cadet.o
                0x0000000000000faa                perform_space_cadet
 .text.process_space_cadet
                0x00000000000010c0       0xa4 .build/obj_squiggle_rev1_rick/quantum/process_keycode/process_space_cadet.o
                0x00000000000010c0                process_space_cadet
 .text.process_magic
                0x0000000000001164      0x246 .build/obj_squiggle_rev1_rick/quantum/process_keycode/process_magic.o
                0x0000000000001164                process_magic
 .text.process_grave_esc
                0x00000000000013aa       0x54 .build/obj_squiggle_rev1_rick/quantum/process_keycode/process_grave_esc.o
                0x00000000000013aa                process_grave_esc
 .text.dump_key_buffer
                0x00000000000013fe       0x3e .build/obj_squiggle_rev1_rick/quantum/process_keycode/process_combo.o
 .text.process_combo_event
                0x000000000000143c        0x2 .build/obj_squiggle_rev1_rick/quantum/process_keycode/process_combo.o
                0x000000000000143c                process_combo_event
 .text.matrix_scan_combo
                0x000000000000143e       0x32 .build/obj_squiggle_rev1_rick/quantum/process_keycode/process_combo.o
                0x000000000000143e                matrix_scan_combo
 .text.combo_disable
                0x0000000000001470       0x16 .build/obj_squiggle_rev1_rick/quantum/process_keycode/process_combo.o
                0x0000000000001470                combo_disable
 .text.combo_toggle
                0x0000000000001486       0x12 .build/obj_squiggle_rev1_rick/quantum/process_keycode/process_combo.o
                0x0000000000001486                combo_toggle
 .text.process_combo
                0x0000000000001498      0x252 .build/obj_squiggle_rev1_rick/quantum/process_keycode/process_combo.o
                0x0000000000001498                process_combo
 .text.sync_recv
                0x00000000000016ea       0x10 .build/obj_squiggle_rev1_rick/serial.a(serial.o)
 .text.sync_send
                0x00000000000016fa        0xc .build/obj_squiggle_rev1_rick/serial.a(serial.o)
 .text.serial_read_chunk.constprop.0
                0x0000000000001706       0x54 .build/obj_squiggle_rev1_rick/serial.a(serial.o)
 .text.serial_recive_packet
                0x000000000000175a       0x4e .build/obj_squiggle_rev1_rick/serial.a(serial.o)
 .text.soft_serial_initiator_init
                0x00000000000017a8        0xe .build/obj_squiggle_rev1_rick/serial.a(serial.o)
                0x00000000000017a8                soft_serial_initiator_init
 .text.soft_serial_target_init
                0x00000000000017b6       0x1a .build/obj_squiggle_rev1_rick/serial.a(serial.o)
                0x00000000000017b6                soft_serial_target_init
 .text.serial_write_chunk
                0x00000000000017d0       0x42 .build/obj_squiggle_rev1_rick/serial.a(serial.o)
                0x00000000000017d0                serial_write_chunk
 .text.serial_send_packet
                0x0000000000001812       0x34 .build/obj_squiggle_rev1_rick/serial.a(serial.o)
 .text.__vector_1
                0x0000000000001846       0xa4 .build/obj_squiggle_rev1_rick/serial.a(serial.o)
                0x0000000000001846                __vector_1
 .text.soft_serial_transaction
                0x00000000000018ea       0x9a .build/obj_squiggle_rev1_rick/serial.a(serial.o)
                0x00000000000018ea                soft_serial_transaction
 .text.host_set_driver
                0x0000000000001984        0xa .build/obj_squiggle_rev1_rick/common/host.o
                0x0000000000001984                host_set_driver
 .text.host_keyboard_leds
                0x000000000000198e       0x18 .build/obj_squiggle_rev1_rick/common/host.o
                0x000000000000198e                host_keyboard_leds
 .text.host_keyboard_send
                0x00000000000019a6       0x98 .build/obj_squiggle_rev1_rick/common/host.o
                0x00000000000019a6                host_keyboard_send
 .text.host_system_send
                0x0000000000001a3e       0x2c .build/obj_squiggle_rev1_rick/common/host.o
                0x0000000000001a3e                host_system_send
 .text.host_consumer_send
                0x0000000000001a6a       0x2c .build/obj_squiggle_rev1_rick/common/host.o
                0x0000000000001a6a                host_consumer_send
 .text.disable_jtag
                0x0000000000001a96        0xe .build/obj_squiggle_rev1_rick/common/keyboard.o
                0x0000000000001a96                disable_jtag
 .text.keyboard_pre_init_user
                0x0000000000001aa4        0x2 .build/obj_squiggle_rev1_rick/common/keyboard.o
                0x0000000000001aa4                keyboard_pre_init_user
 .text.matrix_setup
                0x0000000000001aa6        0x2 .build/obj_squiggle_rev1_rick/common/keyboard.o
                0x0000000000001aa6                matrix_setup
 .text.keyboard_pre_init_kb
                0x0000000000001aa8        0x4 .build/obj_squiggle_rev1_rick/common/keyboard.o
                0x0000000000001aa8                keyboard_pre_init_kb
 .text.keyboard_post_init_user
                0x0000000000001aac        0x2 .build/obj_squiggle_rev1_rick/common/keyboard.o
                0x0000000000001aac                keyboard_post_init_user
 .text.keyboard_post_init_kb
                0x0000000000001aae        0x4 .build/obj_squiggle_rev1_rick/common/keyboard.o
                0x0000000000001aae                keyboard_post_init_kb
 .text.keyboard_setup
                0x0000000000001ab2        0xc .build/obj_squiggle_rev1_rick/common/keyboard.o
                0x0000000000001ab2                keyboard_setup
 .text.should_process_keypress
                0x0000000000001abe        0x4 .build/obj_squiggle_rev1_rick/common/keyboard.o
                0x0000000000001abe                should_process_keypress
 .text.keyboard_init
                0x0000000000001ac2       0x10 .build/obj_squiggle_rev1_rick/common/keyboard.o
                0x0000000000001ac2                keyboard_init
 .text.keyboard_set_leds
                0x0000000000001ad2       0x50 .build/obj_squiggle_rev1_rick/common/keyboard.o
                0x0000000000001ad2                keyboard_set_leds
 .text.keyboard_task
                0x0000000000001b22      0x12a .build/obj_squiggle_rev1_rick/common/keyboard.o
                0x0000000000001b22                keyboard_task
 .text.action_exec
                0x0000000000001c4c       0x54 .build/obj_squiggle_rev1_rick/common/action.o
                0x0000000000001c4c                action_exec
 .text.process_record_tap_hint
                0x0000000000001ca0        0xa .build/obj_squiggle_rev1_rick/common/action.o
                0x0000000000001ca0                process_record_tap_hint
 .text.register_code
                0x0000000000001caa       0x56 .build/obj_squiggle_rev1_rick/common/action.o
                0x0000000000001caa                register_code
 .text.unregister_code
                0x0000000000001d00       0x50 .build/obj_squiggle_rev1_rick/common/action.o
                0x0000000000001d00                unregister_code
 .text.tap_code
                0x0000000000001d50       0x26 .build/obj_squiggle_rev1_rick/common/action.o
                0x0000000000001d50                tap_code
 .text.register_mods
                0x0000000000001d76        0xe .build/obj_squiggle_rev1_rick/common/action.o
                0x0000000000001d76                register_mods
 .text.unregister_mods
                0x0000000000001d84        0xe .build/obj_squiggle_rev1_rick/common/action.o
                0x0000000000001d84                unregister_mods
 .text.process_action
                0x0000000000001d92      0x3bc .build/obj_squiggle_rev1_rick/common/action.o
                0x0000000000001d92                process_action
 .text.process_record_handler
                0x000000000000214e       0x2e .build/obj_squiggle_rev1_rick/common/action.o
                0x000000000000214e                process_record_handler
 .text.process_record
                0x000000000000217c       0x50 .build/obj_squiggle_rev1_rick/common/action.o
                0x000000000000217c                process_record
 .text.register_weak_mods
                0x00000000000021cc        0xe .build/obj_squiggle_rev1_rick/common/action.o
                0x00000000000021cc                register_weak_mods
 .text.unregister_weak_mods
                0x00000000000021da        0xe .build/obj_squiggle_rev1_rick/common/action.o
                0x00000000000021da                unregister_weak_mods
 .text.clear_keyboard_but_mods_and_keys
                0x00000000000021e8        0xc .build/obj_squiggle_rev1_rick/common/action.o
                0x00000000000021e8                clear_keyboard_but_mods_and_keys
 .text.clear_keyboard_but_mods
                0x00000000000021f4        0x8 .build/obj_squiggle_rev1_rick/common/action.o
                0x00000000000021f4                clear_keyboard_but_mods
 .text.clear_keyboard
                0x00000000000021fc        0x8 .build/obj_squiggle_rev1_rick/common/action.o
                0x00000000000021fc                clear_keyboard
 .text.is_tap_action
                0x0000000000002204       0x3e .build/obj_squiggle_rev1_rick/common/action.o
                0x0000000000002204                is_tap_action
 .text.is_tap_key
                0x0000000000002242        0x8 .build/obj_squiggle_rev1_rick/common/action.o
                0x0000000000002242                is_tap_key
 .text.debug_event
                0x000000000000224a       0x1e .build/obj_squiggle_rev1_rick/common/action.o
                0x000000000000224a                debug_event
 .text.debug_record
                0x0000000000002268       0x20 .build/obj_squiggle_rev1_rick/common/action.o
                0x0000000000002268                debug_record
 .text.debug_waiting_buffer
                0x0000000000002288       0x42 .build/obj_squiggle_rev1_rick/common/action_tapping.o
 .text.debug_tapping_key
                0x00000000000022ca       0x1c .build/obj_squiggle_rev1_rick/common/action_tapping.o
 .text.waiting_buffer_typed.isra.1
                0x00000000000022e6       0x40 .build/obj_squiggle_rev1_rick/common/action_tapping.o
 .text.waiting_buffer_scan_tap
                0x0000000000002326       0xac .build/obj_squiggle_rev1_rick/common/action_tapping.o
 .text.process_tapping
                0x00000000000023d2      0x38e .build/obj_squiggle_rev1_rick/common/action_tapping.o
 .text.get_tapping_term
                0x0000000000002760        0x6 .build/obj_squiggle_rev1_rick/common/action_tapping.o
                0x0000000000002760                get_tapping_term
 .text.action_tapping_process
                0x0000000000002766      0x134 .build/obj_squiggle_rev1_rick/common/action_tapping.o
                0x0000000000002766                action_tapping_process
 .text.default_layer_state_set_user
                0x000000000000289a        0x2 .build/obj_squiggle_rev1_rick/common/action_layer.o
                0x000000000000289a                default_layer_state_set_user
 .text.default_layer_state_set_kb
                0x000000000000289c        0x4 .build/obj_squiggle_rev1_rick/common/action_layer.o
                0x000000000000289c                default_layer_state_set_kb
 .text.default_layer_state_set
                0x00000000000028a0       0x18 .build/obj_squiggle_rev1_rick/common/action_layer.o
 .text.default_layer_debug
                0x00000000000028b8        0x2 .build/obj_squiggle_rev1_rick/common/action_layer.o
                0x00000000000028b8                default_layer_debug
 .text.default_layer_set
                0x00000000000028ba        0x4 .build/obj_squiggle_rev1_rick/common/action_layer.o
                0x00000000000028ba                default_layer_set
 .text.default_layer_or
                0x00000000000028be       0x24 .build/obj_squiggle_rev1_rick/common/action_layer.o
                0x00000000000028be                default_layer_or
 .text.default_layer_and
                0x00000000000028e2       0x24 .build/obj_squiggle_rev1_rick/common/action_layer.o
                0x00000000000028e2                default_layer_and
 .text.default_layer_xor
                0x0000000000002906       0x24 .build/obj_squiggle_rev1_rick/common/action_layer.o
                0x0000000000002906                default_layer_xor
 .text.layer_state_set_user
                0x000000000000292a        0x4 .build/obj_squiggle_rev1_rick/common/action_layer.o
                0x000000000000292a                layer_state_set_user
 .text.layer_state_set_kb
                0x000000000000292e        0x4 .build/obj_squiggle_rev1_rick/common/action_layer.o
                0x000000000000292e                layer_state_set_kb
 .text.layer_state_set
                0x0000000000002932       0x18 .build/obj_squiggle_rev1_rick/common/action_layer.o
                0x0000000000002932                layer_state_set
 .text.layer_clear
                0x000000000000294a        0xa .build/obj_squiggle_rev1_rick/common/action_layer.o
                0x000000000000294a                layer_clear
 .text.layer_move
                0x0000000000002954       0x2a .build/obj_squiggle_rev1_rick/common/action_layer.o
                0x0000000000002954                layer_move
 .text.layer_on
                0x000000000000297e       0x42 .build/obj_squiggle_rev1_rick/common/action_layer.o
                0x000000000000297e                layer_on
 .text.layer_off
                0x00000000000029c0       0x46 .build/obj_squiggle_rev1_rick/common/action_layer.o
                0x00000000000029c0                layer_off
 .text.layer_invert
                0x0000000000002a06       0x42 .build/obj_squiggle_rev1_rick/common/action_layer.o
                0x0000000000002a06                layer_invert
 .text.layer_or
                0x0000000000002a48       0x24 .build/obj_squiggle_rev1_rick/common/action_layer.o
                0x0000000000002a48                layer_or
 .text.layer_and
                0x0000000000002a6c       0x24 .build/obj_squiggle_rev1_rick/common/action_layer.o
                0x0000000000002a6c                layer_and
 .text.layer_xor
                0x0000000000002a90       0x24 .build/obj_squiggle_rev1_rick/common/action_layer.o
                0x0000000000002a90                layer_xor
 .text.layer_debug
                0x0000000000002ab4        0x2 .build/obj_squiggle_rev1_rick/common/action_layer.o
                0x0000000000002ab4                layer_debug
 .text.update_source_layers_cache
                0x0000000000002ab6       0x5c .build/obj_squiggle_rev1_rick/common/action_layer.o
                0x0000000000002ab6                update_source_layers_cache
 .text.read_source_layers_cache
                0x0000000000002b12       0x52 .build/obj_squiggle_rev1_rick/common/action_layer.o
                0x0000000000002b12                read_source_layers_cache
 .text.layer_switch_get_layer
                0x0000000000002b64       0x84 .build/obj_squiggle_rev1_rick/common/action_layer.o
                0x0000000000002b64                layer_switch_get_layer
 .text.layer_switch_get_action
                0x0000000000002be8       0x14 .build/obj_squiggle_rev1_rick/common/action_layer.o
                0x0000000000002be8                layer_switch_get_action
 .text.store_or_get_action
                0x0000000000002bfc       0x48 .build/obj_squiggle_rev1_rick/common/action_layer.o
                0x0000000000002bfc                store_or_get_action
 .text.add_key  0x0000000000002c44        0xe .build/obj_squiggle_rev1_rick/common/action_util.o
                0x0000000000002c44                add_key
 .text.del_key  0x0000000000002c52        0xe .build/obj_squiggle_rev1_rick/common/action_util.o
                0x0000000000002c52                del_key
 .text.clear_keys
                0x0000000000002c60        0xc .build/obj_squiggle_rev1_rick/common/action_util.o
                0x0000000000002c60                clear_keys
 .text.get_oneshot_layer
                0x0000000000002c6c        0xc .build/obj_squiggle_rev1_rick/common/action_util.o
                0x0000000000002c6c                get_oneshot_layer
 .text.get_oneshot_layer_state
                0x0000000000002c78        0x8 .build/obj_squiggle_rev1_rick/common/action_util.o
                0x0000000000002c78                get_oneshot_layer_state
 .text.is_oneshot_layer_active
                0x0000000000002c80        0xe .build/obj_squiggle_rev1_rick/common/action_util.o
                0x0000000000002c80                is_oneshot_layer_active
 .text.get_mods
                0x0000000000002c8e        0x6 .build/obj_squiggle_rev1_rick/common/action_util.o
                0x0000000000002c8e                get_mods
 .text.add_mods
                0x0000000000002c94        0xc .build/obj_squiggle_rev1_rick/common/action_util.o
                0x0000000000002c94                add_mods
 .text.del_mods
                0x0000000000002ca0        0xe .build/obj_squiggle_rev1_rick/common/action_util.o
                0x0000000000002ca0                del_mods
 .text.clear_mods
                0x0000000000002cae        0x6 .build/obj_squiggle_rev1_rick/common/action_util.o
                0x0000000000002cae                clear_mods
 .text.add_weak_mods
                0x0000000000002cb4        0xc .build/obj_squiggle_rev1_rick/common/action_util.o
                0x0000000000002cb4                add_weak_mods
 .text.del_weak_mods
                0x0000000000002cc0        0xe .build/obj_squiggle_rev1_rick/common/action_util.o
                0x0000000000002cc0                del_weak_mods
 .text.clear_weak_mods
                0x0000000000002cce        0x6 .build/obj_squiggle_rev1_rick/common/action_util.o
                0x0000000000002cce                clear_weak_mods
 .text.clear_macro_mods
                0x0000000000002cd4        0x6 .build/obj_squiggle_rev1_rick/common/action_util.o
                0x0000000000002cd4                clear_macro_mods
 .text.get_oneshot_mods
                0x0000000000002cda        0x6 .build/obj_squiggle_rev1_rick/common/action_util.o
                0x0000000000002cda                get_oneshot_mods
 .text.oneshot_mods_changed_user
                0x0000000000002ce0        0x2 .build/obj_squiggle_rev1_rick/common/action_util.o
                0x0000000000002ce0                oneshot_mods_changed_user
 .text.oneshot_mods_changed_kb
                0x0000000000002ce2        0x4 .build/obj_squiggle_rev1_rick/common/action_util.o
                0x0000000000002ce2                oneshot_mods_changed_kb
 .text.set_oneshot_mods
                0x0000000000002ce6       0x12 .build/obj_squiggle_rev1_rick/common/action_util.o
                0x0000000000002ce6                set_oneshot_mods
 .text.clear_oneshot_mods
                0x0000000000002cf8       0x14 .build/obj_squiggle_rev1_rick/common/action_util.o
                0x0000000000002cf8                clear_oneshot_mods
 .text.send_keyboard_report
                0x0000000000002d0c       0x66 .build/obj_squiggle_rev1_rick/common/action_util.o
                0x0000000000002d0c                send_keyboard_report
 .text.oneshot_layer_changed_user
                0x0000000000002d72        0x2 .build/obj_squiggle_rev1_rick/common/action_util.o
                0x0000000000002d72                oneshot_layer_changed_user
 .text.oneshot_layer_changed_kb
                0x0000000000002d74        0x4 .build/obj_squiggle_rev1_rick/common/action_util.o
                0x0000000000002d74                oneshot_layer_changed_kb
 .text.set_oneshot_layer
                0x0000000000002d78       0x20 .build/obj_squiggle_rev1_rick/common/action_util.o
                0x0000000000002d78                set_oneshot_layer
 .text.reset_oneshot_layer
                0x0000000000002d98        0xa .build/obj_squiggle_rev1_rick/common/action_util.o
                0x0000000000002d98                reset_oneshot_layer
 .text.clear_oneshot_layer_state
                0x0000000000002da2       0x30 .build/obj_squiggle_rev1_rick/common/action_util.o
                0x0000000000002da2                clear_oneshot_layer_state
 .text.print_set_sendchar
                0x0000000000002dd2        0xa .build/obj_squiggle_rev1_rick/common/print.o
                0x0000000000002dd2                print_set_sendchar
 .text.bitrev   0x0000000000002ddc       0x30 .build/obj_squiggle_rev1_rick/common/util.o
                0x0000000000002ddc                bitrev
 .text.eeconfig_is_enabled
                0x0000000000002e0c       0x16 .build/obj_squiggle_rev1_rick/common/eeconfig.o
                0x0000000000002e0c                eeconfig_is_enabled
 .text.eeconfig_read_debug
                0x0000000000002e22        0x8 .build/obj_squiggle_rev1_rick/common/eeconfig.o
                0x0000000000002e22                eeconfig_read_debug
 .text.eeconfig_read_default_layer
                0x0000000000002e2a        0x8 .build/obj_squiggle_rev1_rick/common/eeconfig.o
                0x0000000000002e2a                eeconfig_read_default_layer
 .text.eeconfig_read_keymap
                0x0000000000002e32       0x1c .build/obj_squiggle_rev1_rick/common/eeconfig.o
                0x0000000000002e32                eeconfig_read_keymap
 .text.eeconfig_update_keymap
                0x0000000000002e4e       0x1a .build/obj_squiggle_rev1_rick/common/eeconfig.o
                0x0000000000002e4e                eeconfig_update_keymap
 .text.eeconfig_update_kb
                0x0000000000002e68        0xc .build/obj_squiggle_rev1_rick/common/eeconfig.o
                0x0000000000002e68                eeconfig_update_kb
 .text.eeconfig_update_user
                0x0000000000002e74        0xc .build/obj_squiggle_rev1_rick/common/eeconfig.o
                0x0000000000002e74                eeconfig_update_user
 .text.eeconfig_init_user
                0x0000000000002e80        0xa .build/obj_squiggle_rev1_rick/common/eeconfig.o
                0x0000000000002e80                eeconfig_init_user
 .text.eeconfig_init_kb
                0x0000000000002e8a        0xe .build/obj_squiggle_rev1_rick/common/eeconfig.o
                0x0000000000002e8a                eeconfig_init_kb
 .text.eeconfig_init_quantum
                0x0000000000002e98       0xae .build/obj_squiggle_rev1_rick/common/eeconfig.o
                0x0000000000002e98                eeconfig_init_quantum
 .text.eeconfig_init
                0x0000000000002f46        0x4 .build/obj_squiggle_rev1_rick/common/eeconfig.o
                0x0000000000002f46                eeconfig_init
 .text.eeconfig_update_handedness
                0x0000000000002f4a        0xa .build/obj_squiggle_rev1_rick/common/eeconfig.o
                0x0000000000002f4a                eeconfig_update_handedness
 .text.has_anykey
                0x0000000000002f54       0x24 .build/obj_squiggle_rev1_rick/common/report.o
                0x0000000000002f54                has_anykey
 .text.is_key_pressed
                0x0000000000002f78       0x1e .build/obj_squiggle_rev1_rick/common/report.o
                0x0000000000002f78                is_key_pressed
 .text.add_key_byte
                0x0000000000002f96       0x34 .build/obj_squiggle_rev1_rick/common/report.o
                0x0000000000002f96                add_key_byte
 .text.del_key_byte
                0x0000000000002fca       0x1a .build/obj_squiggle_rev1_rick/common/report.o
                0x0000000000002fca                del_key_byte
 .text.add_key_to_report
                0x0000000000002fe4        0x4 .build/obj_squiggle_rev1_rick/common/report.o
                0x0000000000002fe4                add_key_to_report
 .text.del_key_from_report
                0x0000000000002fe8        0x4 .build/obj_squiggle_rev1_rick/common/report.o
                0x0000000000002fe8                del_key_from_report
 .text.clear_keys_from_report
                0x0000000000002fec        0xe .build/obj_squiggle_rev1_rick/common/report.o
                0x0000000000002fec                clear_keys_from_report
 .text.matrix_power_up
                0x0000000000002ffa        0x2 .build/obj_squiggle_rev1_rick/common/avr/suspend.o
                0x0000000000002ffa                matrix_power_up
 .text.suspend_power_down_user
                0x0000000000002ffc        0x2 .build/obj_squiggle_rev1_rick/common/avr/suspend.o
                0x0000000000002ffc                suspend_power_down_user
 .text.suspend_power_down_kb
                0x0000000000002ffe        0x4 .build/obj_squiggle_rev1_rick/common/avr/suspend.o
                0x0000000000002ffe                suspend_power_down_kb
 .text.suspend_power_down
                0x0000000000003002       0x60 .build/obj_squiggle_rev1_rick/common/avr/suspend.o
                0x0000000000003002                suspend_power_down
 .text.matrix_power_down
                0x0000000000003062        0x2 .build/obj_squiggle_rev1_rick/common/avr/suspend.o
                0x0000000000003062                matrix_power_down
 .text.suspend_wakeup_condition
                0x0000000000003064       0x28 .build/obj_squiggle_rev1_rick/common/avr/suspend.o
                0x0000000000003064                suspend_wakeup_condition
 .text.suspend_wakeup_init_user
                0x000000000000308c        0x2 .build/obj_squiggle_rev1_rick/common/avr/suspend.o
                0x000000000000308c                suspend_wakeup_init_user
 .text.suspend_wakeup_init_kb
                0x000000000000308e        0x4 .build/obj_squiggle_rev1_rick/common/avr/suspend.o
                0x000000000000308e                suspend_wakeup_init_kb
 .text.suspend_wakeup_init
                0x0000000000003092       0x10 .build/obj_squiggle_rev1_rick/common/avr/suspend.o
                0x0000000000003092                suspend_wakeup_init
 .text.__vector_12
                0x00000000000030a2       0x4e .build/obj_squiggle_rev1_rick/common/avr/suspend.o
                0x00000000000030a2                __vector_12
 .text.timer_init
                0x00000000000030f0       0x12 .build/obj_squiggle_rev1_rick/common/avr/timer.o
                0x00000000000030f0                timer_init
 .text.timer_read
                0x0000000000003102       0x18 .build/obj_squiggle_rev1_rick/common/avr/timer.o
                0x0000000000003102                timer_read
 .text.timer_elapsed
                0x000000000000311a       0x1e .build/obj_squiggle_rev1_rick/common/avr/timer.o
                0x000000000000311a                timer_elapsed
 .text.__vector_21
                0x0000000000003138       0x48 .build/obj_squiggle_rev1_rick/common/avr/timer.o
                0x0000000000003138                __vector_21
 .text.bootloader_jump
                0x0000000000003180       0x22 .build/obj_squiggle_rev1_rick/common/avr/bootloader.o
                0x0000000000003180                bootloader_jump
 .text.magic    0x00000000000031a2       0x44 .build/obj_squiggle_rev1_rick/common/magic.o
                0x00000000000031a2                magic
 .text.keyboard_leds
                0x00000000000031e6        0x6 .build/obj_squiggle_rev1_rick/lufa.o
 .text.send_mouse
                0x00000000000031ec        0x2 .build/obj_squiggle_rev1_rick/lufa.o
 .text.send_system
                0x00000000000031ee        0x2 .build/obj_squiggle_rev1_rick/lufa.o
 .text.sendchar
                0x00000000000031f0       0xc4 .build/obj_squiggle_rev1_rick/lufa.o
                0x00000000000031f0                sendchar
 .text.send_keyboard
                0x00000000000032b4       0x5a .build/obj_squiggle_rev1_rick/lufa.o
 .text.send_consumer
                0x000000000000330e        0x2 .build/obj_squiggle_rev1_rick/lufa.o
 .text.EVENT_USB_Device_Connect
                0x0000000000003310       0x24 .build/obj_squiggle_rev1_rick/lufa.o
                0x0000000000003310                EVENT_USB_Device_Connect
 .text.EVENT_USB_Device_Disconnect
                0x0000000000003334        0xe .build/obj_squiggle_rev1_rick/lufa.o
                0x0000000000003334                EVENT_USB_Device_Disconnect
 .text.EVENT_USB_Device_Reset
                0x0000000000003342        0x8 .build/obj_squiggle_rev1_rick/lufa.o
                0x0000000000003342                EVENT_USB_Device_Reset
 .text.EVENT_USB_Device_Suspend
                0x000000000000334a        0x8 .build/obj_squiggle_rev1_rick/lufa.o
                0x000000000000334a                EVENT_USB_Device_Suspend
 .text.EVENT_USB_Device_WakeUp
                0x0000000000003352        0xc .build/obj_squiggle_rev1_rick/lufa.o
                0x0000000000003352                EVENT_USB_Device_WakeUp
 .text.EVENT_USB_Device_StartOfFrame
                0x000000000000335e       0x82 .build/obj_squiggle_rev1_rick/lufa.o
                0x000000000000335e                EVENT_USB_Device_StartOfFrame
 .text.EVENT_USB_Device_ConfigurationChanged
                0x00000000000033e0       0x14 .build/obj_squiggle_rev1_rick/lufa.o
                0x00000000000033e0                EVENT_USB_Device_ConfigurationChanged
 .text.EVENT_USB_Device_ControlRequest
                0x00000000000033f4      0x16e .build/obj_squiggle_rev1_rick/lufa.o
                0x00000000000033f4                EVENT_USB_Device_ControlRequest
 .text.startup.main
                0x0000000000003562       0x96 .build/obj_squiggle_rev1_rick/lufa.o
                0x0000000000003562                main
 .text.CALLBACK_USB_GetDescriptor
                0x00000000000035f8        0x4 .build/obj_squiggle_rev1_rick/lufa.o
                0x00000000000035f8                CALLBACK_USB_GetDescriptor
 .text.get_usb_descriptor
                0x00000000000035fc       0xd8 .build/obj_squiggle_rev1_rick/usb_descriptor.o
                0x00000000000035fc                get_usb_descriptor
 .text.USB_Device_SendRemoteWakeup
                0x00000000000036d4       0x2c .build/obj_squiggle_rev1_rick/lib/lufa/LUFA/Drivers/USB/Core/AVR8/Device_AVR8.o
                0x00000000000036d4                USB_Device_SendRemoteWakeup
 .text.Endpoint_Write_Stream_LE
                0x0000000000003700       0x9e .build/obj_squiggle_rev1_rick/lib/lufa/LUFA/Drivers/USB/Core/AVR8/EndpointStream_AVR8.o
                0x0000000000003700                Endpoint_Write_Stream_LE
 .text.Endpoint_Write_Control_Stream_LE
                0x000000000000379e       0xbc .build/obj_squiggle_rev1_rick/lib/lufa/LUFA/Drivers/USB/Core/AVR8/EndpointStream_AVR8.o
                0x000000000000379e                Endpoint_Write_Control_Stream_LE
 .text.Endpoint_Write_Control_PStream_LE
                0x000000000000385a       0xbe .build/obj_squiggle_rev1_rick/lib/lufa/LUFA/Drivers/USB/Core/AVR8/EndpointStream_AVR8.o
                0x000000000000385a                Endpoint_Write_Control_PStream_LE
 .text.Endpoint_ConfigureEndpoint_Prv
                0x0000000000003918       0x68 .build/obj_squiggle_rev1_rick/lib/lufa/LUFA/Drivers/USB/Core/AVR8/Endpoint_AVR8.o
                0x0000000000003918                Endpoint_ConfigureEndpoint_Prv
 .text.Endpoint_ClearStatusStage
                0x0000000000003980       0x3e .build/obj_squiggle_rev1_rick/lib/lufa/LUFA/Drivers/USB/Core/AVR8/Endpoint_AVR8.o
                0x0000000000003980                Endpoint_ClearStatusStage
 .text.Endpoint_WaitUntilReady
                0x00000000000039be       0x62 .build/obj_squiggle_rev1_rick/lib/lufa/LUFA/Drivers/USB/Core/AVR8/Endpoint_AVR8.o
                0x00000000000039be                Endpoint_WaitUntilReady
 .text.USB_Disable
                0x0000000000003a20       0x34 .build/obj_squiggle_rev1_rick/lib/lufa/LUFA/Drivers/USB/Core/AVR8/USBController_AVR8.o
                0x0000000000003a20                USB_Disable
 .text.USB_ResetInterface
                0x0000000000003a54       0x86 .build/obj_squiggle_rev1_rick/lib/lufa/LUFA/Drivers/USB/Core/AVR8/USBController_AVR8.o
                0x0000000000003a54                USB_ResetInterface
 .text.USB_Init
                0x0000000000003ada       0x22 .build/obj_squiggle_rev1_rick/lib/lufa/LUFA/Drivers/USB/Core/AVR8/USBController_AVR8.o
                0x0000000000003ada                USB_Init
 .text.USB_INT_DisableAllInterrupts
                0x0000000000003afc       0x10 .build/obj_squiggle_rev1_rick/lib/lufa/LUFA/Drivers/USB/Core/AVR8/USBInterrupt_AVR8.o
                0x0000000000003afc                USB_INT_DisableAllInterrupts
 .text.USB_INT_ClearAllInterrupts
                0x0000000000003b0c        0xa .build/obj_squiggle_rev1_rick/lib/lufa/LUFA/Drivers/USB/Core/AVR8/USBInterrupt_AVR8.o
                0x0000000000003b0c                USB_INT_ClearAllInterrupts
 .text.__vector_10
                0x0000000000003b16      0x1a8 .build/obj_squiggle_rev1_rick/lib/lufa/LUFA/Drivers/USB/Core/AVR8/USBInterrupt_AVR8.o
                0x0000000000003b16                __vector_10
 .text.__vector_11
                0x0000000000003cbe       0x88 .build/obj_squiggle_rev1_rick/lib/lufa/LUFA/Drivers/USB/Core/AVR8/USBInterrupt_AVR8.o
                0x0000000000003cbe                __vector_11
 .text.USB_Device_ProcessControlRequest
                0x0000000000003d46      0x2a4 .build/obj_squiggle_rev1_rick/lib/lufa/LUFA/Drivers/USB/Core/DeviceStandardReq.o
                0x0000000000003d46                USB_Device_ProcessControlRequest
 .text.USB_USBTask
                0x0000000000003fea       0x36 .build/obj_squiggle_rev1_rick/lib/lufa/LUFA/Drivers/USB/Core/USBTask.o
                0x0000000000003fea                USB_USBTask
 .text.libgcc.div
                0x0000000000004020       0x18 /usr/local/Cellar/avr-gcc@8/8.4.0/lib/avr-gcc/8/gcc/avr/8.4.0/avr5/libgcc.a(_udivmodqi4.o)
                0x0000000000004020                __udivmodqi4
 .text.libgcc   0x0000000000004038        0xc /usr/local/Cellar/avr-gcc@8/8.4.0/lib/avr-gcc/8/gcc/avr/8.4.0/avr5/libgcc.a(_tablejump2.o)
                0x0000000000004038                __tablejump2__
 .text.avr-libc
                0x0000000000004044       0x10 /usr/local/Cellar/avr-gcc@8/8.4.0/lib/avr-gcc/8/gcc/avr/8.4.0/../../../../../../avr/lib/avr5/libatmega32u4.a(eerd_byte.o)
                0x0000000000004044                eeprom_read_byte
 .text.avr-libc
                0x0000000000004054        0xc /usr/local/Cellar/avr-gcc@8/8.4.0/lib/avr-gcc/8/gcc/avr/8.4.0/../../../../../../avr/lib/avr5/libatmega32u4.a(eerd_word.o)
                0x0000000000004054                eeprom_read_word
 .text.avr-libc
                0x0000000000004060       0x24 /usr/local/Cellar/avr-gcc@8/8.4.0/lib/avr-gcc/8/gcc/avr/8.4.0/../../../../../../avr/lib/avr5/libatmega32u4.a(eeupd_byte.o)
                0x0000000000004060                eeprom_update_byte
                0x0000000000004062                eeprom_update_r18
 .text.avr-libc
                0x0000000000004084       0x18 /usr/local/Cellar/avr-gcc@8/8.4.0/lib/avr-gcc/8/gcc/avr/8.4.0/../../../../../../avr/lib/avr5/libatmega32u4.a(eeupd_dword.o)
                0x0000000000004084                eeprom_update_dword
                0x0000000000004084                eeprom_update_float
 .text.avr-libc
                0x000000000000409c        0xc /usr/local/Cellar/avr-gcc@8/8.4.0/lib/avr-gcc/8/gcc/avr/8.4.0/../../../../../../avr/lib/avr5/libatmega32u4.a(eeupd_word.o)
                0x000000000000409c                eeprom_update_word
 .text.avr-libc
                0x00000000000040a8       0x20 /usr/local/Cellar/avr-gcc@8/8.4.0/lib/avr-gcc/8/gcc/avr/8.4.0/../../../../../../avr/lib/avr5/libatmega32u4.a(eerd_block.o)
                0x00000000000040a8                eeprom_read_block
                0x00000000000040ac                eeprom_read_blraw
                0x00000000000040c8                . = ALIGN (0x2)
 *(.fini9)
 .fini9         0x00000000000040c8        0x0 /usr/local/Cellar/avr-gcc@8/8.4.0/lib/avr-gcc/8/gcc/avr/8.4.0/avr5/libgcc.a(_exit.o)
                0x00000000000040c8                exit
                0x00000000000040c8                _exit
 *(.fini9)
 *(.fini8)
 *(.fini8)
 *(.fini7)
 *(.fini7)
 *(.fini6)
 *(.fini6)
 *(.fini5)
 *(.fini5)
 *(.fini4)
 *(.fini4)
 *(.fini3)
 *(.fini3)
 *(.fini2)
 *(.fini2)
 *(.fini1)
 *(.fini1)
 *(.fini0)
 .fini0         0x00000000000040c8        0x4 /usr/local/Cellar/avr-gcc@8/8.4.0/lib/avr-gcc/8/gcc/avr/8.4.0/avr5/libgcc.a(_exit.o)
 *(.fini0)
 *(.hightext)
 *(.hightext*)
 *(.progmemx.*)
                0x00000000000040cc                . = ALIGN (0x2)
 *(.jumptables)
 *(.jumptables*)
 .jumptables.gcc.process_action
                0x00000000000040cc       0x18 .build/obj_squiggle_rev1_rick/common/action.o
 .jumptables.gcc.is_tap_action
                0x00000000000040e4       0x1c .build/obj_squiggle_rev1_rick/common/action.o
 .jumptables.gcc.USB_Device_ProcessControlRequest
                0x0000000000004100       0x14 .build/obj_squiggle_rev1_rick/lib/lufa/LUFA/Drivers/USB/Core/DeviceStandardReq.o
                0x0000000000004114                _etext = .

.data           0x0000000000800100       0xe2 load address 0x0000000000004114
                0x0000000000800100                PROVIDE (__data_start = .)
 *(.data)
 *(.data*)
 .data.key_combos
                0x0000000000800100       0xbe .build/obj_squiggle_rev1_rick/keyboards/squiggle/keymaps/rick/keymap.o
                0x0000000000800100                key_combos
 .data.isLeftHand
                0x00000000008001be        0x1 .build/obj_squiggle_rev1_rick/quantum/split_common/split_util.o
                0x00000000008001be                isLeftHand
 .data.transactions
                0x00000000008001bf        0x8 .build/obj_squiggle_rev1_rick/quantum/split_common/transport.o
                0x00000000008001bf                transactions
 .data.b_combo_enable
                0x00000000008001c7        0x1 .build/obj_squiggle_rev1_rick/quantum/process_keycode/process_combo.o
 .data.keyboard_report
                0x00000000008001c8        0x2 .build/obj_squiggle_rev1_rick/common/action_util.o
                0x00000000008001c8                keyboard_report
 .data.lufa_driver
                0x00000000008001ca        0xa .build/obj_squiggle_rev1_rick/lufa.o
                0x00000000008001ca                lufa_driver
 .data.keyboard_protocol
                0x00000000008001d4        0x1 .build/obj_squiggle_rev1_rick/lufa.o
                0x00000000008001d4                keyboard_protocol
 *(.gnu.linkonce.d*)
 *(.rodata)
 *(.rodata*)
 .rodata.col_pins
                0x00000000008001d5        0x5 .build/obj_squiggle_rev1_rick/quantum/split_common/matrix.o
 .rodata.row_pins
                0x00000000008001da        0x8 .build/obj_squiggle_rev1_rick/quantum/split_common/matrix.o
 *(.gnu.linkonce.r*)
                0x00000000008001e2                . = ALIGN (0x2)
                0x00000000008001e2                _edata = .
                0x00000000008001e2                PROVIDE (__data_end = .)

.bss            0x00000000008001e2       0xd3
                0x00000000008001e2                PROVIDE (__bss_start = .)
 *(.bss)
 .bss           0x00000000008001e2        0x2 .build/obj_squiggle_rev1_rick/common/avr/xprintf.o
                0x00000000008001e2                xfunc_out
 *(.bss*)
 .bss.error_count.3766
                0x00000000008001e4        0x1 .build/obj_squiggle_rev1_rick/quantum/split_common/matrix.o
 .bss.debouncing_time
                0x00000000008001e5        0x2 .build/obj_squiggle_rev1_rick/quantum/debounce/sym_defer_g.o
 .bss.debouncing
                0x00000000008001e7        0x1 .build/obj_squiggle_rev1_rick/quantum/debounce/sym_defer_g.o
 .bss.usbstate.6014
                0x00000000008001e8        0x1 .build/obj_squiggle_rev1_rick/quantum/split_common/split_util.o
 .bss.status0   0x00000000008001e9        0x1 .build/obj_squiggle_rev1_rick/quantum/split_common/transport.o
                0x00000000008001e9                status0
 .bss.serial_m2s_buffer
                0x00000000008001ea        0x0 .build/obj_squiggle_rev1_rick/quantum/split_common/transport.o
                0x00000000008001ea                serial_m2s_buffer
 .bss.serial_s2m_buffer
                0x00000000008001ea        0x4 .build/obj_squiggle_rev1_rick/quantum/split_common/transport.o
                0x00000000008001ea                serial_s2m_buffer
 .bss.sc_timer  0x00000000008001ee        0x2 .build/obj_squiggle_rev1_rick/quantum/process_keycode/process_space_cadet.o
 .bss.sc_last   0x00000000008001f0        0x1 .build/obj_squiggle_rev1_rick/quantum/process_keycode/process_space_cadet.o
 .bss.grave_esc_was_shifted
                0x00000000008001f1        0x1 .build/obj_squiggle_rev1_rick/quantum/process_keycode/process_grave_esc.o
 .bss.key_buffer
                0x00000000008001f2       0x10 .build/obj_squiggle_rev1_rick/quantum/process_keycode/process_combo.o
 .bss.buffer_size
                0x0000000000800202        0x1 .build/obj_squiggle_rev1_rick/quantum/process_keycode/process_combo.o
 .bss.is_active
                0x0000000000800203        0x1 .build/obj_squiggle_rev1_rick/quantum/process_keycode/process_combo.o
 .bss.drop_buffer
                0x0000000000800204        0x1 .build/obj_squiggle_rev1_rick/quantum/process_keycode/process_combo.o
 .bss.current_combo_index
                0x0000000000800205        0x2 .build/obj_squiggle_rev1_rick/quantum/process_keycode/process_combo.o
 .bss.timer     0x0000000000800207        0x2 .build/obj_squiggle_rev1_rick/quantum/process_keycode/process_combo.o
 .bss.Transaction_table
                0x0000000000800209        0x2 .build/obj_squiggle_rev1_rick/serial.a(serial.o)
 .bss.last_consumer_report
                0x000000000080020b        0x2 .build/obj_squiggle_rev1_rick/common/host.o
 .bss.last_system_report
                0x000000000080020d        0x2 .build/obj_squiggle_rev1_rick/common/host.o
 .bss.driver    0x000000000080020f        0x2 .build/obj_squiggle_rev1_rick/common/host.o
 .bss.led_status.3005
                0x0000000000800211        0x1 .build/obj_squiggle_rev1_rick/common/keyboard.o
 .bss.matrix_prev.3004
                0x0000000000800212        0x8 .build/obj_squiggle_rev1_rick/common/keyboard.o
 .bss.disable_action_cache
                0x000000000080021a        0x1 .build/obj_squiggle_rev1_rick/common/action.o
                0x000000000080021a                disable_action_cache
 .bss.waiting_buffer_tail
                0x000000000080021b        0x1 .build/obj_squiggle_rev1_rick/common/action_tapping.o
 .bss.waiting_buffer_head
                0x000000000080021c        0x1 .build/obj_squiggle_rev1_rick/common/action_tapping.o
 .bss.waiting_buffer
                0x000000000080021d       0x30 .build/obj_squiggle_rev1_rick/common/action_tapping.o
 .bss.tapping_key
                0x000000000080024d        0x6 .build/obj_squiggle_rev1_rick/common/action_tapping.o
 .bss.source_layers_cache
                0x0000000000800253       0x19 .build/obj_squiggle_rev1_rick/common/action_layer.o
                0x0000000000800253                source_layers_cache
 .bss.layer_state
                0x000000000080026c        0x4 .build/obj_squiggle_rev1_rick/common/action_layer.o
                0x000000000080026c                layer_state
 .bss.default_layer_state
                0x0000000000800270        0x4 .build/obj_squiggle_rev1_rick/common/action_layer.o
                0x0000000000800270                default_layer_state
 .bss.oneshot_layer_data
                0x0000000000800274        0x1 .build/obj_squiggle_rev1_rick/common/action_util.o
 .bss.oneshot_mods
                0x0000000000800275        0x1 .build/obj_squiggle_rev1_rick/common/action_util.o
 .bss.__compound_literal.0
                0x0000000000800276        0x8 .build/obj_squiggle_rev1_rick/common/action_util.o
 .bss.macro_mods
                0x000000000080027e        0x1 .build/obj_squiggle_rev1_rick/common/action_util.o
 .bss.weak_mods
                0x000000000080027f        0x1 .build/obj_squiggle_rev1_rick/common/action_util.o
 .bss.real_mods
                0x0000000000800280        0x1 .build/obj_squiggle_rev1_rick/common/action_util.o
 .bss.debug_config
                0x0000000000800281        0x1 .build/obj_squiggle_rev1_rick/common/debug.o
                0x0000000000800281                debug_config
 .bss.wdt_timeout
                0x0000000000800282        0x1 .build/obj_squiggle_rev1_rick/common/avr/suspend.o
 .bss.timeouted.6178
                0x0000000000800283        0x1 .build/obj_squiggle_rev1_rick/lufa.o
 .bss.count.6123
                0x0000000000800284        0x1 .build/obj_squiggle_rev1_rick/lufa.o
 .bss.console_flush
                0x0000000000800285        0x1 .build/obj_squiggle_rev1_rick/lufa.o
 .bss.keyboard_report_sent
                0x0000000000800286        0x8 .build/obj_squiggle_rev1_rick/lufa.o
 .bss.keyboard_led_state
                0x000000000080028e        0x1 .build/obj_squiggle_rev1_rick/lufa.o
 .bss.keyboard_idle
                0x000000000080028f        0x1 .build/obj_squiggle_rev1_rick/lufa.o
                0x000000000080028f                keyboard_idle
 *(COMMON)
 COMMON         0x0000000000800290       0x10 .build/obj_squiggle_rev1_rick/quantum/matrix_common.o
                0x0000000000800290                raw_matrix
                0x0000000000800298                matrix
 COMMON         0x00000000008002a0        0x2 .build/obj_squiggle_rev1_rick/quantum/split_common/matrix.o
                0x00000000008002a0                thatHand
                0x00000000008002a1                thisHand
 COMMON         0x00000000008002a2        0x4 .build/obj_squiggle_rev1_rick/common/avr/timer.o
                0x00000000008002a2                timer_count
 COMMON         0x00000000008002a6        0x2 .build/obj_squiggle_rev1_rick/common/magic.o
                0x00000000008002a6                keymap_config
 COMMON         0x00000000008002a8        0x3 .build/obj_squiggle_rev1_rick/lib/lufa/LUFA/Drivers/USB/Core/DeviceStandardReq.o
                0x00000000008002a8                USB_Device_ConfigurationNumber
                0x00000000008002a9                USB_Device_CurrentlySelfPowered
                0x00000000008002aa                USB_Device_RemoteWakeupEnabled
 COMMON         0x00000000008002ab        0xa .build/obj_squiggle_rev1_rick/lib/lufa/LUFA/Drivers/USB/Core/USBTask.o
                0x00000000008002ab                USB_IsInitialized
                0x00000000008002ac                USB_DeviceState
                0x00000000008002ad                USB_ControlRequest
                0x00000000008002b5                PROVIDE (__bss_end = .)
                0x0000000000004114                __data_load_start = LOADADDR (.data)
                0x00000000000041f6                __data_load_end = (__data_load_start + SIZEOF (.data))

.noinit         0x00000000008002b5        0x4
                [!provide]                        PROVIDE (__noinit_start = .)
 *(.noinit*)
 .noinit        0x00000000008002b5        0x4 .build/obj_squiggle_rev1_rick/common/avr/bootloader.o
                0x00000000008002b5                reset_key
                [!provide]                        PROVIDE (__noinit_end = .)
                0x00000000008002b9                _end = .
                [!provide]                        PROVIDE (__heap_start = .)

.eeprom         0x0000000000810000        0x0
 *(.eeprom*)
                0x0000000000810000                __eeprom_end = .

.fuse
 *(.fuse)
 *(.lfuse)
 *(.hfuse)
 *(.efuse)

.lock
 *(.lock*)

.signature
 *(.signature*)

.stab           0x0000000000000000      0x8b8
 *(.stab)
 .stab          0x0000000000000000      0x8b8 .build/obj_squiggle_rev1_rick/common/avr/xprintf.o

.stabstr        0x0000000000000000       0x9a
 *(.stabstr)
 .stabstr       0x0000000000000000       0x9a .build/obj_squiggle_rev1_rick/common/avr/xprintf.o

.stab.excl
 *(.stab.excl)

.stab.exclstr
 *(.stab.exclstr)

.stab.index
 *(.stab.index)

.stab.indexstr
 *(.stab.indexstr)

.comment        0x0000000000000000       0x24
 *(.comment)
 .comment       0x0000000000000000       0x24 .build/obj_squiggle_rev1_rick/keyboards/squiggle/keymaps/rick/keymap.o
                                         0x25 (size before relaxing)
 .comment       0x0000000000000024       0x25 .build/obj_squiggle_rev1_rick/quantum/quantum.o
 .comment       0x0000000000000024       0x25 .build/obj_squiggle_rev1_rick/quantum/keymap_common.o
 .comment       0x0000000000000024       0x25 .build/obj_squiggle_rev1_rick/quantum/keycode_config.o
 .comment       0x0000000000000024       0x25 .build/obj_squiggle_rev1_rick/quantum/matrix_common.o
 .comment       0x0000000000000024       0x25 .build/obj_squiggle_rev1_rick/quantum/split_common/matrix.o
 .comment       0x0000000000000024       0x25 .build/obj_squiggle_rev1_rick/quantum/debounce/sym_defer_g.o
 .comment       0x0000000000000024       0x25 .build/obj_squiggle_rev1_rick/quantum/split_common/split_util.o
 .comment       0x0000000000000024       0x25 .build/obj_squiggle_rev1_rick/quantum/split_common/transport.o
 .comment       0x0000000000000024       0x25 .build/obj_squiggle_rev1_rick/quantum/process_keycode/process_space_cadet.o
 .comment       0x0000000000000024       0x25 .build/obj_squiggle_rev1_rick/quantum/process_keycode/process_magic.o
 .comment       0x0000000000000024       0x25 .build/obj_squiggle_rev1_rick/quantum/process_keycode/process_grave_esc.o
 .comment       0x0000000000000024       0x25 .build/obj_squiggle_rev1_rick/quantum/process_keycode/process_combo.o
 .comment       0x0000000000000024       0x25 .build/obj_squiggle_rev1_rick/serial.a(serial.o)
 .comment       0x0000000000000024       0x25 .build/obj_squiggle_rev1_rick/common/host.o
 .comment       0x0000000000000024       0x25 .build/obj_squiggle_rev1_rick/common/keyboard.o
 .comment       0x0000000000000024       0x25 .build/obj_squiggle_rev1_rick/common/action.o
 .comment       0x0000000000000024       0x25 .build/obj_squiggle_rev1_rick/common/action_tapping.o
 .comment       0x0000000000000024       0x25 .build/obj_squiggle_rev1_rick/common/action_layer.o
 .comment       0x0000000000000024       0x25 .build/obj_squiggle_rev1_rick/common/action_util.o
 .comment       0x0000000000000024       0x25 .build/obj_squiggle_rev1_rick/common/print.o
 .comment       0x0000000000000024       0x25 .build/obj_squiggle_rev1_rick/common/debug.o
 .comment       0x0000000000000024       0x25 .build/obj_squiggle_rev1_rick/common/util.o
 .comment       0x0000000000000024       0x25 .build/obj_squiggle_rev1_rick/common/eeconfig.o
 .comment       0x0000000000000024       0x25 .build/obj_squiggle_rev1_rick/common/report.o
 .comment       0x0000000000000024       0x25 .build/obj_squiggle_rev1_rick/common/avr/suspend.o
 .comment       0x0000000000000024       0x25 .build/obj_squiggle_rev1_rick/common/avr/timer.o
 .comment       0x0000000000000024       0x25 .build/obj_squiggle_rev1_rick/common/avr/bootloader.o
 .comment       0x0000000000000024       0x25 .build/obj_squiggle_rev1_rick/common/magic.o
 .comment       0x0000000000000024       0x25 .build/obj_squiggle_rev1_rick/lufa.o
 .comment       0x0000000000000024       0x25 .build/obj_squiggle_rev1_rick/usb_descriptor.o
 .comment       0x0000000000000024       0x25 .build/obj_squiggle_rev1_rick/lib/lufa/LUFA/Drivers/USB/Core/AVR8/Device_AVR8.o
 .comment       0x0000000000000024       0x25 .build/obj_squiggle_rev1_rick/lib/lufa/LUFA/Drivers/USB/Core/AVR8/EndpointStream_AVR8.o
 .comment       0x0000000000000024       0x25 .build/obj_squiggle_rev1_rick/lib/lufa/LUFA/Drivers/USB/Core/AVR8/Endpoint_AVR8.o
 .comment       0x0000000000000024       0x25 .build/obj_squiggle_rev1_rick/lib/lufa/LUFA/Drivers/USB/Core/AVR8/USBController_AVR8.o
 .comment       0x0000000000000024       0x25 .build/obj_squiggle_rev1_rick/lib/lufa/LUFA/Drivers/USB/Core/AVR8/USBInterrupt_AVR8.o
 .comment       0x0000000000000024       0x25 .build/obj_squiggle_rev1_rick/lib/lufa/LUFA/Drivers/USB/Core/DeviceStandardReq.o
 .comment       0x0000000000000024       0x25 .build/obj_squiggle_rev1_rick/lib/lufa/LUFA/Drivers/USB/Core/USBTask.o

.note.gnu.avr.deviceinfo
                0x0000000000000000       0x40
 .note.gnu.avr.deviceinfo
                0x0000000000000000       0x40 /usr/local/Cellar/avr-gcc@8/8.4.0/lib/avr-gcc/8/gcc/avr/8.4.0/../../../../../../avr/lib/avr5/crtatmega32u4.o

.note.gnu.build-id
 *(.note.gnu.build-id)

.debug
 *(.debug)

.line
 *(.line)

.debug_srcinfo
 *(.debug_srcinfo)

.debug_sfnames
 *(.debug_sfnames)

.debug_aranges  0x0000000000000000      0xe48
 *(.debug_aranges)
 .debug_aranges
                0x0000000000000000       0x18 .build/obj_squiggle_rev1_rick/keyboards/squiggle/keymaps/rick/keymap.o
 .debug_aranges
                0x0000000000000018      0x140 .build/obj_squiggle_rev1_rick/quantum/quantum.o
 .debug_aranges
                0x0000000000000158       0x40 .build/obj_squiggle_rev1_rick/quantum/keymap_common.o
 .debug_aranges
                0x0000000000000198       0x28 .build/obj_squiggle_rev1_rick/quantum/keycode_config.o
 .debug_aranges
                0x00000000000001c0       0x90 .build/obj_squiggle_rev1_rick/quantum/matrix_common.o
 .debug_aranges
                0x0000000000000250       0x38 .build/obj_squiggle_rev1_rick/quantum/split_common/matrix.o
 .debug_aranges
                0x0000000000000288       0x30 .build/obj_squiggle_rev1_rick/quantum/debounce/sym_defer_g.o
 .debug_aranges
                0x00000000000002b8       0x38 .build/obj_squiggle_rev1_rick/quantum/split_common/split_util.o
 .debug_aranges
                0x00000000000002f0       0x38 .build/obj_squiggle_rev1_rick/quantum/split_common/transport.o
 .debug_aranges
                0x0000000000000328       0x28 .build/obj_squiggle_rev1_rick/quantum/process_keycode/process_space_cadet.o
 .debug_aranges
                0x0000000000000350       0x20 .build/obj_squiggle_rev1_rick/quantum/process_keycode/process_magic.o
 .debug_aranges
                0x0000000000000370       0x20 .build/obj_squiggle_rev1_rick/quantum/process_keycode/process_grave_esc.o
 .debug_aranges
                0x0000000000000390       0x58 .build/obj_squiggle_rev1_rick/quantum/process_keycode/process_combo.o
 .debug_aranges
                0x00000000000003e8       0x68 .build/obj_squiggle_rev1_rick/serial.a(serial.o)
 .debug_aranges
                0x0000000000000450       0x68 .build/obj_squiggle_rev1_rick/common/host.o
 .debug_aranges
                0x00000000000004b8       0x68 .build/obj_squiggle_rev1_rick/common/keyboard.o
 .debug_aranges
                0x0000000000000520       0xd0 .build/obj_squiggle_rev1_rick/common/action.o
 .debug_aranges
                0x00000000000005f0       0x50 .build/obj_squiggle_rev1_rick/common/action_tapping.o
 .debug_aranges
                0x0000000000000640       0xe0 .build/obj_squiggle_rev1_rick/common/action_layer.o
 .debug_aranges
                0x0000000000000720      0x140 .build/obj_squiggle_rev1_rick/common/action_util.o
 .debug_aranges
                0x0000000000000860       0x20 .build/obj_squiggle_rev1_rick/common/print.o
 .debug_aranges
                0x0000000000000880       0x18 .build/obj_squiggle_rev1_rick/common/debug.o
 .debug_aranges
                0x0000000000000898       0x60 .build/obj_squiggle_rev1_rick/common/util.o
 .debug_aranges
                0x00000000000008f8       0xe8 .build/obj_squiggle_rev1_rick/common/eeconfig.o
 .debug_aranges
                0x00000000000009e0       0x58 .build/obj_squiggle_rev1_rick/common/report.o
 .debug_aranges
                0x0000000000000a38       0x58 .build/obj_squiggle_rev1_rick/common/avr/suspend.o
 .debug_aranges
                0x0000000000000a90       0x50 .build/obj_squiggle_rev1_rick/common/avr/timer.o
 .debug_aranges
                0x0000000000000ae0       0x28 .build/obj_squiggle_rev1_rick/common/avr/bootloader.o
 .debug_aranges
                0x0000000000000b08       0x20 .build/obj_squiggle_rev1_rick/common/magic.o
 .debug_aranges
                0x0000000000000b28       0x90 .build/obj_squiggle_rev1_rick/lufa.o
 .debug_aranges
                0x0000000000000bb8       0x20 .build/obj_squiggle_rev1_rick/usb_descriptor.o
 .debug_aranges
                0x0000000000000bd8       0x20 .build/obj_squiggle_rev1_rick/lib/lufa/LUFA/Drivers/USB/Core/AVR8/Device_AVR8.o
 .debug_aranges
                0x0000000000000bf8       0xc8 .build/obj_squiggle_rev1_rick/lib/lufa/LUFA/Drivers/USB/Core/AVR8/EndpointStream_AVR8.o
 .debug_aranges
                0x0000000000000cc0       0x40 .build/obj_squiggle_rev1_rick/lib/lufa/LUFA/Drivers/USB/Core/AVR8/Endpoint_AVR8.o
 .debug_aranges
                0x0000000000000d00       0x30 .build/obj_squiggle_rev1_rick/lib/lufa/LUFA/Drivers/USB/Core/AVR8/USBController_AVR8.o
 .debug_aranges
                0x0000000000000d30       0x38 .build/obj_squiggle_rev1_rick/lib/lufa/LUFA/Drivers/USB/Core/AVR8/USBInterrupt_AVR8.o
 .debug_aranges
                0x0000000000000d68       0x20 .build/obj_squiggle_rev1_rick/lib/lufa/LUFA/Drivers/USB/Core/DeviceStandardReq.o
 .debug_aranges
                0x0000000000000d88       0x20 .build/obj_squiggle_rev1_rick/lib/lufa/LUFA/Drivers/USB/Core/USBTask.o
 .debug_aranges
                0x0000000000000da8       0x20 /usr/local/Cellar/avr-gcc@8/8.4.0/lib/avr-gcc/8/gcc/avr/8.4.0/avr5/libgcc.a(_udivmodqi4.o)
 .debug_aranges
                0x0000000000000dc8       0x20 /usr/local/Cellar/avr-gcc@8/8.4.0/lib/avr-gcc/8/gcc/avr/8.4.0/avr5/libgcc.a(_exit.o)
 .debug_aranges
                0x0000000000000de8       0x20 /usr/local/Cellar/avr-gcc@8/8.4.0/lib/avr-gcc/8/gcc/avr/8.4.0/avr5/libgcc.a(_tablejump2.o)
 .debug_aranges
                0x0000000000000e08       0x20 /usr/local/Cellar/avr-gcc@8/8.4.0/lib/avr-gcc/8/gcc/avr/8.4.0/avr5/libgcc.a(_copy_data.o)
 .debug_aranges
                0x0000000000000e28       0x20 /usr/local/Cellar/avr-gcc@8/8.4.0/lib/avr-gcc/8/gcc/avr/8.4.0/avr5/libgcc.a(_clear_bss.o)

.debug_pubnames
 *(.debug_pubnames)

.debug_info     0x0000000000000000    0x1d728
 *(.debug_info .gnu.linkonce.wi.*)
 .debug_info    0x0000000000000000      0x9f4 /usr/local/Cellar/avr-gcc@8/8.4.0/lib/avr-gcc/8/gcc/avr/8.4.0/../../../../../../avr/lib/avr5/crtatmega32u4.o
 .debug_info    0x00000000000009f4     0x1598 .build/obj_squiggle_rev1_rick/keyboards/squiggle/keymaps/rick/keymap.o
 .debug_info    0x0000000000001f8c     0x2a2c .build/obj_squiggle_rev1_rick/quantum/quantum.o
 .debug_info    0x00000000000049b8     0x1b30 .build/obj_squiggle_rev1_rick/quantum/keymap_common.o
 .debug_info    0x00000000000064e8      0x63c .build/obj_squiggle_rev1_rick/quantum/keycode_config.o
 .debug_info    0x0000000000006b24      0x71c .build/obj_squiggle_rev1_rick/quantum/matrix_common.o
 .debug_info    0x0000000000007240      0x9ab .build/obj_squiggle_rev1_rick/quantum/split_common/matrix.o
 .debug_info    0x0000000000007beb      0x54d .build/obj_squiggle_rev1_rick/quantum/debounce/sym_defer_g.o
 .debug_info    0x0000000000008138      0x7df .build/obj_squiggle_rev1_rick/quantum/split_common/split_util.o
 .debug_info    0x0000000000008917      0x6bf .build/obj_squiggle_rev1_rick/quantum/split_common/transport.o
 .debug_info    0x0000000000008fd6     0x15aa .build/obj_squiggle_rev1_rick/quantum/process_keycode/process_space_cadet.o
 .debug_info    0x000000000000a580     0x1063 .build/obj_squiggle_rev1_rick/quantum/process_keycode/process_magic.o
 .debug_info    0x000000000000b5e3     0x14c3 .build/obj_squiggle_rev1_rick/quantum/process_keycode/process_grave_esc.o
 .debug_info    0x000000000000caa6     0x1630 .build/obj_squiggle_rev1_rick/quantum/process_keycode/process_combo.o
 .debug_info    0x000000000000e0d6      0xcdb .build/obj_squiggle_rev1_rick/serial.a(serial.o)
 .debug_info    0x000000000000edb1      0x6a7 .build/obj_squiggle_rev1_rick/common/host.o
 .debug_info    0x000000000000f458      0x81e .build/obj_squiggle_rev1_rick/common/keyboard.o
 .debug_info    0x000000000000fc76     0x1be4 .build/obj_squiggle_rev1_rick/common/action.o
 .debug_info    0x000000000001185a     0x104f .build/obj_squiggle_rev1_rick/common/action_tapping.o
 .debug_info    0x00000000000128a9      0xcba .build/obj_squiggle_rev1_rick/common/action_layer.o
 .debug_info    0x0000000000013563      0xba8 .build/obj_squiggle_rev1_rick/common/action_util.o
 .debug_info    0x000000000001410b       0xdf .build/obj_squiggle_rev1_rick/common/print.o
 .debug_info    0x00000000000141ea      0x130 .build/obj_squiggle_rev1_rick/common/debug.o
 .debug_info    0x000000000001431a      0x2f9 .build/obj_squiggle_rev1_rick/common/util.o
 .debug_info    0x0000000000014613      0x8e9 .build/obj_squiggle_rev1_rick/common/eeconfig.o
 .debug_info    0x0000000000014efc      0x9af .build/obj_squiggle_rev1_rick/common/report.o
 .debug_info    0x00000000000158ab      0x71a .build/obj_squiggle_rev1_rick/common/avr/suspend.o
 .debug_info    0x0000000000015fc5      0x443 .build/obj_squiggle_rev1_rick/common/avr/timer.o
 .debug_info    0x0000000000016408      0x357 .build/obj_squiggle_rev1_rick/common/avr/bootloader.o
 .debug_info    0x000000000001675f      0x3b8 .build/obj_squiggle_rev1_rick/common/magic.o
 .debug_info    0x0000000000016b17     0x1b12 .build/obj_squiggle_rev1_rick/lufa.o
 .debug_info    0x0000000000018629      0x9e3 .build/obj_squiggle_rev1_rick/usb_descriptor.o
 .debug_info    0x000000000001900c      0x1c0 .build/obj_squiggle_rev1_rick/lib/lufa/LUFA/Drivers/USB/Core/AVR8/Device_AVR8.o
 .debug_info    0x00000000000191cc     0x1da4 .build/obj_squiggle_rev1_rick/lib/lufa/LUFA/Drivers/USB/Core/AVR8/EndpointStream_AVR8.o
 .debug_info    0x000000000001af70      0x75d .build/obj_squiggle_rev1_rick/lib/lufa/LUFA/Drivers/USB/Core/AVR8/Endpoint_AVR8.o
 .debug_info    0x000000000001b6cd      0x606 .build/obj_squiggle_rev1_rick/lib/lufa/LUFA/Drivers/USB/Core/AVR8/USBController_AVR8.o
 .debug_info    0x000000000001bcd3      0xa43 .build/obj_squiggle_rev1_rick/lib/lufa/LUFA/Drivers/USB/Core/AVR8/USBInterrupt_AVR8.o
 .debug_info    0x000000000001c716      0xc59 .build/obj_squiggle_rev1_rick/lib/lufa/LUFA/Drivers/USB/Core/DeviceStandardReq.o
 .debug_info    0x000000000001d36f      0x2fb .build/obj_squiggle_rev1_rick/lib/lufa/LUFA/Drivers/USB/Core/USBTask.o
 .debug_info    0x000000000001d66a       0x26 /usr/local/Cellar/avr-gcc@8/8.4.0/lib/avr-gcc/8/gcc/avr/8.4.0/avr5/libgcc.a(_udivmodqi4.o)
 .debug_info    0x000000000001d690       0x26 /usr/local/Cellar/avr-gcc@8/8.4.0/lib/avr-gcc/8/gcc/avr/8.4.0/avr5/libgcc.a(_exit.o)
 .debug_info    0x000000000001d6b6       0x26 /usr/local/Cellar/avr-gcc@8/8.4.0/lib/avr-gcc/8/gcc/avr/8.4.0/avr5/libgcc.a(_tablejump2.o)
 .debug_info    0x000000000001d6dc       0x26 /usr/local/Cellar/avr-gcc@8/8.4.0/lib/avr-gcc/8/gcc/avr/8.4.0/avr5/libgcc.a(_copy_data.o)
 .debug_info    0x000000000001d702       0x26 /usr/local/Cellar/avr-gcc@8/8.4.0/lib/avr-gcc/8/gcc/avr/8.4.0/avr5/libgcc.a(_clear_bss.o)

.debug_abbrev   0x0000000000000000     0x64d3
 *(.debug_abbrev)
 .debug_abbrev  0x0000000000000000      0x96a /usr/local/Cellar/avr-gcc@8/8.4.0/lib/avr-gcc/8/gcc/avr/8.4.0/../../../../../../avr/lib/avr5/crtatmega32u4.o
 .debug_abbrev  0x000000000000096a      0x15a .build/obj_squiggle_rev1_rick/keyboards/squiggle/keymaps/rick/keymap.o
 .debug_abbrev  0x0000000000000ac4      0x476 .build/obj_squiggle_rev1_rick/quantum/quantum.o
 .debug_abbrev  0x0000000000000f3a      0x2b8 .build/obj_squiggle_rev1_rick/quantum/keymap_common.o
 .debug_abbrev  0x00000000000011f2      0x119 .build/obj_squiggle_rev1_rick/quantum/keycode_config.o
 .debug_abbrev  0x000000000000130b      0x355 .build/obj_squiggle_rev1_rick/quantum/matrix_common.o
 .debug_abbrev  0x0000000000001660      0x33b .build/obj_squiggle_rev1_rick/quantum/split_common/matrix.o
 .debug_abbrev  0x000000000000199b      0x1d5 .build/obj_squiggle_rev1_rick/quantum/debounce/sym_defer_g.o
 .debug_abbrev  0x0000000000001b70      0x2bf .build/obj_squiggle_rev1_rick/quantum/split_common/split_util.o
 .debug_abbrev  0x0000000000001e2f      0x23f .build/obj_squiggle_rev1_rick/quantum/split_common/transport.o
 .debug_abbrev  0x000000000000206e      0x1e8 .build/obj_squiggle_rev1_rick/quantum/process_keycode/process_space_cadet.o
 .debug_abbrev  0x0000000000002256      0x184 .build/obj_squiggle_rev1_rick/quantum/process_keycode/process_magic.o
 .debug_abbrev  0x00000000000023da      0x1d2 .build/obj_squiggle_rev1_rick/quantum/process_keycode/process_grave_esc.o
 .debug_abbrev  0x00000000000025ac      0x377 .build/obj_squiggle_rev1_rick/quantum/process_keycode/process_combo.o
 .debug_abbrev  0x0000000000002923      0x39b .build/obj_squiggle_rev1_rick/serial.a(serial.o)
 .debug_abbrev  0x0000000000002cbe      0x242 .build/obj_squiggle_rev1_rick/common/host.o
 .debug_abbrev  0x0000000000002f00      0x292 .build/obj_squiggle_rev1_rick/common/keyboard.o
 .debug_abbrev  0x0000000000003192      0x466 .build/obj_squiggle_rev1_rick/common/action.o
 .debug_abbrev  0x00000000000035f8      0x383 .build/obj_squiggle_rev1_rick/common/action_tapping.o
 .debug_abbrev  0x000000000000397b      0x328 .build/obj_squiggle_rev1_rick/common/action_layer.o
 .debug_abbrev  0x0000000000003ca3      0x32f .build/obj_squiggle_rev1_rick/common/action_util.o
 .debug_abbrev  0x0000000000003fd2       0x9f .build/obj_squiggle_rev1_rick/common/print.o
 .debug_abbrev  0x0000000000004071       0xbb .build/obj_squiggle_rev1_rick/common/debug.o
 .debug_abbrev  0x000000000000412c       0xdd .build/obj_squiggle_rev1_rick/common/util.o
 .debug_abbrev  0x0000000000004209      0x135 .build/obj_squiggle_rev1_rick/common/eeconfig.o
 .debug_abbrev  0x000000000000433e      0x1f9 .build/obj_squiggle_rev1_rick/common/report.o
 .debug_abbrev  0x0000000000004537      0x312 .build/obj_squiggle_rev1_rick/common/avr/suspend.o